
Discarded input sections

 .data          0x0000000000000000        0x0 arch/arm/cpu/armv8/start.o
 .bss           0x0000000000000000        0x0 arch/arm/cpu/armv8/start.o
 .text.sdelay   0x0000000000000000        0xc arch/arm/cpu/armv8/built-in.o
 .text.timer_read_counter
                0x0000000000000000        0xc arch/arm/cpu/armv8/built-in.o
 .text.usec2ticks
                0x0000000000000000       0x44 arch/arm/cpu/armv8/built-in.o
 .text.set_one_region
                0x0000000000000000       0xd4 arch/arm/cpu/armv8/built-in.o
 .text.flush_dcache_all
                0x0000000000000000       0x14 arch/arm/cpu/armv8/built-in.o
 .text.arch_get_page_table
                0x0000000000000000       0x20 arch/arm/cpu/armv8/built-in.o
 .text.mmu_set_region_dcache_behaviour
                0x0000000000000000       0xa8 arch/arm/cpu/armv8/built-in.o
 .text.mmu_change_region_attr
                0x0000000000000000       0xe8 arch/arm/cpu/armv8/built-in.o
 .text.icache_status
                0x0000000000000000       0x34 arch/arm/cpu/armv8/built-in.o
 .rodata.arch_get_page_table.str1.1
                0x0000000000000000       0x1e arch/arm/cpu/armv8/built-in.o
 .rodata.mmu_set_region_dcache_behaviour.str1.1
                0x0000000000000000       0x20 arch/arm/cpu/armv8/built-in.o
 .rodata.set_one_region.str1.1
                0x0000000000000000       0x2e arch/arm/cpu/armv8/built-in.o
 .data          0x0000000000000000        0x0 arch/arm/cpu/armv8/built-in.o
 .bss           0x0000000000000000        0x0 arch/arm/cpu/armv8/built-in.o
 .text.armv7_boot_nonsec_default
                0x0000000000000000        0x8 arch/arm/lib/built-in.o
 .text.reset_misc
                0x0000000000000000        0x4 arch/arm/lib/built-in.o
 .text.enable_caches
                0x0000000000000000        0xc arch/arm/lib/built-in.o
 .text.invalidate_dcache_range
                0x0000000000000000        0x4 arch/arm/lib/built-in.o
 .text.flush_dcache_range
                0x0000000000000000        0x4 arch/arm/lib/built-in.o
 .text.flush_dcache_all
                0x0000000000000000        0xc arch/arm/lib/built-in.o
 .text.check_cache_range
                0x0000000000000000       0x48 arch/arm/lib/built-in.o
 .text.fdt_psci
                0x0000000000000000        0x8 arch/arm/lib/built-in.o
 .rodata.check_cache_range.str1.1
                0x0000000000000000       0x35 arch/arm/lib/built-in.o
 .rodata.enable_caches.str1.1
                0x0000000000000000       0x1d arch/arm/lib/built-in.o
 .data          0x0000000000000000        0x0 arch/arm/lib/built-in.o
 .__end         0x0000000000000000        0x0 arch/arm/lib/built-in.o
 .__secure_end  0x0000000000000000        0x0 arch/arm/lib/built-in.o
 .__secure_stack_end
                0x0000000000000000        0x0 arch/arm/lib/built-in.o
 .__secure_stack_start
                0x0000000000000000        0x0 arch/arm/lib/built-in.o
 .__secure_start
                0x0000000000000000        0x0 arch/arm/lib/built-in.o
 .bss           0x0000000000000000        0x0 arch/arm/lib/built-in.o
 .text          0x0000000000000000        0x0 arch/arm/mach-sunxi/built-in.o
 .text.gtbus_init
                0x0000000000000000        0x4 arch/arm/mach-sunxi/built-in.o
 .text.clock_twi_onoff
                0x0000000000000000       0x90 arch/arm/mach-sunxi/built-in.o
 .text.sunxi_get_sram_id
                0x0000000000000000       0x30 arch/arm/mach-sunxi/built-in.o
 .text.mctl_await_completion
                0x0000000000000000       0x64 arch/arm/mach-sunxi/built-in.o
 .text.mctl_mem_matches
                0x0000000000000000       0x40 arch/arm/mach-sunxi/built-in.o
 .text.sunxi_gpio_get_cfgpin
                0x0000000000000000       0x34 arch/arm/mach-sunxi/built-in.o
 .text.sunxi_usb_phy_enable_squelch_detect
                0x0000000000000000       0xa8 arch/arm/mach-sunxi/built-in.o
 .text.sunxi_usb_phy_power_off
                0x0000000000000000       0x34 arch/arm/mach-sunxi/built-in.o
 .text.sunxi_usb_phy_vbus_detect
                0x0000000000000000       0x78 arch/arm/mach-sunxi/built-in.o
 .text.sunxi_usb_phy_id_detect
                0x0000000000000000       0x24 arch/arm/mach-sunxi/built-in.o
 .text.sunxi_usb_phy_remove
                0x0000000000000000       0x68 arch/arm/mach-sunxi/built-in.o
 .text.prcm_apb0_enable
                0x0000000000000000       0x24 arch/arm/mach-sunxi/built-in.o
 .text.prcm_apb0_disable
                0x0000000000000000       0x28 arch/arm/mach-sunxi/built-in.o
 .text.rsb_await_trans
                0x0000000000000000       0x80 arch/arm/mach-sunxi/built-in.o
 .text.rsb_do_trans
                0x0000000000000000       0x18 arch/arm/mach-sunxi/built-in.o
 .text.rsb_init
                0x0000000000000000       0xd8 arch/arm/mach-sunxi/built-in.o
 .text.rsb_set_device_address
                0x0000000000000000       0x30 arch/arm/mach-sunxi/built-in.o
 .text.rsb_write
                0x0000000000000000       0x48 arch/arm/mach-sunxi/built-in.o
[...]
Memory Configuration

Name             Origin             Length             Attributes
*default*        0x0000000000000000 0xffffffffffffffff

Linker script and memory map

Address of section .text set to 0x4a000000
                0x0000000000000000                . = 0x0
                0x0000000000000000                . = ALIGN (0x8)

.text           0x000000004a000000    0x46de0
 *(.__image_copy_start)
 .__image_copy_start
                0x000000004a000000        0x0 arch/arm/lib/built-in.o
                0x000000004a000000                __image_copy_start
 arch/arm/cpu/armv8/start.o(.text*)
 .text          0x000000004a000000      0x1c0 arch/arm/cpu/armv8/start.o
                0x000000004a000000                _start
                0x000000004a0000b8                _TEXT_BASE
                0x000000004a0000c0                _end_ofs
                0x000000004a0000c8                _bss_start_ofs
                0x000000004a0000d0                _bss_end_ofs
                0x000000004a0000dc                save_boot_params_ret
                0x000000004a000144                apply_core_errata
                0x000000004a000174                smp_kick_all_cpus
                0x000000004a000178                c_runtime_cpu_setup
                0x000000004a0001b0                save_boot_params
 *(.text*)
 *fill*         0x000000004a0001c0      0x640 
 .text          0x000000004a000800      0xc34 arch/arm/cpu/armv8/built-in.o
                0x000000004a000800                vectors
                0x000000004a001038                __asm_dcache_level
                0x000000004a00109c                __asm_dcache_all
                0x000000004a0010fc                __asm_flush_dcache_all
                0x000000004a001104                __asm_invalidate_dcache_all
                0x000000004a00110c                __asm_flush_dcache_range
                0x000000004a001140                __asm_invalidate_icache_all
                0x000000004a00114c                __asm_invalidate_l3_dcache
                0x000000004a001154                __asm_flush_l3_dcache
                0x000000004a00115c                __asm_invalidate_l3_icache
                0x000000004a001164                __asm_switch_ttbr
                0x000000004a001244                __asm_invalidate_tlb_all
                0x000000004a001290                armv8_switch_to_el2
                0x000000004a00131c                armv8_switch_to_el1
                0x000000004a0013c0                armv8_el2_to_aarch32
                0x000000004a001418                lowlevel_init
 .text.cleanup_before_linux
                0x000000004a001434       0x28 arch/arm/cpu/armv8/built-in.o
                0x000000004a001434                cleanup_before_linux
 .text.get_tbclk
                0x000000004a00145c        0x8 arch/arm/cpu/armv8/built-in.o
                0x000000004a00145c                get_tbclk
 .text.get_ticks
                0x000000004a001464       0x10 arch/arm/cpu/armv8/built-in.o
                0x000000004a001464                get_ticks
 .text.count_required_pts
                0x000000004a001474       0xf8 arch/arm/cpu/armv8/built-in.o
 .text.create_table
                0x000000004a00156c       0x70 arch/arm/cpu/armv8/built-in.o
 .text.split_block
                0x000000004a0015dc       0xa0 arch/arm/cpu/armv8/built-in.o
 .text.get_tcr  0x000000004a00167c       0xe8 arch/arm/cpu/armv8/built-in.o
                0x000000004a00167c                get_tcr
 .text.find_pte
                0x000000004a001764       0x94 arch/arm/cpu/armv8/built-in.o
 .text.get_page_table_size
                0x000000004a0017f8       0x4c arch/arm/cpu/armv8/built-in.o
                0x000000004a0017f8                get_page_table_size
 .text.setup_pgtables
                0x000000004a001844      0x15c arch/arm/cpu/armv8/built-in.o
                0x000000004a001844                setup_pgtables
 .text.mmu_setup
                0x000000004a0019a0      0x13c arch/arm/cpu/armv8/built-in.o
                0x000000004a0019a0                mmu_setup
 .text.invalidate_dcache_all
                0x000000004a001adc       0x14 arch/arm/cpu/armv8/built-in.o
                0x000000004a001adc                invalidate_dcache_all
 .text.invalidate_dcache_range
                0x000000004a001af0        0x4 arch/arm/cpu/armv8/built-in.o
                0x000000004a001af0                invalidate_dcache_range
 .text.flush_dcache_range
                0x000000004a001af4        0x4 arch/arm/cpu/armv8/built-in.o
                0x000000004a001af4                flush_dcache_range
 .text.dcache_enable
                0x000000004a001af8      0x110 arch/arm/cpu/armv8/built-in.o
                0x000000004a001af8                dcache_enable
 .text.dcache_disable
                0x000000004a001c08       0x84 arch/arm/cpu/armv8/built-in.o
                0x000000004a001c08                dcache_disable
 .text.dcache_status
                0x000000004a001c8c       0x34 arch/arm/cpu/armv8/built-in.o
                0x000000004a001c8c                dcache_status
 .text.icache_disable
                0x000000004a001cc0       0x64 arch/arm/cpu/armv8/built-in.o
                0x000000004a001cc0                icache_disable
 .text.invalidate_icache_all
                0x000000004a001d24       0x14 arch/arm/cpu/armv8/built-in.o
                0x000000004a001d24                invalidate_icache_all
 .text.icache_enable
                0x000000004a001d38       0x74 arch/arm/cpu/armv8/built-in.o
                0x000000004a001d38                icache_enable
 .text.enable_caches
                0x000000004a001dac       0x14 arch/arm/cpu/armv8/built-in.o
                0x000000004a001dac                enable_caches
 .text.reset_misc
                0x000000004a001dc0        0xc arch/arm/cpu/armv8/built-in.o
                0x000000004a001dc0                reset_misc
 *fill*         0x000000004a001dcc        0x4 
 .text          0x000000004a001dd0      0x160 arch/arm/lib/built-in.o
                0x000000004a001dd0                _main
                0x000000004a001e58                relocate_code
 .text.arch_fixup_fdt
                0x000000004a001f30       0x30 arch/arm/lib/built-in.o
                0x000000004a001f30                arch_fixup_fdt
 .text.arch_lmb_reserve
                0x000000004a001f60       0x24 arch/arm/lib/built-in.o
                0x000000004a001f60                arch_lmb_reserve
 .text.board_quiesce_devices
                0x000000004a001f84        0x4 arch/arm/lib/built-in.o
                0x000000004a001f84                board_quiesce_devices
 .text.setup_board_tags
                0x000000004a001f88        0x4 arch/arm/lib/built-in.o
                0x000000004a001f88                setup_board_tags
 .text.boot_prep_linux
                0x000000004a001f8c      0x1d0 arch/arm/lib/built-in.o
 .text.update_os_arch_secondary_cores
                0x000000004a00215c        0x4 arch/arm/lib/built-in.o
                0x000000004a00215c                update_os_arch_secondary_cores
 .text.boot_jump_linux
                0x000000004a002160       0xc8 arch/arm/lib/built-in.o
 .text.do_bootm_linux
                0x000000004a002228       0x74 arch/arm/lib/built-in.o
                0x000000004a002228                do_bootm_linux
 .text.boot_prep_vxworks
                0x000000004a00229c       0x50 arch/arm/lib/built-in.o
                0x000000004a00229c                boot_prep_vxworks
 .text.boot_jump_vxworks
                0x000000004a0022ec        0xc arch/arm/lib/built-in.o
                0x000000004a0022ec                boot_jump_vxworks
 .text.arch_reserve_stacks
                0x000000004a0022f8       0x10 arch/arm/lib/built-in.o
                0x000000004a0022f8                arch_reserve_stacks
 .text.interrupt_init
                0x000000004a002308        0x8 arch/arm/lib/built-in.o
                0x000000004a002308                interrupt_init
 .text.enable_interrupts
                0x000000004a002310        0x4 arch/arm/lib/built-in.o
                0x000000004a002310                enable_interrupts
 .text.disable_interrupts
                0x000000004a002314        0x8 arch/arm/lib/built-in.o
                0x000000004a002314                disable_interrupts
 .text.show_regs
                0x000000004a00231c       0x80 arch/arm/lib/built-in.o
                0x000000004a00231c                show_regs
 .text.do_bad_sync
                0x000000004a00239c       0x3c arch/arm/lib/built-in.o
                0x000000004a00239c                do_bad_sync
 .text.do_bad_irq
                0x000000004a0023d8       0x3c arch/arm/lib/built-in.o
                0x000000004a0023d8                do_bad_irq
 .text.do_bad_fiq
                0x000000004a002414       0x3c arch/arm/lib/built-in.o
                0x000000004a002414                do_bad_fiq
 .text.do_bad_error
                0x000000004a002450       0x3c arch/arm/lib/built-in.o
                0x000000004a002450                do_bad_error
 .text.do_sync  0x000000004a00248c       0x3c arch/arm/lib/built-in.o
                0x000000004a00248c                do_sync
 .text.do_irq   0x000000004a0024c8       0x3c arch/arm/lib/built-in.o
                0x000000004a0024c8                do_irq
 .text.do_fiq   0x000000004a002504       0x3c arch/arm/lib/built-in.o
                0x000000004a002504                do_fiq
 .text.do_error
                0x000000004a002540       0x3c arch/arm/lib/built-in.o
                0x000000004a002540                do_error
 .text.do_reset
                0x000000004a00257c       0x38 arch/arm/lib/built-in.o
                0x000000004a00257c                do_reset
 .text.flush_cache
                0x000000004a0025b4        0x8 arch/arm/lib/built-in.o
                0x000000004a0025b4                flush_cache
 .text.s_init   0x000000004a0025bc       0x64 arch/arm/mach-sunxi/built-in.o
                0x000000004a0025bc                s_init
 .text.reset_cpu
                0x000000004a002620       0x2c arch/arm/mach-sunxi/built-in.o
                0x000000004a002620                reset_cpu
 .text.clock_init_sec
                0x000000004a00264c       0x1c arch/arm/mach-sunxi/built-in.o
                0x000000004a002650                clock_init_sec
 .text.clock_init
                0x000000004a002668       0x1c arch/arm/mach-sunxi/built-in.o
                0x000000004a002668                clock_init
 .text.print_cpuinfo
                0x000000004a002684       0x20 arch/arm/mach-sunxi/built-in.o
                0x000000004a002684                print_cpuinfo
 .text.sunxi_get_sid
                0x000000004a0026a4       0x3c arch/arm/mach-sunxi/built-in.o
                0x000000004a0026a4                sunxi_get_sid
 .text.sunxi_gpio_set_cfgbank
                0x000000004a0026e0       0x2c arch/arm/mach-sunxi/built-in.o
                0x000000004a0026e0                sunxi_gpio_set_cfgbank
 .text.sunxi_gpio_set_cfgpin
                0x000000004a00270c       0x3c arch/arm/mach-sunxi/built-in.o
                0x000000004a00270c                sunxi_gpio_set_cfgpin
 .text.sunxi_gpio_get_cfgbank
                0x000000004a002748       0x20 arch/arm/mach-sunxi/built-in.o
                0x000000004a002748                sunxi_gpio_get_cfgbank
 .text.sunxi_gpio_set_drv
                0x000000004a002768       0x64 arch/arm/mach-sunxi/built-in.o
                0x000000004a002768                sunxi_gpio_set_drv
 .text.sunxi_gpio_set_pull
                0x000000004a0027cc       0x64 arch/arm/mach-sunxi/built-in.o
                0x000000004a0027cc                sunxi_gpio_set_pull
 .text.sunxi_usb_phy_init
                0x000000004a002830       0xa0 arch/arm/mach-sunxi/built-in.o
                0x000000004a002830                sunxi_usb_phy_init
 .text.sunxi_usb_phy_exit
                0x000000004a0028d0       0x6c arch/arm/mach-sunxi/built-in.o
                0x000000004a0028d0                sunxi_usb_phy_exit
 .text.sunxi_usb_phy_power_on
                0x000000004a00293c       0x88 arch/arm/mach-sunxi/built-in.o
                0x000000004a00293c                sunxi_usb_phy_power_on
 .text.sunxi_usb_phy_probe
                0x000000004a0029c4      0x10c arch/arm/mach-sunxi/built-in.o
                0x000000004a0029c4                sunxi_usb_phy_probe
 .text.clock_init_uart
                0x000000004a002ad0       0x38 arch/arm/mach-sunxi/built-in.o
                0x000000004a002ad0                clock_init_uart
 .text.clock_get_pll6
                0x000000004a002b08       0x30 arch/arm/mach-sunxi/built-in.o
                0x000000004a002b08                clock_get_pll6
 .text.setup_environment
                0x000000004a002b38      0x188 board/sunxi/built-in.o
 .text.board_init
                0x000000004a002cc0       0x7c board/sunxi/built-in.o
                0x000000004a002cc0                board_init
 .text.dram_init
                0x000000004a002d3c       0x30 board/sunxi/built-in.o
                0x000000004a002d3c                dram_init
 .text.board_mmc_init
                0x000000004a002d6c      0x124 board/sunxi/built-in.o
                0x000000004a002d6c                board_mmc_init
 .text.i2c_init_board
                0x000000004a002e90        0x4 board/sunxi/built-in.o
                0x000000004a002e90                i2c_init_board
 .text.get_board_serial
                0x000000004a002e94       0x48 board/sunxi/built-in.o
                0x000000004a002e94                get_board_serial
 .text.misc_init_r
                0x000000004a002edc       0xf8 board/sunxi/built-in.o
                0x000000004a002edc                misc_init_r
 .text.ft_board_setup
                0x000000004a002fd4       0x18 board/sunxi/built-in.o
                0x000000004a002fd4                ft_board_setup
 .text.do_go_exec
                0x000000004a002fec       0x10 cmd/built-in.o
                0x000000004a002fec                do_go_exec
 .text.do_go    0x000000004a002ffc       0x88 cmd/built-in.o
 .text.do_bootm
                0x000000004a003084      0x108 cmd/built-in.o
                0x000000004a003084                do_bootm
 .text.do_bootd
                0x000000004a00318c       0x2c cmd/built-in.o
                0x000000004a00318c                do_bootd
 .text.image_info
                0x000000004a0031b8      0x128 cmd/built-in.o
 .text.do_iminfo
                0x000000004a0032e0       0x80 cmd/built-in.o
 .text.bootm_maybe_autostart
                0x000000004a003360       0x74 cmd/built-in.o
                0x000000004a003360                bootm_maybe_autostart
 .text.do_help  0x000000004a0033d4       0x3c cmd/built-in.o
 .text.do_version
                0x000000004a003410       0x40 cmd/built-in.o
 .text.source   0x000000004a003450      0x1c8 cmd/built-in.o
                0x000000004a003450                source
 .text.do_source
                0x000000004a003618       0x78 cmd/built-in.o
 .text.print_num
                0x000000004a003690       0x14 cmd/built-in.o
 .text.do_bdinfo
                0x000000004a0036a4       0xec cmd/built-in.o
 .text.bootefi_open_dp
                0x000000004a003790       0x14 cmd/built-in.o
 .text.efi_run_in_el2
                0x000000004a0037a4       0x3c cmd/built-in.o
 .text.do_bootefi_exec
                0x000000004a0037e0      0x2d0 cmd/built-in.o
 .text.do_bootefi
                0x000000004a003ab0       0xa8 cmd/built-in.o
 .text.efi_set_bootdev
                0x000000004a003b58      0x170 cmd/built-in.o
                0x000000004a003b58                efi_set_bootdev
 .text.do_booti
                0x000000004a003cc8      0x194 cmd/built-in.o
                0x000000004a003cc8                do_booti
 .text.do_coninfo
                0x000000004a003e5c       0xdc cmd/built-in.o
 .text.do_echo  0x000000004a003f38       0xd8 cmd/built-in.o
 .text.load_elf_image_shdr
                0x000000004a004010       0xa0 cmd/built-in.o
 .text.valid_elf_image
                0x000000004a0040b0       0x58 cmd/built-in.o
                0x000000004a0040b0                valid_elf_image
 .text.do_bootelf
                0x000000004a004108      0x19c cmd/built-in.o
                0x000000004a004108                do_bootelf
 .text.do_bootvx
                0x000000004a0042a4      0x370 cmd/built-in.o
                0x000000004a0042a4                do_bootvx
 .text.do_exit  0x000000004a004614       0x40 cmd/built-in.o
 .text.do_ext4_size
                0x000000004a004654        0x8 cmd/built-in.o
                0x000000004a004654                do_ext4_size
 .text.do_ext4_load
                0x000000004a00465c        0x8 cmd/built-in.o
                0x000000004a00465c                do_ext4_load
 .text.do_ext4_ls
                0x000000004a004664        0x8 cmd/built-in.o
                0x000000004a004664                do_ext4_ls
 .text.do_ext2load
                0x000000004a00466c        0x8 cmd/built-in.o
                0x000000004a00466c                do_ext2load
 .text.do_ext2ls
                0x000000004a004674        0x8 cmd/built-in.o
 .text.do_fat_size
                0x000000004a00467c        0x8 cmd/built-in.o
                0x000000004a00467c                do_fat_size
 .text.do_fat_fsload
                0x000000004a004684        0x8 cmd/built-in.o
                0x000000004a004684                do_fat_fsload
 .text.do_fat_ls
                0x000000004a00468c        0x8 cmd/built-in.o
 .text.do_fat_fsinfo
                0x000000004a004694       0x94 cmd/built-in.o
 .text.do_fat_fswrite
                0x000000004a004728      0x120 cmd/built-in.o
 .text.fdt_valid
                0x000000004a004848       0xcc cmd/built-in.o
 .text.is_printable_string
                0x000000004a004914       0x80 cmd/built-in.o
 .text.print_data
                0x000000004a004994      0x1b8 cmd/built-in.o
 .text.set_working_fdt_addr
                0x000000004a004b4c       0x18 cmd/built-in.o
                0x000000004a004b4c                set_working_fdt_addr
 .text.do_fdt   0x000000004a004b64      0xeec cmd/built-in.o
 .text.do_size_wrapper
                0x000000004a005a50        0x8 cmd/built-in.o
 .text.do_load_wrapper
                0x000000004a005a58       0x80 cmd/built-in.o
 .text.do_save_wrapper
                0x000000004a005ad8        0x8 cmd/built-in.o
 .text.do_ls_wrapper
                0x000000004a005ae0        0x8 cmd/built-in.o
 .text.do_fstype_wrapper
                0x000000004a005ae8        0x4 cmd/built-in.o
 .text.gpio_get_description
                0x000000004a005aec       0xc8 cmd/built-in.o
 .text.do_gpio  0x000000004a005bb4      0x35c cmd/built-in.o
 .text.evalexp  0x000000004a005f10       0x94 cmd/built-in.o
 .text.evalstr  0x000000004a005fa4       0x5c cmd/built-in.o
 .text.binary_test
                0x000000004a006000      0x1ac cmd/built-in.o
 .text.do_itest
                0x000000004a0061ac       0x90 cmd/built-in.o
 .text.bin_data_init
                0x000000004a00623c       0x1c cmd/built-in.o
 .text.k_data_save
                0x000000004a006258       0x34 cmd/built-in.o
 .text.k_data_restore
                0x000000004a00628c       0x34 cmd/built-in.o
 .text.getcxmodem
                0x000000004a0062c0       0x24 cmd/built-in.o
 .text.load_serial_ymodem
                0x000000004a0062e4       0xf0 cmd/built-in.o
 .text.bin_data_char
                0x000000004a0063d4       0x28 cmd/built-in.o
 .text.chk1.constprop.1
                0x000000004a0063fc       0x34 cmd/built-in.o
 .text.s1_sendpacket.constprop.2
                0x000000004a006430       0x60 cmd/built-in.o
 .text.load_serial
                0x000000004a006490      0x1e4 cmd/built-in.o
 .text.do_load_serial
                0x000000004a006674       0xe4 cmd/built-in.o
 .text.do_load_serial_bin
                0x000000004a006758      0x7dc cmd/built-in.o
 .text.do_mem_loop
                0x000000004a006f34      0x144 cmd/built-in.o
 .text.do_mem_md
                0x000000004a007078       0xf4 cmd/built-in.o
 .text.do_mem_cmp
                0x000000004a00716c      0x1ac cmd/built-in.o
 .text.do_mem_base
                0x000000004a007318       0x4c cmd/built-in.o
 .text.do_mem_mw
                0x000000004a007364      0x108 cmd/built-in.o
 .text.do_mem_cp
                0x000000004a00746c       0xc0 cmd/built-in.o
 .text.do_mem_crc
                0x000000004a00752c       0x30 cmd/built-in.o
 .text.mod_mem.isra.0
                0x000000004a00755c      0x1d8 cmd/built-in.o
 .text.do_mem_mm
                0x000000004a007734        0x8 cmd/built-in.o
 .text.do_mem_nm
                0x000000004a00773c        0x8 cmd/built-in.o
 .text.extract_range
                0x000000004a007744       0xf8 cmd/built-in.o
 .text.do_mii   0x000000004a00783c      0x8f4 cmd/built-in.o
 .text.do_mdio  0x000000004a008130      0x4a0 cmd/built-in.o
 .text.do_sleep
                0x000000004a0085d0       0xe8 cmd/built-in.o
 .text.do_mmcops
                0x000000004a0086b8       0xd0 cmd/built-in.o
 .text.init_mmc_device
                0x000000004a008788       0x64 cmd/built-in.o
 .text.do_mmc_rescan
                0x000000004a0087ec       0x28 cmd/built-in.o
 .text.do_mmc_hwpartition
                0x000000004a008814      0x4f0 cmd/built-in.o
 .text.do_mmc_list
                0x000000004a008d04       0x1c cmd/built-in.o
 .text.do_mmc_dev
                0x000000004a008d20      0x14c cmd/built-in.o
 .text.do_mmc_part
                0x000000004a008e6c       0x64 cmd/built-in.o
 .text.do_mmc_erase
                0x000000004a008ed0      0x10c cmd/built-in.o
 .text.do_mmc_write
                0x000000004a008fdc      0x12c cmd/built-in.o
 .text.do_mmc_read
                0x000000004a009108      0x110 cmd/built-in.o
 .text.do_mmcinfo
                0x000000004a009218      0x384 cmd/built-in.o
 .text.do_mmc_setdsr
                0x000000004a00959c       0xbc cmd/built-in.o
 .text.netboot_common
                0x000000004a009658      0x270 cmd/built-in.o
 .text.do_bootp
                0x000000004a0098c8        0xc cmd/built-in.o
 .text.do_dhcp  0x000000004a0098d4        0xc cmd/built-in.o
 .text.do_nfs   0x000000004a0098e0        0xc cmd/built-in.o
 .text.do_tftpb
                0x000000004a0098ec       0x58 cmd/built-in.o
                0x000000004a0098ec                do_tftpb
 .text.do_ping  0x000000004a009944       0x7c cmd/built-in.o
 .text.do_part_list
                0x000000004a0099c0      0x18c cmd/built-in.o
 .text.do_part_start
                0x000000004a009b4c       0xd8 cmd/built-in.o
 .text.do_part_size
                0x000000004a009c24       0xd8 cmd/built-in.o
 .text.do_part  0x000000004a009cfc      0x114 cmd/built-in.o
 .text.eol_or_eof
                0x000000004a009e10       0x24 cmd/built-in.o
 .text.do_pxe   0x000000004a009e34       0x8c cmd/built-in.o
 .text.label_print
                0x000000004a009ec0       0x1c cmd/built-in.o
 .text.do_get_tftp
                0x000000004a009edc       0x3c cmd/built-in.o
 .text.from_env
                0x000000004a009f18       0x3c cmd/built-in.o
 .text.get_string
                0x000000004a009f54       0xe8 cmd/built-in.o
 .text.label_destroy
                0x000000004a00a03c       0x68 cmd/built-in.o
 .text.destroy_pxe_menu
                0x000000004a00a0a4       0x68 cmd/built-in.o
 .text.get_token
                0x000000004a00a10c      0x134 cmd/built-in.o
 .text.parse_sliteral
                0x000000004a00a240       0x6c cmd/built-in.o
 .text.parse_integer
                0x000000004a00a2ac       0x84 cmd/built-in.o
 .text.do_get_any
                0x000000004a00a330       0x44 cmd/built-in.o
 .text.do_get_fat
                0x000000004a00a374       0x40 cmd/built-in.o
 .text.do_get_ext2
                0x000000004a00a3b4       0x40 cmd/built-in.o
 .text.format_mac_pxe.constprop.6
                0x000000004a00a3f4       0x6c cmd/built-in.o
 .text.get_relfile
                0x000000004a00a460      0x138 cmd/built-in.o
 .text.get_pxe_file
                0x000000004a00a598       0x60 cmd/built-in.o
 .text.handle_include
                0x000000004a00a5f8       0xc4 cmd/built-in.o
 .text.parse_pxefile_top
                0x000000004a00a6bc      0x3f8 cmd/built-in.o
 .text.parse_pxefile
                0x000000004a00aab4       0x7c cmd/built-in.o
 .text.get_pxelinux_path
                0x000000004a00ab30       0x98 cmd/built-in.o
 .text.do_pxe_get
                0x000000004a00abc8      0x16c cmd/built-in.o
 .text.get_relfile_envaddr
                0x000000004a00ad34       0x5c cmd/built-in.o
 .text.label_boot
                0x000000004a00ad90      0x574 cmd/built-in.o
 .text.handle_pxe_menu
                0x000000004a00b304      0x174 cmd/built-in.o
 .text.do_pxe_boot
                0x000000004a00b478       0xf0 cmd/built-in.o
 .text.do_sysboot
                0x000000004a00b568      0x1f4 cmd/built-in.o
 .text.substitute
                0x000000004a00b75c      0x114 cmd/built-in.o
 .text.get_arg  0x000000004a00b870       0x68 cmd/built-in.o
 .text.regex_sub
                0x000000004a00b8d8      0x2d0 cmd/built-in.o
 .text.do_setexpr
                0x000000004a00bba8      0x198 cmd/built-in.o
 .text.do_false
                0x000000004a00bd40        0x8 cmd/built-in.o
 .text.do_true  0x000000004a00bd48        0x8 cmd/built-in.o
 .text.do_test  0x000000004a00bd50      0x360 cmd/built-in.o
 .text.usb_get_class_desc
                0x000000004a00c0b0       0xc0 cmd/built-in.o
 .text.usb_display_class_sub
                0x000000004a00c170      0x18c cmd/built-in.o
 .text.usb_show_tree_graph
                0x000000004a00c2fc      0x1ec cmd/built-in.o
 .text.usb_show_subtree
                0x000000004a00c4e8       0x38 cmd/built-in.o
 .text.usb_for_each_root_dev
                0x000000004a00c520       0x68 cmd/built-in.o
 .text.usb_display_string
                0x000000004a00c588       0x4c cmd/built-in.o
 .text.usb_display_config
                0x000000004a00c5d4      0x270 cmd/built-in.o
 .text.usb_find_device
                0x000000004a00c844       0xb0 cmd/built-in.o
 .text.do_usbboot
                0x000000004a00c8f4        0xc cmd/built-in.o
 .text.usb_display_desc.part.1
                0x000000004a00c900      0x114 cmd/built-in.o
 .text.do_usb_start
                0x000000004a00ca14       0x30 cmd/built-in.o
 .text.usb_show_info
                0x000000004a00ca44       0x64 cmd/built-in.o
 .text.usb_show_tree
                0x000000004a00caa8        0xc cmd/built-in.o
                0x000000004a00caa8                usb_show_tree
 .text.do_usb   0x000000004a00cab4      0x738 cmd/built-in.o
 .text.common_diskboot
                0x000000004a00d1ec      0x2ac cmd/built-in.o
                0x000000004a00d1ec                common_diskboot
 .text.do_imgextract
                0x000000004a00d498      0x3b4 cmd/built-in.o
 .text.do_env_delete
                0x000000004a00d84c       0xbc cmd/built-in.o
 .text.do_env_exists
                0x000000004a00d908       0x60 cmd/built-in.o
 .text.do_env_save
                0x000000004a00d968       0x30 cmd/built-in.o
 .text.do_env   0x000000004a00d998       0x80 cmd/built-in.o
 .text.env_print
                0x000000004a00da18       0xc0 cmd/built-in.o
 .text.do_env_print
                0x000000004a00dad8       0xe0 cmd/built-in.o
 .text.do_env_import
                0x000000004a00dbb8      0x268 cmd/built-in.o
 .text.do_env_default
                0x000000004a00de20       0x90 cmd/built-in.o
 .text._do_env_set.isra.0
                0x000000004a00deb0      0x1b8 cmd/built-in.o
 .text.do_env_set
                0x000000004a00e068       0x20 cmd/built-in.o
 .text.get_env_id
                0x000000004a00e088        0xc cmd/built-in.o
                0x000000004a00e088                get_env_id
 .text.setenv   0x000000004a00e094       0x58 cmd/built-in.o
                0x000000004a00e094                setenv
 .text.setenv_ulong
                0x000000004a00e0ec       0x2c cmd/built-in.o
                0x000000004a00e0ec                setenv_ulong
 .text.setenv_hex
                0x000000004a00e118       0x3c cmd/built-in.o
                0x000000004a00e118                setenv_hex
 .text.do_env_export
                0x000000004a00e154      0x23c cmd/built-in.o
 .text.envmatch
                0x000000004a00e390       0x80 cmd/built-in.o
                0x000000004a00e390                envmatch
 .text.getenv_f
                0x000000004a00e410       0xf0 cmd/built-in.o
                0x000000004a00e410                getenv_f
 .text.getenv   0x000000004a00e500       0x78 cmd/built-in.o
                0x000000004a00e500                getenv
 .text.getenv_hex
                0x000000004a00e578       0x48 cmd/built-in.o
                0x000000004a00e578                getenv_hex
 .text.getenv_ulong
                0x000000004a00e5c0       0x40 cmd/built-in.o
                0x000000004a00e5c0                getenv_ulong
 .text.do_env_edit.part.2
                0x000000004a00e600       0xb4 cmd/built-in.o
 .text.do_env_edit
                0x000000004a00e6b4       0x28 cmd/built-in.o
 .text.board_init_f_alloc_reserve
                0x000000004a00e6dc        0xc common/built-in.o
                0x000000004a00e6dc                board_init_f_alloc_reserve
 .text.board_init_f_init_reserve
                0x000000004a00e6e8       0x30 common/built-in.o
                0x000000004a00e6e8                board_init_f_init_reserve
 .text.show_boot_progress
                0x000000004a00e718        0x8 common/built-in.o
                0x000000004a00e718                show_boot_progress
 .text.main_loop
                0x000000004a00e720       0x6c common/built-in.o
                0x000000004a00e720                main_loop
 .text.mdelay   0x000000004a00e78c       0x30 common/built-in.o
 .text.dummy    0x000000004a00e7bc        0x4 common/built-in.o
 .text.get_version
                0x000000004a00e7c0        0x8 common/built-in.o
                0x000000004a00e7c0                get_version
 .text.jumptable_init
                0x000000004a00e7c8      0x1f0 common/built-in.o
                0x000000004a00e7c8                jumptable_init
 .text.hash_finish_crc32
                0x000000004a00e9b8       0x38 common/built-in.o
 .text.hash_update_crc32
                0x000000004a00e9f0       0x34 common/built-in.o
 .text.hash_init_crc32
                0x000000004a00ea24       0x30 common/built-in.o
 .text.hash_finish_sha256
                0x000000004a00ea54       0x48 common/built-in.o
 .text.hash_update_sha256
                0x000000004a00ea9c       0x24 common/built-in.o
 .text.hash_init_sha256
                0x000000004a00eac0       0x34 common/built-in.o
 .text.hash_finish_sha1
                0x000000004a00eaf4       0x48 common/built-in.o
 .text.hash_update_sha1
                0x000000004a00eb3c       0x24 common/built-in.o
 .text.hash_init_sha1
                0x000000004a00eb60       0x34 common/built-in.o
 .text.hash_lookup_algo
                0x000000004a00eb94       0x78 common/built-in.o
                0x000000004a00eb94                hash_lookup_algo
 .text.hash_command
                0x000000004a00ec0c      0x1d4 common/built-in.o
                0x000000004a00ec0c                hash_command
 .text.b_reset  0x000000004a00ede0       0x18 common/built-in.o
 .text.static_get
                0x000000004a00edf8       0x1c common/built-in.o
 .text.file_peek
                0x000000004a00ee14        0xc common/built-in.o
 .text.mapset   0x000000004a00ee20       0x20 common/built-in.o
 .text.syntax_err
                0x000000004a00ee40        0xc common/built-in.o
 .text.free_pipe_list
                0x000000004a00ee4c       0xf4 common/built-in.o
 .text.xmalloc  0x000000004a00ef40       0x28 common/built-in.o
 .text.new_pipe
                0x000000004a00ef68       0x24 common/built-in.o
 .text.xrealloc
                0x000000004a00ef8c       0x28 common/built-in.o
 .text.done_command
                0x000000004a00efb4       0x94 common/built-in.o
 .text.done_pipe
                0x000000004a00f048       0x50 common/built-in.o
 .text.done_word
                0x000000004a00f098      0x294 common/built-in.o
 .text.do_showvar
                0x000000004a00f32c      0x108 common/built-in.o
 .text.is_assignment
                0x000000004a00f434       0x4c common/built-in.o
 .text.file_get
                0x000000004a00f480      0x200 common/built-in.o
 .text.b_addchr
                0x000000004a00f680       0x94 common/built-in.o
 .text.b_addqchr
                0x000000004a00f714       0x58 common/built-in.o
 .text.static_peek
                0x000000004a00f76c        0xc common/built-in.o
 .text.get_local_var
                0x000000004a00f778       0x9c common/built-in.o
                0x000000004a00f778                get_local_var
 .text.set_local_var
                0x000000004a00f814      0x1a4 common/built-in.o
                0x000000004a00f814                set_local_var
 .text.insert_var_value_sub
                0x000000004a00f9b8      0x2c0 common/built-in.o
 .text.parse_string_outer
                0x000000004a00fc78       0xf4 common/built-in.o
                0x000000004a00fc78                parse_string_outer
 .text.run_list_real
                0x000000004a00fd6c      0x72c common/built-in.o
 .text.parse_stream_outer
                0x000000004a010498      0x67c common/built-in.o
 .text.parse_file_outer
                0x000000004a010b14       0x40 common/built-in.o
                0x000000004a010b14                parse_file_outer
 .text.u_boot_hush_start
                0x000000004a010b54       0x5c common/built-in.o
                0x000000004a010b54                u_boot_hush_start
 .text.bootdelay_process
                0x000000004a010bb0       0xd0 common/built-in.o
                0x000000004a010bb0                bootdelay_process
 .text.autoboot_command
                0x000000004a010c80      0x110 common/built-in.o
                0x000000004a010c80                autoboot_command
 .text.setup_mon_len
                0x000000004a010d90       0x20 common/built-in.o
 .text.reserve_round_4k
                0x000000004a010db0       0x14 common/built-in.o
 .text.reserve_uboot
                0x000000004a010dc4       0x2c common/built-in.o
 .text.reserve_malloc
                0x000000004a010df0       0x1c common/built-in.o
 .text.reserve_global_data
                0x000000004a010e0c       0x1c common/built-in.o
 .text.reserve_fdt
                0x000000004a010e28       0x48 common/built-in.o
 .text.initf_console_record
                0x000000004a010e70        0x8 common/built-in.o
 .text.arch_cpu_init_dm
                0x000000004a010e78        0x8 common/built-in.o
                0x000000004a010e78                arch_cpu_init_dm
 .text.dram_init_banksize
                0x000000004a010e80       0x34 common/built-in.o
                0x000000004a010e80                dram_init_banksize
 .text.reserve_mmu
                0x000000004a010eb4       0x4c common/built-in.o
 .text.announce_dram_init
                0x000000004a010f00       0x20 common/built-in.o
 .text.init_baud_rate
                0x000000004a010f20       0x3c common/built-in.o
 .text.mark_bootstage
                0x000000004a010f5c       0x1c common/built-in.o
 .text.initf_dm
                0x000000004a010f78        0x8 common/built-in.o
 .text.setup_reloc
                0x000000004a010f80       0x48 common/built-in.o
 .text.reloc_fdt
                0x000000004a010fc8       0x44 common/built-in.o
 .text.reserve_board
                0x000000004a01100c       0x48 common/built-in.o
 .text.reserve_arch
                0x000000004a011054        0x8 common/built-in.o
                0x000000004a011054                reserve_arch
 .text.display_text_info
                0x000000004a01105c        0x8 common/built-in.o
 .text.arch_cpu_init
                0x000000004a011064        0x8 common/built-in.o
                0x000000004a011064                arch_cpu_init
 .text.mach_cpu_init
                0x000000004a01106c        0x8 common/built-in.o
                0x000000004a01106c                mach_cpu_init
 .text.reserve_video
                0x000000004a011074        0x8 common/built-in.o
 .text.reserve_trace
                0x000000004a01107c        0x8 common/built-in.o
 .text.setup_machine
                0x000000004a011084        0x8 common/built-in.o
 .text.display_new_sp
                0x000000004a01108c        0x8 common/built-in.o
 .text.board_add_ram_info
                0x000000004a011094        0x4 common/built-in.o
                0x000000004a011094                board_add_ram_info
 .text.show_dram_config
                0x000000004a011098       0x38 common/built-in.o
 .text.board_get_usable_ram_top
                0x000000004a0110d0       0x20 common/built-in.o
                0x000000004a0110d0                board_get_usable_ram_top
 .text.setup_dest_addr
                0x000000004a0110f0       0x4c common/built-in.o
 .text.reserve_stacks
                0x000000004a01113c       0x1c common/built-in.o
 .text.board_init_f
                0x000000004a011158       0x2c common/built-in.o
                0x000000004a011158                board_init_f
 .text.bootstage_relocate
                0x000000004a011184        0x8 common/built-in.o
 .text.initr_reloc
                0x000000004a01118c       0x18 common/built-in.o
 .text.power_init_board
                0x000000004a0111a4        0x8 common/built-in.o
                0x000000004a0111a4                power_init_board
 .text.initr_announce
                0x000000004a0111ac        0x8 common/built-in.o
 .text.init_env_boot_mmc
                0x000000004a0111b4       0x9c common/built-in.o
 .text.run_main_loop
                0x000000004a011250       0x10 common/built-in.o
 .text.initr_net
                0x000000004a011260       0x24 common/built-in.o
 .text.initr_ethaddr
                0x000000004a011284       0x28 common/built-in.o
 .text.initr_enable_interrupts
                0x000000004a0112ac       0x18 common/built-in.o
 .text.initr_jumptable
                0x000000004a0112c4       0x18 common/built-in.o
 .text.initr_env
                0x000000004a0112dc       0x70 common/built-in.o
 .text.initr_mmc
                0x000000004a01134c       0x28 common/built-in.o
 .text.initr_serial
                0x000000004a011374       0x18 common/built-in.o
 .text.initr_bootstage
                0x000000004a01138c       0x1c common/built-in.o
 .text.initr_dm
                0x000000004a0113a8       0x14 common/built-in.o
 .text.initr_malloc
                0x000000004a0113bc       0x2c common/built-in.o
 .text.initr_reloc_global_data
                0x000000004a0113e8       0x3c common/built-in.o
 .text.initr_caches
                0x000000004a011424       0x18 common/built-in.o
 .text.initr_console_record
                0x000000004a01143c        0x8 common/built-in.o
 .text.initr_trace
                0x000000004a011444        0x8 common/built-in.o
 .text.initr_barrier
                0x000000004a01144c        0x8 common/built-in.o
 .text.cpu_secondary_init_r
                0x000000004a011454        0x4 common/built-in.o
                0x000000004a011454                cpu_secondary_init_r
 .text.initr_secondary_cpu
                0x000000004a011458       0x18 common/built-in.o
 .text.nanopi_read_gpio
                0x000000004a011470       0xc8 common/built-in.o
                0x000000004a011470                nanopi_read_gpio
 .text.nanopi_get_board
                0x000000004a011538      0x17c common/built-in.o
                0x000000004a011538                nanopi_get_board
 .text.setup_env_boardtype
                0x000000004a0116b4       0x34 common/built-in.o
 .text.board_init_r
                0x000000004a0116e8       0x18 common/built-in.o
                0x000000004a0116e8                board_init_r
 .text.checkboard
                0x000000004a011700        0x8 common/built-in.o
                0x000000004a011700                checkboard
 .text.show_board_info
                0x000000004a011708       0x3c common/built-in.o
                0x000000004a011708                show_board_info
 .text.bootm_find_images
                0x000000004a011744       0xcc common/built-in.o
                0x000000004a011744                bootm_find_images
 .text.bootm_decomp_image
                0x000000004a011810      0x178 common/built-in.o
                0x000000004a011810                bootm_decomp_image
 .text.bootm_disable_interrupts
                0x000000004a011988       0x28 common/built-in.o
                0x000000004a011988                bootm_disable_interrupts
 .text.do_bootm_states
                0x000000004a0119b0      0x83c common/built-in.o
                0x000000004a0119b0                do_bootm_states
 .text.copy_args
                0x000000004a0121ec       0x74 common/built-in.o
 .text.do_bootm_rtems
                0x000000004a012260       0x60 common/built-in.o
 .text.do_bootm_plan9
                0x000000004a0122c0       0xc8 common/built-in.o
 .text.do_bootm_standalone
                0x000000004a012388       0x74 common/built-in.o
 .text.do_bootm_qnxelf
                0x000000004a0123fc       0x8c common/built-in.o
 .text.do_bootm_netbsd
                0x000000004a012488      0x13c common/built-in.o
 .text.do_bootvx_fdt
                0x000000004a0125c4      0x114 common/built-in.o
                0x000000004a0125c4                do_bootvx_fdt
 .text.do_bootm_vxworks
                0x000000004a0126d8       0x3c common/built-in.o
 .text.arch_preboot_os
                0x000000004a012714        0x4 common/built-in.o
                0x000000004a012714                arch_preboot_os
 .text.boot_selected_os
                0x000000004a012718       0x78 common/built-in.o
                0x000000004a012718                boot_selected_os
 .text.bootm_os_get_boot_func
                0x000000004a012790       0x10 common/built-in.o
                0x000000004a012790                bootm_os_get_boot_func
 .text.regex_callback
                0x000000004a0127a0      0x13c common/built-in.o
 .text.env_attr_walk
                0x000000004a0128dc      0x148 common/built-in.o
                0x000000004a0128dc                env_attr_walk
 .text.env_attr_lookup
                0x000000004a012a24       0x7c common/built-in.o
                0x000000004a012a24                env_attr_lookup
 .text.clear_callback
                0x000000004a012aa0        0xc common/built-in.o
 .text.find_env_callback
                0x000000004a012aac       0x7c common/built-in.o
 .text.on_callbacks
                0x000000004a012b28       0x60 common/built-in.o
 .text.set_callback
                0x000000004a012b88       0x90 common/built-in.o
 .text.env_callback_init
                0x000000004a012c18       0xbc common/built-in.o
                0x000000004a012c18                env_callback_init
 .text.skip_num
                0x000000004a012cd4       0x70 common/built-in.o
 .text.clear_flags
                0x000000004a012d44        0xc common/built-in.o
 .text.on_flags
                0x000000004a012d50       0x60 common/built-in.o
 .text.env_flags_parse_vartype
                0x000000004a012db0       0x58 common/built-in.o
                0x000000004a012db0                env_flags_parse_vartype
 .text.env_flags_parse_varaccess
                0x000000004a012e08       0x5c common/built-in.o
                0x000000004a012e08                env_flags_parse_varaccess
 .text.set_flags
                0x000000004a012e64       0xac common/built-in.o
 .text.eth_validate_ethaddr_str
                0x000000004a012f10       0x98 common/built-in.o
                0x000000004a012f10                eth_validate_ethaddr_str
 .text.env_flags_init
                0x000000004a012fa8       0xc8 common/built-in.o
                0x000000004a012fa8                env_flags_init
 .text.env_flags_validate
                0x000000004a013070      0x278 common/built-in.o
                0x000000004a013070                env_flags_validate
 .text.mmc_get_env_addr
                0x000000004a0132e8       0x14 common/built-in.o
                0x000000004a0132e8                mmc_get_env_addr
 .text.mmc_get_env_dev
                0x000000004a0132fc        0x8 common/built-in.o
                0x000000004a0132fc                mmc_get_env_dev
 .text.env_init
                0x000000004a013304       0x1c common/built-in.o
                0x000000004a013304                env_init
 .text.saveenv  0x000000004a013320      0x12c common/built-in.o
                0x000000004a013320                saveenv
 .text.env_relocate_spec
                0x000000004a01344c       0xf0 common/built-in.o
                0x000000004a01344c                env_relocate_spec
 .text.of_bus_default_map
                0x000000004a01353c       0xa4 common/built-in.o
 .text.of_bus_default_count_cells
                0x000000004a0135e0       0x70 common/built-in.o
                0x000000004a0135e0                of_bus_default_count_cells
 .text.of_bus_default_translate
                0x000000004a013650       0xb8 common/built-in.o
 .text.fdt_getprop_u32_default_node
                0x000000004a013708       0x50 common/built-in.o
                0x000000004a013708                fdt_getprop_u32_default_node
 .text.fdt_find_and_setprop
                0x000000004a013758       0x94 common/built-in.o
                0x000000004a013758                fdt_find_and_setprop
 .text.fdt_find_or_add_subnode
                0x000000004a0137ec       0x74 common/built-in.o
                0x000000004a0137ec                fdt_find_or_add_subnode
 .text.fdt_root
                0x000000004a013860       0x98 common/built-in.o
                0x000000004a013860                fdt_root
 .text.fdt_initrd
                0x000000004a0138f8      0x1b8 common/built-in.o
                0x000000004a0138f8                fdt_initrd
 .text.fdt_chosen
                0x000000004a013ab0       0xf4 common/built-in.o
                0x000000004a013ab0                fdt_chosen
 .text.do_fixup_by_path
                0x000000004a013ba4       0x4c common/built-in.o
                0x000000004a013ba4                do_fixup_by_path
 .text.fdt_fixup_memory_banks
                0x000000004a013bf0      0x1e0 common/built-in.o
                0x000000004a013bf0                fdt_fixup_memory_banks
 .text.fdt_fixup_memory
                0x000000004a013dd0       0x2c common/built-in.o
                0x000000004a013dd0                fdt_fixup_memory
 .text.fdt_fixup_ethernet
                0x000000004a013dfc      0x1ac common/built-in.o
                0x000000004a013dfc                fdt_fixup_ethernet
 .text.fdt_shrink_to_minimum
                0x000000004a013fa8       0xc8 common/built-in.o
                0x000000004a013fa8                fdt_shrink_to_minimum
 .text.fdt_translate_address
                0x000000004a014070      0x28c common/built-in.o
                0x000000004a014070                fdt_translate_address
 .text.miiphy_get_dev_by_name
                0x000000004a0142fc       0x6c common/built-in.o
                0x000000004a0142fc                miiphy_get_dev_by_name
 .text.miiphy_init
                0x000000004a014368       0x1c common/built-in.o
                0x000000004a014368                miiphy_init
 .text.mdio_alloc
                0x000000004a014384       0x3c common/built-in.o
                0x000000004a014384                mdio_alloc
 .text.mdio_register
                0x000000004a0143c0       0x8c common/built-in.o
                0x000000004a0143c0                mdio_register
 .text.mdio_list_devices
                0x000000004a01444c       0xd4 common/built-in.o
                0x000000004a01444c                mdio_list_devices
 .text.miiphy_set_current_dev
                0x000000004a014520       0x48 common/built-in.o
                0x000000004a014520                miiphy_set_current_dev
 .text.miiphy_get_active_dev
                0x000000004a014568       0x60 common/built-in.o
 .text.mdio_get_current_dev
                0x000000004a0145c8        0xc common/built-in.o
                0x000000004a0145c8                mdio_get_current_dev
 .text.mdio_phydev_for_ethname
                0x000000004a0145d4       0xa0 common/built-in.o
                0x000000004a0145d4                mdio_phydev_for_ethname
 .text.miiphy_get_current_dev
                0x000000004a014674       0x18 common/built-in.o
                0x000000004a014674                miiphy_get_current_dev
 .text.miiphy_read
                0x000000004a01468c       0x5c common/built-in.o
                0x000000004a01468c                miiphy_read
 .text.miiphy_write
                0x000000004a0146e8       0x5c common/built-in.o
                0x000000004a0146e8                miiphy_write
 .text.miiphy_listdev
                0x000000004a014744       0x90 common/built-in.o
                0x000000004a014744                miiphy_listdev
 .text.miiphy_info
                0x000000004a0147d4       0xa0 common/built-in.o
                0x000000004a0147d4                miiphy_info
 .text.miiphy_speed
                0x000000004a014874       0xc8 common/built-in.o
                0x000000004a014874                miiphy_speed
 .text.miiphy_duplex
                0x000000004a01493c       0xc8 common/built-in.o
                0x000000004a01493c                miiphy_duplex
 .text.miiphy_is_1000base_x
                0x000000004a014a04        0x8 common/built-in.o
                0x000000004a014a04                miiphy_is_1000base_x
 .text.usb_set_maxpacket_ep
                0x000000004a014a0c       0x84 common/built-in.o
 .text.usb_control_msg
                0x000000004a014a90       0xa0 common/built-in.o
                0x000000004a014a90                usb_control_msg
 .text.usb_get_descriptor
                0x000000004a014b30       0x5c common/built-in.o
 .text.get_descriptor_len
                0x000000004a014b8c       0xa4 common/built-in.o
 .text.usb_get_string
                0x000000004a014c30       0xa4 common/built-in.o
 .text.usb_string_sub
                0x000000004a014cd4      0x114 common/built-in.o
 .text.usb_bulk_msg
                0x000000004a014de8       0x7c common/built-in.o
                0x000000004a014de8                usb_bulk_msg
 .text.usb_maxpacket
                0x000000004a014e64       0x20 common/built-in.o
                0x000000004a014e64                usb_maxpacket
 .text.usb_clear_halt
                0x000000004a014e84       0xa0 common/built-in.o
                0x000000004a014e84                usb_clear_halt
 .text.usb_get_configuration_len
                0x000000004a014f24       0x78 common/built-in.o
                0x000000004a014f24                usb_get_configuration_len
 .text.usb_get_configuration_no
                0x000000004a014f9c       0x40 common/built-in.o
                0x000000004a014f9c                usb_get_configuration_no
 .text.usb_set_interface
                0x000000004a014fdc       0xbc common/built-in.o
                0x000000004a014fdc                usb_set_interface
 .text.usb_set_protocol
                0x000000004a015098       0x4c common/built-in.o
                0x000000004a015098                usb_set_protocol
 .text.usb_set_idle
                0x000000004a0150e4       0x4c common/built-in.o
                0x000000004a0150e4                usb_set_idle
 .text.usb_string
                0x000000004a015130      0x108 common/built-in.o
                0x000000004a015130                usb_string
 .text.usb_select_config
                0x000000004a015238      0x4bc common/built-in.o
                0x000000004a015238                usb_select_config
 .text.usb_setup_device
                0x000000004a0156f4      0x1b0 common/built-in.o
                0x000000004a0156f4                usb_setup_device
 .text.usb_device_has_child_on_port
                0x000000004a0158a4        0x8 common/built-in.o
                0x000000004a0158a4                usb_device_has_child_on_port
 .text.usb_find_usb2_hub_address_port
                0x000000004a0158ac       0x90 common/built-in.o
                0x000000004a0158ac                usb_find_usb2_hub_address_port
 .text.usb_set_port_feature
                0x000000004a01593c       0x4c common/built-in.o
 .text.usb_clear_port_feature
                0x000000004a015988       0x4c common/built-in.o
 .text.usb_get_hub_descriptor
                0x000000004a0159d4       0x54 common/built-in.o
 .text.usb_hub_reset_devices
                0x000000004a015a28        0x4 common/built-in.o
                0x000000004a015a28                usb_hub_reset_devices
 .text.usb_get_port_status
                0x000000004a015a2c       0x54 common/built-in.o
                0x000000004a015a2c                usb_get_port_status
 .text.usb_hub_reset
                0x000000004a015a80       0x1c common/built-in.o
                0x000000004a015a80                usb_hub_reset
 .text.legacy_hub_port_reset
                0x000000004a015a9c       0xb0 common/built-in.o
                0x000000004a015a9c                legacy_hub_port_reset
 .text.usb_hub_port_connect_change
                0x000000004a015b4c      0x12c common/built-in.o
                0x000000004a015b4c                usb_hub_port_connect_change
 .text.usb_hub_configure
                0x000000004a015c78      0x4a8 common/built-in.o
 .text.usb_hub_scan
                0x000000004a016120       0x14 common/built-in.o
                0x000000004a016120                usb_hub_scan
 .text.usb_hub_post_probe
                0x000000004a016134        0x4 common/built-in.o
 .text.usb_stor_irq
                0x000000004a016138       0x18 common/built-in.o
 .text.usb_stor_BBB_reset
                0x000000004a016150      0x110 common/built-in.o
 .text.usb_stor_CB_reset
                0x000000004a016260       0xe8 common/built-in.o
 .text.usb_stor_BBB_clear_endpt_stall.isra.0
                0x000000004a016348       0x4c common/built-in.o
 .text.usb_stor_BBB_transport
                0x000000004a016394      0x254 common/built-in.o
 .text.usb_stor_CB_comdat
                0x000000004a0165e8      0x1f4 common/built-in.o
 .text.usb_stor_CBI_get_status.isra.2
                0x000000004a0167dc       0xd4 common/built-in.o
 .text.usb_stor_CB_transport
                0x000000004a0168b0      0x200 common/built-in.o
 .text.usb_request_sense.constprop.10
                0x000000004a016ab0       0x8c common/built-in.o
 .text.usb_stor_read
                0x000000004a016b3c      0x188 common/built-in.o
 .text.usb_stor_write
                0x000000004a016cc4      0x188 common/built-in.o
 .text.usb_stor_info
                0x000000004a016e4c       0x8c common/built-in.o
                0x000000004a016e4c                usb_stor_info
 .text.usb_stor_reset
                0x000000004a016ed8        0xc common/built-in.o
                0x000000004a016ed8                usb_stor_reset
 .text.usb_stor_scan
                0x000000004a016ee4       0x4c common/built-in.o
                0x000000004a016ee4                usb_stor_scan
 .text.usb_storage_probe
                0x000000004a016f30      0x240 common/built-in.o
                0x000000004a016f30                usb_storage_probe
 .text.usb_stor_get_info
                0x000000004a017170      0x2fc common/built-in.o
                0x000000004a017170                usb_stor_get_info
 .text.usb_mass_storage_probe
                0x000000004a01746c      0x1e4 common/built-in.o
 .text.iomux_doenv
                0x000000004a017650      0x1c8 common/built-in.o
                0x000000004a017650                iomux_doenv
 .text.menu_display_statusline
                0x000000004a017818        0x4 common/built-in.o
                0x000000004a017818                menu_display_statusline
 .text.menu_default_set
                0x000000004a01781c       0x98 common/built-in.o
                0x000000004a01781c                menu_default_set
 .text.menu_get_choice
                0x000000004a0178b4      0x1ec common/built-in.o
                0x000000004a0178b4                menu_get_choice
 .text.menu_item_add
                0x000000004a017aa0       0xdc common/built-in.o
                0x000000004a017aa0                menu_item_add
 .text.menu_create
                0x000000004a017b7c       0xa4 common/built-in.o
                0x000000004a017b7c                menu_create
 .text.menu_destroy
                0x000000004a017c20       0x80 common/built-in.o
                0x000000004a017c20                menu_destroy
 .text.usb_kbd_remove
                0x000000004a017ca0       0xb8 common/built-in.o
 .text.usb_kbd_translate.part.0
                0x000000004a017d58      0x160 common/built-in.o
 .text.usb_kbd_probe
                0x000000004a017eb8      0x1d8 common/built-in.o
 .text.usb_kbd_irq_worker
                0x000000004a018090      0x1bc common/built-in.o
 .text.usb_kbd_getc
                0x000000004a01824c       0xe0 common/built-in.o
 .text.usb_kbd_testc
                0x000000004a01832c       0xe0 common/built-in.o
 .text.usb_kbd_irq
                0x000000004a01840c       0x20 common/built-in.o
 .text.env_get_char_spec
                0x000000004a01842c        0xc common/built-in.o
                0x000000004a01842c                env_get_char_spec
 .text.env_get_addr
                0x000000004a018438       0x24 common/built-in.o
                0x000000004a018438                env_get_addr
 .text.env_get_char_memory
                0x000000004a01845c       0x18 common/built-in.o
                0x000000004a01845c                env_get_char_memory
 .text.env_get_char
                0x000000004a018474       0x2c common/built-in.o
                0x000000004a018474                env_get_char
 .text.getenv_yesno
                0x000000004a0184a0       0x4c common/built-in.o
                0x000000004a0184a0                getenv_yesno
 .text.getenv_default
                0x000000004a0184ec       0x3c common/built-in.o
                0x000000004a0184ec                getenv_default
 .text.set_default_env
                0x000000004a018528       0xbc common/built-in.o
                0x000000004a018528                set_default_env
 .text.set_default_vars
                0x000000004a0185e4       0x2c common/built-in.o
                0x000000004a0185e4                set_default_vars
 .text.env_import
                0x000000004a018610       0xdc common/built-in.o
                0x000000004a018610                env_import
 .text.env_export
                0x000000004a0186ec       0x94 common/built-in.o
                0x000000004a0186ec                env_export
 .text.env_relocate
                0x000000004a018780       0x2c common/built-in.o
                0x000000004a018780                env_relocate
 .text.env_complete
                0x000000004a0187ac      0x104 common/built-in.o
                0x000000004a0187ac                env_complete
 .text.console_tstc
                0x000000004a0188b0       0x98 common/built-in.o
 .text.console_putc
                0x000000004a018948       0x70 common/built-in.o
 .text.console_puts
                0x000000004a0189b8       0x70 common/built-in.o
 .text.pre_console_putc
                0x000000004a018a28       0x1c common/built-in.o
 .text.on_console
                0x000000004a018a44       0xc4 common/built-in.o
 .text.serial_printf
                0x000000004a018b08       0xb0 common/built-in.o
                0x000000004a018b08                serial_printf
 .text.console_getc.isra.0
                0x000000004a018bb8       0x30 common/built-in.o
 .text.putc     0x000000004a018be8       0x44 common/built-in.o
                0x000000004a018be8                putc
 .text.tstc     0x000000004a018c2c       0x24 common/built-in.o
                0x000000004a018c2c                tstc
 .text.getc     0x000000004a018c50       0x4c common/built-in.o
                0x000000004a018c50                getc
 .text.puts     0x000000004a018c9c       0x6c common/built-in.o
                0x000000004a018c9c                puts
 .text.print_pre_console_buffer
                0x000000004a018d08      0x100 common/built-in.o
 .text.ctrlc    0x000000004a018e08       0x58 common/built-in.o
                0x000000004a018e08                ctrlc
 .text.disable_ctrlc
                0x000000004a018e60       0x14 common/built-in.o
                0x000000004a018e60                disable_ctrlc
 .text.had_ctrlc
                0x000000004a018e74        0xc common/built-in.o
                0x000000004a018e74                had_ctrlc
 .text.clear_ctrlc
                0x000000004a018e80        0xc common/built-in.o
                0x000000004a018e80                clear_ctrlc
 .text.search_device
                0x000000004a018e8c       0x34 common/built-in.o
                0x000000004a018e8c                search_device
 .text.console_assign
                0x000000004a018ec0       0xdc common/built-in.o
                0x000000004a018ec0                console_assign
 .text.console_init_f
                0x000000004a018f9c       0x24 common/built-in.o
                0x000000004a018f9c                console_init_f
 .text.stdio_print_current_devices
                0x000000004a018fc0       0xc0 common/built-in.o
                0x000000004a018fc0                stdio_print_current_devices
 .text.console_init_r
                0x000000004a019080      0x1c4 common/built-in.o
                0x000000004a019080                console_init_r
 .text.sbrk     0x000000004a019244       0x74 common/built-in.o
                0x000000004a019244                sbrk
 .text.mem_malloc_init
                0x000000004a0192b8       0x20 common/built-in.o
                0x000000004a0192b8                mem_malloc_init
 .text.malloc_trim
                0x000000004a0192d8       0xd8 common/built-in.o
                0x000000004a0192d8                malloc_trim
 .text.free     0x000000004a0193b0      0x230 common/built-in.o
                0x000000004a0193b0                free
 .text.malloc   0x000000004a0195e0      0x660 common/built-in.o
                0x000000004a0195e0                malloc
 .text.calloc   0x000000004a019c40       0xe4 common/built-in.o
                0x000000004a019c40                calloc
 .text.realloc  0x000000004a019d24      0x47c common/built-in.o
                0x000000004a019d24                realloc
 .text.memalign
                0x000000004a01a1a0      0x190 common/built-in.o
                0x000000004a01a1a0                memalign
 .text.initf_malloc
                0x000000004a01a330       0x18 common/built-in.o
                0x000000004a01a330                initf_malloc
 .text.malloc_simple
                0x000000004a01a348       0x38 common/built-in.o
                0x000000004a01a348                malloc_simple
 .text.on_loadaddr
                0x000000004a01a380       0x40 common/built-in.o
 .text.image_check_hcrc
                0x000000004a01a3c0       0x50 common/built-in.o
                0x000000004a01a3c0                image_check_hcrc
 .text.image_check_dcrc
                0x000000004a01a410       0x44 common/built-in.o
                0x000000004a01a410                image_check_dcrc
 .text.image_multi_count
                0x000000004a01a454       0x1c common/built-in.o
                0x000000004a01a454                image_multi_count
 .text.image_multi_getimg
                0x000000004a01a470       0x88 common/built-in.o
                0x000000004a01a470                image_multi_getimg
 .text.getenv_bootm_low
                0x000000004a01a4f8       0x34 common/built-in.o
                0x000000004a01a4f8                getenv_bootm_low
 .text.getenv_bootm_size
                0x000000004a01a52c       0x78 common/built-in.o
                0x000000004a01a52c                getenv_bootm_size
 .text.getenv_bootm_mapsize
                0x000000004a01a5a4       0x30 common/built-in.o
                0x000000004a01a5a4                getenv_bootm_mapsize
 .text.memmove_wd
                0x000000004a01a5d4       0x10 common/built-in.o
                0x000000004a01a5d4                memmove_wd
 .text.genimg_print_size
                0x000000004a01a5e4       0x38 common/built-in.o
                0x000000004a01a5e4                genimg_print_size
 .text.get_table_entry
                0x000000004a01a61c       0x20 common/built-in.o
                0x000000004a01a61c                get_table_entry
 .text.get_table_entry_name
                0x000000004a01a63c       0x28 common/built-in.o
                0x000000004a01a63c                get_table_entry_name
 .text.genimg_get_os_name
                0x000000004a01a664       0x18 common/built-in.o
                0x000000004a01a664                genimg_get_os_name
 .text.genimg_get_arch_name
                0x000000004a01a67c       0x18 common/built-in.o
                0x000000004a01a67c                genimg_get_arch_name
 .text.genimg_get_type_name
                0x000000004a01a694       0x18 common/built-in.o
                0x000000004a01a694                genimg_get_type_name
 .text.genimg_get_comp_name
                0x000000004a01a6ac       0x18 common/built-in.o
                0x000000004a01a6ac                genimg_get_comp_name
 .text.image_print_contents
                0x000000004a01a6c4      0x1bc common/built-in.o
                0x000000004a01a6c4                image_print_contents
 .text.get_table_entry_id
                0x000000004a01a880       0x50 common/built-in.o
                0x000000004a01a880                get_table_entry_id
 .text.genimg_get_os_id
                0x000000004a01a8d0       0x18 common/built-in.o
                0x000000004a01a8d0                genimg_get_os_id
 .text.genimg_get_arch_id
                0x000000004a01a8e8       0x18 common/built-in.o
                0x000000004a01a8e8                genimg_get_arch_id
 .text.genimg_get_type_id
                0x000000004a01a900       0x18 common/built-in.o
                0x000000004a01a900                genimg_get_type_id
 .text.genimg_get_comp_id
                0x000000004a01a918       0x18 common/built-in.o
                0x000000004a01a918                genimg_get_comp_id
 .text.genimg_get_kernel_addr_fit
                0x000000004a01a930       0x7c common/built-in.o
                0x000000004a01a930                genimg_get_kernel_addr_fit
 .text.genimg_get_kernel_addr
                0x000000004a01a9ac       0x24 common/built-in.o
                0x000000004a01a9ac                genimg_get_kernel_addr
 .text.genimg_get_format
                0x000000004a01a9d0       0x3c common/built-in.o
                0x000000004a01a9d0                genimg_get_format
 .text.genimg_get_image
                0x000000004a01aa0c        0x4 common/built-in.o
                0x000000004a01aa0c                genimg_get_image
 .text.genimg_has_config
                0x000000004a01aa10       0x10 common/built-in.o
                0x000000004a01aa10                genimg_has_config
 .text.boot_get_ramdisk
                0x000000004a01aa20      0x350 common/built-in.o
                0x000000004a01aa20                boot_get_ramdisk
 .text.boot_ramdisk_high
                0x000000004a01ad70      0x138 common/built-in.o
                0x000000004a01ad70                boot_ramdisk_high
 .text.boot_get_setup
                0x000000004a01aea8        0x4 common/built-in.o
                0x000000004a01aea8                boot_get_setup
 .text.boot_get_loadable
                0x000000004a01aeac      0x190 common/built-in.o
                0x000000004a01aeac                boot_get_loadable
 .text.image_setup_linux
                0x000000004a01b03c       0x6c common/built-in.o
                0x000000004a01b03c                image_setup_linux
 .text.fdt_error
                0x000000004a01b0a8       0x38 common/built-in.o
 .text.boot_fdt_add_mem_rsv_regions
                0x000000004a01b0e0       0x94 common/built-in.o
                0x000000004a01b0e0                boot_fdt_add_mem_rsv_regions
 .text.boot_relocate_fdt
                0x000000004a01b174      0x1b4 common/built-in.o
                0x000000004a01b174                boot_relocate_fdt
 .text.boot_get_fdt
                0x000000004a01b328      0x3b0 common/built-in.o
                0x000000004a01b328                boot_get_fdt
 .text.ft_verify_fdt
                0x000000004a01b6d8        0x8 common/built-in.o
                0x000000004a01b6d8                ft_verify_fdt
 .text.image_setup_libfdt
                0x000000004a01b6e0      0x148 common/built-in.o
                0x000000004a01b6e0                image_setup_libfdt
 .text.fit_image_get_address
                0x000000004a01b828       0x84 common/built-in.o
 .text.fit_parse_conf
                0x000000004a01b8ac       0x78 common/built-in.o
                0x000000004a01b8ac                fit_parse_conf
 .text.fit_parse_subimage
                0x000000004a01b924       0x78 common/built-in.o
                0x000000004a01b924                fit_parse_subimage
 .text.fit_get_desc
                0x000000004a01b99c       0x38 common/built-in.o
                0x000000004a01b99c                fit_get_desc
 .text.fit_image_get_node
                0x000000004a01b9d4       0x48 common/built-in.o
                0x000000004a01b9d4                fit_image_get_node
 .text.fit_image_get_os
                0x000000004a01ba1c       0x4c common/built-in.o
                0x000000004a01ba1c                fit_image_get_os
 .text.fit_image_get_arch
                0x000000004a01ba68       0x4c common/built-in.o
                0x000000004a01ba68                fit_image_get_arch
 .text.fit_image_get_type
                0x000000004a01bab4       0x4c common/built-in.o
                0x000000004a01bab4                fit_image_get_type
 .text.fit_image_get_comp
                0x000000004a01bb00       0x4c common/built-in.o
                0x000000004a01bb00                fit_image_get_comp
 .text.fit_image_get_load
                0x000000004a01bb4c       0x10 common/built-in.o
                0x000000004a01bb4c                fit_image_get_load
 .text.fit_image_get_entry
                0x000000004a01bb5c       0x10 common/built-in.o
                0x000000004a01bb5c                fit_image_get_entry
 .text.fit_image_get_data
                0x000000004a01bb6c       0x50 common/built-in.o
                0x000000004a01bb6c                fit_image_get_data
 .text.fit_image_hash_get_algo
                0x000000004a01bbbc       0x38 common/built-in.o
                0x000000004a01bbbc                fit_image_hash_get_algo
 .text.fit_image_hash_get_value
                0x000000004a01bbf4       0x50 common/built-in.o
                0x000000004a01bbf4                fit_image_hash_get_value
 .text.fit_image_print_data
                0x000000004a01bc44      0x158 common/built-in.o
 .text.fit_image_print
                0x000000004a01bd9c      0x35c common/built-in.o
                0x000000004a01bd9c                fit_image_print
 .text.fit_get_end
                0x000000004a01c0f8       0x10 common/built-in.o
                0x000000004a01c0f8                fit_get_end
 .text.calculate_hash
                0x000000004a01c108      0x11c common/built-in.o
                0x000000004a01c108                calculate_hash
 .text.fit_image_verify
                0x000000004a01c224      0x218 common/built-in.o
                0x000000004a01c224                fit_image_verify
 .text.fit_all_image_verify
                0x000000004a01c43c      0x114 common/built-in.o
                0x000000004a01c43c                fit_all_image_verify
 .text.fit_image_check_os
                0x000000004a01c550       0x3c common/built-in.o
                0x000000004a01c550                fit_image_check_os
 .text.fit_image_check_arch
                0x000000004a01c58c       0x64 common/built-in.o
                0x000000004a01c58c                fit_image_check_arch
 .text.fit_image_check_type
                0x000000004a01c5f0       0x3c common/built-in.o
                0x000000004a01c5f0                fit_image_check_type
 .text.fit_image_check_comp
                0x000000004a01c62c       0x3c common/built-in.o
                0x000000004a01c62c                fit_image_check_comp
 .text.fit_check_format
                0x000000004a01c668       0x54 common/built-in.o
                0x000000004a01c668                fit_check_format
 .text.fit_conf_get_node
                0x000000004a01c6bc       0x80 common/built-in.o
                0x000000004a01c6bc                fit_conf_get_node
 .text.fit_conf_get_prop_node
                0x000000004a01c73c       0x3c common/built-in.o
                0x000000004a01c73c                fit_conf_get_prop_node
 .text.fit_conf_print
                0x000000004a01c778      0x1c8 common/built-in.o
                0x000000004a01c778                fit_conf_print
 .text.fit_print_contents
                0x000000004a01c940      0x220 common/built-in.o
                0x000000004a01c940                fit_print_contents
 .text.fit_get_node_from_config
                0x000000004a01cb60       0x54 common/built-in.o
                0x000000004a01cb60                fit_get_node_from_config
 .text.fit_image_load
                0x000000004a01cbb4      0x570 common/built-in.o
                0x000000004a01cbb4                fit_image_load
 .text.boot_get_setup_fit
                0x000000004a01d124       0x78 common/built-in.o
                0x000000004a01d124                boot_get_setup_fit
 .text.get_ram_size
                0x000000004a01d19c      0x11c common/built-in.o
                0x000000004a01d19c                get_ram_size
 .text.get_effective_memsize
                0x000000004a01d2b8        0x8 common/built-in.o
                0x000000004a01d2b8                get_effective_memsize
 .text.nulldev_putc
                0x000000004a01d2c0        0x4 common/built-in.o
 .text.nulldev_puts
                0x000000004a01d2c4        0x4 common/built-in.o
 .text.nulldev_input
                0x000000004a01d2c8        0x8 common/built-in.o
 .text.stdio_serial_tstc
                0x000000004a01d2d0        0x4 common/built-in.o
 .text.stdio_serial_getc
                0x000000004a01d2d4        0x4 common/built-in.o
 .text.stdio_serial_puts
                0x000000004a01d2d8        0x8 common/built-in.o
 .text.stdio_serial_putc
                0x000000004a01d2e0        0x8 common/built-in.o
 .text.stdio_get_list
                0x000000004a01d2e8       0x10 common/built-in.o
                0x000000004a01d2e8                stdio_get_list
 .text.stdio_get_by_name
                0x000000004a01d2f8       0x6c common/built-in.o
                0x000000004a01d2f8                stdio_get_by_name
 .text.stdio_clone
                0x000000004a01d364       0x4c common/built-in.o
                0x000000004a01d364                stdio_clone
 .text.stdio_register_dev
                0x000000004a01d3b0       0x58 common/built-in.o
                0x000000004a01d3b0                stdio_register_dev
 .text.stdio_register
                0x000000004a01d408        0x8 common/built-in.o
                0x000000004a01d408                stdio_register
 .text.stdio_deregister_dev
                0x000000004a01d410      0x104 common/built-in.o
                0x000000004a01d410                stdio_deregister_dev
 .text.stdio_init_tables
                0x000000004a01d514       0x18 common/built-in.o
                0x000000004a01d514                stdio_init_tables
 .text.stdio_add_devices
                0x000000004a01d52c      0x13c common/built-in.o
                0x000000004a01d52c                stdio_add_devices
 .text.cli_simple_process_macros
                0x000000004a01d668      0x228 common/built-in.o
                0x000000004a01d668                cli_simple_process_macros
 .text.run_command
                0x000000004a01d890       0x14 common/built-in.o
                0x000000004a01d890                run_command
 .text.run_command_list
                0x000000004a01d8a4       0x90 common/built-in.o
                0x000000004a01d8a4                run_command_list
 .text.do_run   0x000000004a01d934       0x80 common/built-in.o
                0x000000004a01d934                do_run
 .text.cli_process_fdt
                0x000000004a01d9b4       0x50 common/built-in.o
                0x000000004a01d9b4                cli_process_fdt
 .text.cli_secure_boot_cmd
                0x000000004a01da04       0x74 common/built-in.o
                0x000000004a01da04                cli_secure_boot_cmd
 .text.cli_loop
                0x000000004a01da78       0x10 common/built-in.o
                0x000000004a01da78                cli_loop
 .text.cli_init
                0x000000004a01da88        0x4 common/built-in.o
                0x000000004a01da88                cli_init
 .text.delete_char.part.0
                0x000000004a01da8c       0xfc common/built-in.o
 .text.cread_add_char
                0x000000004a01db88      0x100 common/built-in.o
 .text.cli_readline_into_buffer
                0x000000004a01dc88      0x934 common/built-in.o
                0x000000004a01dc88                cli_readline_into_buffer
 .text.cli_readline
                0x000000004a01e5bc       0x14 common/built-in.o
                0x000000004a01e5bc                cli_readline
 .text.find_cmd_tbl
                0x000000004a01e5d0       0xbc common/built-in.o
                0x000000004a01e5d0                find_cmd_tbl
 .text.find_cmd
                0x000000004a01e68c       0x28 common/built-in.o
                0x000000004a01e68c                find_cmd
 .text.cmd_usage
                0x000000004a01e6b4       0x68 common/built-in.o
                0x000000004a01e6b4                cmd_usage
 .text._do_help
                0x000000004a01e71c      0x18c common/built-in.o
                0x000000004a01e71c                _do_help
 .text.var_complete
                0x000000004a01e8a8       0x90 common/built-in.o
                0x000000004a01e8a8                var_complete
 .text.cmd_auto_complete
                0x000000004a01e938      0x4a0 common/built-in.o
                0x000000004a01e938                cmd_auto_complete
 .text.cmd_get_data_size
                0x000000004a01edd8       0x6c common/built-in.o
                0x000000004a01edd8                cmd_get_data_size
 .text.cmd_process
                0x000000004a01ee44      0x10c common/built-in.o
                0x000000004a01ee44                cmd_process
 .text.cmd_process_error
                0x000000004a01ef50       0x38 common/built-in.o
                0x000000004a01ef50                cmd_process_error
 .text.hex1_bin
                0x000000004a01ef88       0x4c common/built-in.o
 .text.hex2_bin
                0x000000004a01efd4       0x40 common/built-in.o
 .text.srec_decode
                0x000000004a01f014      0x22c common/built-in.o
                0x000000004a01f014                srec_decode
 .text.CYGACC_COMM_IF_GETC_TIMEOUT.isra.0
                0x000000004a01f240       0x54 common/built-in.o
 .text.xyzModem_flush
                0x000000004a01f294       0x1c common/built-in.o
 .text.xyzModem_get_hdr
                0x000000004a01f2b0      0x218 common/built-in.o
 .text.xyzModem_stream_open
                0x000000004a01f4c8      0x278 common/built-in.o
                0x000000004a01f4c8                xyzModem_stream_open
 .text.xyzModem_stream_read
                0x000000004a01f740      0x264 common/built-in.o
                0x000000004a01f740                xyzModem_stream_read
 .text.xyzModem_stream_close
                0x000000004a01f9a4       0x40 common/built-in.o
                0x000000004a01f9a4                xyzModem_stream_close
 .text.xyzModem_stream_terminate
                0x000000004a01f9e4       0xa4 common/built-in.o
                0x000000004a01f9e4                xyzModem_stream_terminate
 .text.xyzModem_error
                0x000000004a01fa88       0x28 common/built-in.o
                0x000000004a01fa88                xyzModem_error
 .text.blk_get_dev
                0x000000004a01fab0       0x3c disk/built-in.o
                0x000000004a01fab0                blk_get_dev
 .text.dev_print
                0x000000004a01faec      0x1c8 disk/built-in.o
                0x000000004a01faec                dev_print
 .text.part_init
                0x000000004a01fcb4       0x7c disk/built-in.o
                0x000000004a01fcb4                part_init
 .text.part_print
                0x000000004a01fd30      0x15c disk/built-in.o
                0x000000004a01fd30                part_print
 .text.part_get_info
                0x000000004a01fe8c       0x88 disk/built-in.o
                0x000000004a01fe8c                part_get_info
 .text.blk_get_device_by_str
                0x000000004a01ff14      0x164 disk/built-in.o
                0x000000004a01ff14                blk_get_device_by_str
 .text.blk_get_device_part_str
                0x000000004a020078      0x39c disk/built-in.o
                0x000000004a020078                blk_get_device_part_str
 .text.part_set_generic_name
                0x000000004a020414       0x48 disk/built-in.o
                0x000000004a020414                part_set_generic_name
 .text.test_block_type
                0x000000004a02045c       0x90 disk/built-in.o
 .text.print_partition_extended
                0x000000004a0204ec      0x250 disk/built-in.o
 .text.part_print_dos
                0x000000004a02073c       0x3c disk/built-in.o
                0x000000004a02073c                part_print_dos
 .text.part_test_dos
                0x000000004a020778       0x6c disk/built-in.o
 .text.part_get_info_extended
                0x000000004a0207e4      0x2ac disk/built-in.o
 .text.part_get_info_dos
                0x000000004a020a90       0x1c disk/built-in.o
                0x000000004a020a90                part_get_info_dos
 .text.iso_dread
                0x000000004a020aac       0x4c disk/built-in.o
                0x000000004a020aac                iso_dread
 .text.part_get_info_iso_verb
                0x000000004a020af8      0x37c disk/built-in.o
                0x000000004a020af8                part_get_info_iso_verb
 .text.part_test_iso
                0x000000004a020e74       0x20 disk/built-in.o
 .text.part_print_iso
                0x000000004a020e94       0xa4 disk/built-in.o
 .text.part_get_info_iso
                0x000000004a020f38        0x8 disk/built-in.o
 .text.print_efiname
                0x000000004a020f40       0x5c disk/built-in.o
 .text.part_test_efi
                0x000000004a020f9c       0xb4 disk/built-in.o
 .text.validate_gpt_entries
                0x000000004a021050       0xa8 disk/built-in.o
 .text.validate_gpt_header
                0x000000004a0210f8      0x230 disk/built-in.o
 .text.is_gpt_valid
                0x000000004a021328      0x1e8 disk/built-in.o
 .text.is_pte_valid
                0x000000004a021510       0x64 disk/built-in.o
 .text.part_print_efi
                0x000000004a021574      0x278 disk/built-in.o
                0x000000004a021574                part_print_efi
 .text.part_get_info_efi
                0x000000004a0217ec      0x23c disk/built-in.o
                0x000000004a0217ec                part_get_info_efi
 .text.device_bind_common.isra.0
                0x000000004a021a28      0x310 drivers/built-in.o
 .text.alloc_priv
                0x000000004a021d38       0x64 drivers/built-in.o
 .text.device_bind_with_driver_data
                0x000000004a021d9c       0x14 drivers/built-in.o
                0x000000004a021d9c                device_bind_with_driver_data
 .text.device_bind
                0x000000004a021db0       0x10 drivers/built-in.o
                0x000000004a021db0                device_bind
 .text.device_bind_by_name
                0x000000004a021dc0       0x7c drivers/built-in.o
                0x000000004a021dc0                device_bind_by_name
 .text.device_probe
                0x000000004a021e3c      0x1f4 drivers/built-in.o
                0x000000004a021e3c                device_probe
 .text.dev_get_platdata
                0x000000004a022030       0x34 drivers/built-in.o
                0x000000004a022030                dev_get_platdata
 .text.dev_get_parent_platdata
                0x000000004a022064       0x34 drivers/built-in.o
                0x000000004a022064                dev_get_parent_platdata
 .text.dev_get_uclass_platdata
                0x000000004a022098       0x34 drivers/built-in.o
                0x000000004a022098                dev_get_uclass_platdata
 .text.dev_get_priv
                0x000000004a0220cc       0x34 drivers/built-in.o
                0x000000004a0220cc                dev_get_priv
 .text.dev_get_uclass_priv
                0x000000004a022100       0x34 drivers/built-in.o
                0x000000004a022100                dev_get_uclass_priv
 .text.dev_get_parent_priv
                0x000000004a022134       0x34 drivers/built-in.o
                0x000000004a022134                dev_get_parent_priv
 .text.device_get_child
                0x000000004a022168       0x5c drivers/built-in.o
                0x000000004a022168                device_get_child
 .text.device_find_first_child
                0x000000004a0221c4       0x28 drivers/built-in.o
                0x000000004a0221c4                device_find_first_child
 .text.device_find_next_child
                0x000000004a0221ec       0x30 drivers/built-in.o
                0x000000004a0221ec                device_find_next_child
 .text.dev_get_driver_data
                0x000000004a02221c        0x8 drivers/built-in.o
                0x000000004a02221c                dev_get_driver_data
 .text.device_get_uclass_id
                0x000000004a022224       0x10 drivers/built-in.o
                0x000000004a022224                device_get_uclass_id
 .text.dev_get_addr_index
                0x000000004a022234       0xc4 drivers/built-in.o
                0x000000004a022234                dev_get_addr_index
 .text.dev_get_addr_name
                0x000000004a0222f8       0x50 drivers/built-in.o
                0x000000004a0222f8                dev_get_addr_name
 .text.dev_get_addr
                0x000000004a022348        0x8 drivers/built-in.o
                0x000000004a022348                dev_get_addr
 .text.device_has_active_children
                0x000000004a022350       0x3c drivers/built-in.o
                0x000000004a022350                device_has_active_children
 .text.device_is_last_sibling
                0x000000004a02238c       0x24 drivers/built-in.o
                0x000000004a02238c                device_is_last_sibling
 .text.lists_driver_lookup_name
                0x000000004a0223b0       0x78 drivers/built-in.o
                0x000000004a0223b0                lists_driver_lookup_name
 .text.lists_uclass_lookup
                0x000000004a022428       0x48 drivers/built-in.o
                0x000000004a022428                lists_uclass_lookup
 .text.lists_bind_drivers
                0x000000004a022470       0xb0 drivers/built-in.o
                0x000000004a022470                lists_bind_drivers
 .text.device_bind_driver_to_node
                0x000000004a022520       0x68 drivers/built-in.o
                0x000000004a022520                device_bind_driver_to_node
 .text.device_bind_driver
                0x000000004a022588        0xc drivers/built-in.o
                0x000000004a022588                device_bind_driver
 .text.lists_bind_fdt
                0x000000004a022594      0x194 drivers/built-in.o
                0x000000004a022594                lists_bind_fdt
 .text.dm_root  0x000000004a022728       0x30 drivers/built-in.o
                0x000000004a022728                dm_root
 .text.dm_get_translation_offset
                0x000000004a022758       0x1c drivers/built-in.o
                0x000000004a022758                dm_get_translation_offset
 .text.dm_init  0x000000004a022774       0x60 drivers/built-in.o
                0x000000004a022774                dm_init
 .text.dm_remove_devices_flags
                0x000000004a0227d4       0x2c drivers/built-in.o
                0x000000004a0227d4                dm_remove_devices_flags
 .text.dm_scan_platdata
                0x000000004a022800       0x34 drivers/built-in.o
                0x000000004a022800                dm_scan_platdata
 .text.dm_scan_fdt_node
                0x000000004a022834       0xc4 drivers/built-in.o
                0x000000004a022834                dm_scan_fdt_node
 .text.dm_scan_fdt_dev
                0x000000004a0228f8       0x28 drivers/built-in.o
                0x000000004a0228f8                dm_scan_fdt_dev
 .text.dm_scan_fdt
                0x000000004a022920       0x18 drivers/built-in.o
                0x000000004a022920                dm_scan_fdt
 .text.dm_scan_other
                0x000000004a022938        0x8 drivers/built-in.o
                0x000000004a022938                dm_scan_other
 .text.dm_init_and_scan
                0x000000004a022940       0x50 drivers/built-in.o
                0x000000004a022940                dm_init_and_scan
 .text.uclass_find
                0x000000004a022990       0x48 drivers/built-in.o
                0x000000004a022990                uclass_find
 .text.uclass_get
                0x000000004a0229d8      0x128 drivers/built-in.o
                0x000000004a0229d8                uclass_get
 .text.uclass_find_device
                0x000000004a022b00       0x78 drivers/built-in.o
                0x000000004a022b00                uclass_find_device
 .text.uclass_find_first_device
                0x000000004a022b78       0x48 drivers/built-in.o
                0x000000004a022b78                uclass_find_first_device
 .text.uclass_find_next_device
                0x000000004a022bc0       0x2c drivers/built-in.o
                0x000000004a022bc0                uclass_find_next_device
 .text.uclass_find_device_by_seq
                0x000000004a022bec       0x90 drivers/built-in.o
                0x000000004a022bec                uclass_find_device_by_seq
 .text.uclass_find_device_by_of_offset
                0x000000004a022c7c       0x78 drivers/built-in.o
                0x000000004a022c7c                uclass_find_device_by_of_offset
 .text.uclass_get_device_tail
                0x000000004a022cf4       0x40 drivers/built-in.o
                0x000000004a022cf4                uclass_get_device_tail
 .text.uclass_get_device
                0x000000004a022d34       0x38 drivers/built-in.o
                0x000000004a022d34                uclass_get_device
 .text.uclass_get_device_by_seq
                0x000000004a022d6c       0x68 drivers/built-in.o
                0x000000004a022d6c                uclass_get_device_by_seq
 .text.uclass_get_device_by_of_offset
                0x000000004a022dd4       0x38 drivers/built-in.o
                0x000000004a022dd4                uclass_get_device_by_of_offset
 .text.uclass_first_device
                0x000000004a022e0c       0x44 drivers/built-in.o
                0x000000004a022e0c                uclass_first_device
 .text.uclass_next_device
                0x000000004a022e50       0x44 drivers/built-in.o
                0x000000004a022e50                uclass_next_device
 .text.uclass_bind_device
                0x000000004a022e94       0x70 drivers/built-in.o
                0x000000004a022e94                uclass_bind_device
 .text.uclass_unbind_device
                0x000000004a022f04       0x4c drivers/built-in.o
                0x000000004a022f04                uclass_unbind_device
 .text.uclass_resolve_seq
                0x000000004a022f50       0xb8 drivers/built-in.o
                0x000000004a022f50                uclass_resolve_seq
 .text.uclass_pre_probe_device
                0x000000004a023008       0x64 drivers/built-in.o
                0x000000004a023008                uclass_pre_probe_device
 .text.uclass_post_probe_device
                0x000000004a02306c       0x1c drivers/built-in.o
                0x000000004a02306c                uclass_post_probe_device
 .text.uclass_pre_remove_device
                0x000000004a023088       0x1c drivers/built-in.o
                0x000000004a023088                uclass_pre_remove_device
 .text.dm_warn  0x000000004a0230a4       0x78 drivers/built-in.o
                0x000000004a0230a4                dm_warn
 .text.dm_fdt_pre_reloc
                0x000000004a02311c       0x78 drivers/built-in.o
                0x000000004a02311c                dm_fdt_pre_reloc
 .text.device_unbind
                0x000000004a023194      0x11c drivers/built-in.o
                0x000000004a023194                device_unbind
 .text.device_free
                0x000000004a0232b0       0x80 drivers/built-in.o
                0x000000004a0232b0                device_free
 .text.device_remove
                0x000000004a023330      0x178 drivers/built-in.o
                0x000000004a023330                device_remove
 .text.simple_bus_post_bind
                0x000000004a0234a8       0x64 drivers/built-in.o
 .text.show_devices
                0x000000004a02350c      0x12c drivers/built-in.o
 .text.dm_dump_all
                0x000000004a023638       0x54 drivers/built-in.o
                0x000000004a023638                dm_dump_all
 .text.dm_dump_uclass
                0x000000004a02368c      0x114 drivers/built-in.o
                0x000000004a02368c                dm_dump_uclass
 .text.get_desc
                0x000000004a0237a0       0x54 drivers/built-in.o
 .text.blk_driver_lookup_type
                0x000000004a0237f4       0x58 drivers/built-in.o
                0x000000004a0237f4                blk_driver_lookup_type
 .text.blk_get_devnum_by_type
                0x000000004a02384c       0x38 drivers/built-in.o
                0x000000004a02384c                blk_get_devnum_by_type
 .text.blk_dselect_hwpart
                0x000000004a023884       0x48 drivers/built-in.o
                0x000000004a023884                blk_dselect_hwpart
 .text.blk_get_devnum_by_typename
                0x000000004a0238cc       0x94 drivers/built-in.o
                0x000000004a0238cc                blk_get_devnum_by_typename
 .text.blk_select_hwpart_devnum
                0x000000004a023960       0x54 drivers/built-in.o
                0x000000004a023960                blk_select_hwpart_devnum
 .text.keyboard_start
                0x000000004a0239b4       0x20 drivers/built-in.o
 .text.keyboard_stop