
Discarded input sections

 .data          0x0000000000000000        0x0 arch/arm/cpu/armv8/start.o
 .bss           0x0000000000000000        0x0 arch/arm/cpu/armv8/start.o
 .text.sdelay   0x0000000000000000        0xc arch/arm/cpu/armv8/built-in.o
 .text.timer_read_counter
                0x0000000000000000        0xc arch/arm/cpu/armv8/built-in.o
 .text.usec2ticks
                0x0000000000000000       0x44 arch/arm/cpu/armv8/built-in.o
 .text.set_one_region
                0x0000000000000000       0xd4 arch/arm/cpu/armv8/built-in.o
 .text.flush_dcache_all
                0x0000000000000000       0x14 arch/arm/cpu/armv8/built-in.o
 .text.arch_get_page_table
                0x0000000000000000       0x20 arch/arm/cpu/armv8/built-in.o
 .text.mmu_set_region_dcache_behaviour
                0x0000000000000000       0xa8 arch/arm/cpu/armv8/built-in.o
 .text.mmu_change_region_attr
                0x0000000000000000       0xe8 arch/arm/cpu/armv8/built-in.o
 .text.icache_status
                0x0000000000000000       0x34 arch/arm/cpu/armv8/built-in.o
 .rodata.arch_get_page_table.str1.1
                0x0000000000000000       0x1e arch/arm/cpu/armv8/built-in.o
 .rodata.mmu_set_region_dcache_behaviour.str1.1
                0x0000000000000000       0x20 arch/arm/cpu/armv8/built-in.o
 .rodata.set_one_region.str1.1
                0x0000000000000000       0x2e arch/arm/cpu/armv8/built-in.o
 .data          0x0000000000000000        0x0 arch/arm/cpu/armv8/built-in.o
 .bss           0x0000000000000000        0x0 arch/arm/cpu/armv8/built-in.o
 .text.armv7_boot_nonsec_default
                0x0000000000000000        0x8 arch/arm/lib/built-in.o
 .text.reset_misc
                0x0000000000000000        0x4 arch/arm/lib/built-in.o
 .text.enable_caches
                0x0000000000000000        0xc arch/arm/lib/built-in.o
 .text.invalidate_dcache_range
                0x0000000000000000        0x4 arch/arm/lib/built-in.o
 .text.flush_dcache_range
                0x0000000000000000        0x4 arch/arm/lib/built-in.o
 .text.flush_dcache_all
                0x0000000000000000        0xc arch/arm/lib/built-in.o
 .text.check_cache_range
                0x0000000000000000       0x48 arch/arm/lib/built-in.o
 .text.fdt_psci
                0x0000000000000000        0x8 arch/arm/lib/built-in.o
 .rodata.check_cache_range.str1.1
                0x0000000000000000       0x35 arch/arm/lib/built-in.o
 .rodata.enable_caches.str1.1
                0x0000000000000000       0x1d arch/arm/lib/built-in.o
 .data          0x0000000000000000        0x0 arch/arm/lib/built-in.o
 .__end         0x0000000000000000        0x0 arch/arm/lib/built-in.o
 .__secure_end  0x0000000000000000        0x0 arch/arm/lib/built-in.o
 .__secure_stack_end
                0x0000000000000000        0x0 arch/arm/lib/built-in.o
 .__secure_stack_start
                0x0000000000000000        0x0 arch/arm/lib/built-in.o
 .__secure_start
                0x0000000000000000        0x0 arch/arm/lib/built-in.o
 .bss           0x0000000000000000        0x0 arch/arm/lib/built-in.o
 .text          0x0000000000000000        0x0 arch/arm/mach-sunxi/built-in.o
 .text.gtbus_init
                0x0000000000000000        0x4 arch/arm/mach-sunxi/built-in.o
 .text.clock_twi_onoff
                0x0000000000000000       0x90 arch/arm/mach-sunxi/built-in.o
 .text.sunxi_get_sram_id
                0x0000000000000000       0x30 arch/arm/mach-sunxi/built-in.o
 .text.mctl_await_completion
                0x0000000000000000       0x64 arch/arm/mach-sunxi/built-in.o
 .text.mctl_mem_matches
                0x0000000000000000       0x40 arch/arm/mach-sunxi/built-in.o
 .text.sunxi_gpio_get_cfgpin
                0x0000000000000000       0x34 arch/arm/mach-sunxi/built-in.o
 .text.sunxi_usb_phy_enable_squelch_detect
                0x0000000000000000       0xa8 arch/arm/mach-sunxi/built-in.o
 .text.sunxi_usb_phy_power_off
                0x0000000000000000       0x34 arch/arm/mach-sunxi/built-in.o
 .text.sunxi_usb_phy_vbus_detect
                0x0000000000000000       0x78 arch/arm/mach-sunxi/built-in.o
 .text.sunxi_usb_phy_id_detect
                0x0000000000000000       0x24 arch/arm/mach-sunxi/built-in.o
 .text.sunxi_usb_phy_remove
                0x0000000000000000       0x68 arch/arm/mach-sunxi/built-in.o
 .text.prcm_apb0_enable
                0x0000000000000000       0x24 arch/arm/mach-sunxi/built-in.o
 .text.prcm_apb0_disable
                0x0000000000000000       0x28 arch/arm/mach-sunxi/built-in.o
 .text.rsb_await_trans
                0x0000000000000000       0x80 arch/arm/mach-sunxi/built-in.o
 .text.rsb_do_trans
                0x0000000000000000       0x18 arch/arm/mach-sunxi/built-in.o
 .text.rsb_init
                0x0000000000000000       0xd8 arch/arm/mach-sunxi/built-in.o
 .text.rsb_set_device_address
                0x0000000000000000       0x30 arch/arm/mach-sunxi/built-in.o
 .text.rsb_write
                0x0000000000000000       0x48 arch/arm/mach-sunxi/built-in.o
[...]
Memory Configuration

Name             Origin             Length             Attributes
*default*        0x0000000000000000 0xffffffffffffffff

Linker script and memory map

Address of section .text set to 0x4a000000
                0x0000000000000000                . = 0x0
                0x0000000000000000                . = ALIGN (0x8)

.text           0x000000004a000000    0x46e14
 *(.__image_copy_start)
 .__image_copy_start
                0x000000004a000000        0x0 arch/arm/lib/built-in.o
                0x000000004a000000                __image_copy_start
 arch/arm/cpu/armv8/start.o(.text*)
 .text          0x000000004a000000      0x1c0 arch/arm/cpu/armv8/start.o
                0x000000004a000000                _start
                0x000000004a0000b8                _TEXT_BASE
                0x000000004a0000c0                _end_ofs
                0x000000004a0000c8                _bss_start_ofs
                0x000000004a0000d0                _bss_end_ofs
                0x000000004a0000dc                save_boot_params_ret
                0x000000004a000144                apply_core_errata
                0x000000004a000174                smp_kick_all_cpus
                0x000000004a000178                c_runtime_cpu_setup
                0x000000004a0001b0                save_boot_params
 *(.text*)
 *fill*         0x000000004a0001c0      0x640 
 .text          0x000000004a000800      0xc34 arch/arm/cpu/armv8/built-in.o
                0x000000004a000800                vectors
                0x000000004a001038                __asm_dcache_level
                0x000000004a00109c                __asm_dcache_all
                0x000000004a0010fc                __asm_flush_dcache_all
                0x000000004a001104                __asm_invalidate_dcache_all
                0x000000004a00110c                __asm_flush_dcache_range
                0x000000004a001140                __asm_invalidate_icache_all
                0x000000004a00114c                __asm_invalidate_l3_dcache
                0x000000004a001154                __asm_flush_l3_dcache
                0x000000004a00115c                __asm_invalidate_l3_icache
                0x000000004a001164                __asm_switch_ttbr
                0x000000004a001244                __asm_invalidate_tlb_all
                0x000000004a001290                armv8_switch_to_el2
                0x000000004a00131c                armv8_switch_to_el1
                0x000000004a0013c0                armv8_el2_to_aarch32
                0x000000004a001418                lowlevel_init
 .text.cleanup_before_linux
                0x000000004a001434       0x28 arch/arm/cpu/armv8/built-in.o
                0x000000004a001434                cleanup_before_linux
 .text.get_tbclk
                0x000000004a00145c        0x8 arch/arm/cpu/armv8/built-in.o
                0x000000004a00145c                get_tbclk
 .text.get_ticks
                0x000000004a001464       0x10 arch/arm/cpu/armv8/built-in.o
                0x000000004a001464                get_ticks
 .text.count_required_pts
                0x000000004a001474       0xf8 arch/arm/cpu/armv8/built-in.o
 .text.create_table
                0x000000004a00156c       0x70 arch/arm/cpu/armv8/built-in.o
 .text.split_block
                0x000000004a0015dc       0xa0 arch/arm/cpu/armv8/built-in.o
 .text.get_tcr  0x000000004a00167c       0xe8 arch/arm/cpu/armv8/built-in.o
                0x000000004a00167c                get_tcr
 .text.find_pte
                0x000000004a001764       0x94 arch/arm/cpu/armv8/built-in.o
 .text.get_page_table_size
                0x000000004a0017f8       0x4c arch/arm/cpu/armv8/built-in.o
                0x000000004a0017f8                get_page_table_size
 .text.setup_pgtables
                0x000000004a001844      0x15c arch/arm/cpu/armv8/built-in.o
                0x000000004a001844                setup_pgtables
 .text.mmu_setup
                0x000000004a0019a0      0x13c arch/arm/cpu/armv8/built-in.o
                0x000000004a0019a0                mmu_setup
 .text.invalidate_dcache_all
                0x000000004a001adc       0x14 arch/arm/cpu/armv8/built-in.o
                0x000000004a001adc                invalidate_dcache_all
 .text.invalidate_dcache_range
                0x000000004a001af0        0x4 arch/arm/cpu/armv8/built-in.o
                0x000000004a001af0                invalidate_dcache_range
 .text.flush_dcache_range
                0x000000004a001af4        0x4 arch/arm/cpu/armv8/built-in.o
                0x000000004a001af4                flush_dcache_range
 .text.dcache_enable
                0x000000004a001af8      0x110 arch/arm/cpu/armv8/built-in.o
                0x000000004a001af8                dcache_enable
 .text.dcache_disable
                0x000000004a001c08       0x84 arch/arm/cpu/armv8/built-in.o
                0x000000004a001c08                dcache_disable
 .text.dcache_status
                0x000000004a001c8c       0x34 arch/arm/cpu/armv8/built-in.o
                0x000000004a001c8c                dcache_status
 .text.icache_disable
                0x000000004a001cc0       0x64 arch/arm/cpu/armv8/built-in.o
                0x000000004a001cc0                icache_disable
 .text.invalidate_icache_all
                0x000000004a001d24       0x14 arch/arm/cpu/armv8/built-in.o
                0x000000004a001d24                invalidate_icache_all
 .text.icache_enable
                0x000000004a001d38       0x74 arch/arm/cpu/armv8/built-in.o
                0x000000004a001d38                icache_enable
 .text.enable_caches
                0x000000004a001dac       0x14 arch/arm/cpu/armv8/built-in.o
                0x000000004a001dac                enable_caches
 .text.reset_misc
                0x000000004a001dc0        0xc arch/arm/cpu/armv8/built-in.o
                0x000000004a001dc0                reset_misc
 *fill*         0x000000004a001dcc        0x4 
 .text          0x000000004a001dd0      0x160 arch/arm/lib/built-in.o
                0x000000004a001dd0                _main
                0x000000004a001e58                relocate_code
 .text.arch_fixup_fdt
                0x000000004a001f30       0x30 arch/arm/lib/built-in.o
                0x000000004a001f30                arch_fixup_fdt
 .text.arch_lmb_reserve
                0x000000004a001f60       0x24 arch/arm/lib/built-in.o
                0x000000004a001f60                arch_lmb_reserve
 .text.board_quiesce_devices
                0x000000004a001f84        0x4 arch/arm/lib/built-in.o
                0x000000004a001f84                board_quiesce_devices
 .text.setup_board_tags
                0x000000004a001f88        0x4 arch/arm/lib/built-in.o
                0x000000004a001f88                setup_board_tags
 .text.boot_prep_linux
                0x000000004a001f8c      0x1d0 arch/arm/lib/built-in.o
 .text.update_os_arch_secondary_cores
                0x000000004a00215c        0x4 arch/arm/lib/built-in.o
                0x000000004a00215c                update_os_arch_secondary_cores
 .text.boot_jump_linux
                0x000000004a002160       0xc8 arch/arm/lib/built-in.o
 .text.do_bootm_linux
                0x000000004a002228       0x74 arch/arm/lib/built-in.o
                0x000000004a002228                do_bootm_linux
 .text.boot_prep_vxworks
                0x000000004a00229c       0x50 arch/arm/lib/built-in.o
                0x000000004a00229c                boot_prep_vxworks
 .text.boot_jump_vxworks
                0x000000004a0022ec        0xc arch/arm/lib/built-in.o
                0x000000004a0022ec                boot_jump_vxworks
 .text.arch_reserve_stacks
                0x000000004a0022f8       0x10 arch/arm/lib/built-in.o
                0x000000004a0022f8                arch_reserve_stacks
 .text.interrupt_init
                0x000000004a002308        0x8 arch/arm/lib/built-in.o
                0x000000004a002308                interrupt_init
 .text.enable_interrupts
                0x000000004a002310        0x4 arch/arm/lib/built-in.o
                0x000000004a002310                enable_interrupts
 .text.disable_interrupts
                0x000000004a002314        0x8 arch/arm/lib/built-in.o
                0x000000004a002314                disable_interrupts
 .text.show_regs
                0x000000004a00231c       0x80 arch/arm/lib/built-in.o
                0x000000004a00231c                show_regs
 .text.do_bad_sync
                0x000000004a00239c       0x3c arch/arm/lib/built-in.o
                0x000000004a00239c                do_bad_sync
 .text.do_bad_irq
                0x000000004a0023d8       0x3c arch/arm/lib/built-in.o
                0x000000004a0023d8                do_bad_irq
 .text.do_bad_fiq
                0x000000004a002414       0x3c arch/arm/lib/built-in.o
                0x000000004a002414                do_bad_fiq
 .text.do_bad_error
                0x000000004a002450       0x3c arch/arm/lib/built-in.o
                0x000000004a002450                do_bad_error
 .text.do_sync  0x000000004a00248c       0x3c arch/arm/lib/built-in.o
                0x000000004a00248c                do_sync
 .text.do_irq   0x000000004a0024c8       0x3c arch/arm/lib/built-in.o
                0x000000004a0024c8                do_irq
 .text.do_fiq   0x000000004a002504       0x3c arch/arm/lib/built-in.o
                0x000000004a002504                do_fiq
 .text.do_error
                0x000000004a002540       0x3c arch/arm/lib/built-in.o
                0x000000004a002540                do_error
 .text.do_reset
                0x000000004a00257c       0x38 arch/arm/lib/built-in.o
                0x000000004a00257c                do_reset
 .text.flush_cache
                0x000000004a0025b4        0x8 arch/arm/lib/built-in.o
                0x000000004a0025b4                flush_cache
 .text.s_init   0x000000004a0025bc       0x98 arch/arm/mach-sunxi/built-in.o
                0x000000004a0025bc                s_init
 .text.reset_cpu
                0x000000004a002654       0x2c arch/arm/mach-sunxi/built-in.o
                0x000000004a002654                reset_cpu
 .text.clock_init_sec
                0x000000004a002680       0x1c arch/arm/mach-sunxi/built-in.o
                0x000000004a002684                clock_init_sec
 .text.clock_init
                0x000000004a00269c       0x1c arch/arm/mach-sunxi/built-in.o
                0x000000004a00269c                clock_init
 .text.print_cpuinfo
                0x000000004a0026b8       0x20 arch/arm/mach-sunxi/built-in.o
                0x000000004a0026b8                print_cpuinfo
 .text.sunxi_get_sid
                0x000000004a0026d8       0x3c arch/arm/mach-sunxi/built-in.o
                0x000000004a0026d8                sunxi_get_sid
 .text.sunxi_gpio_set_cfgbank
                0x000000004a002714       0x2c arch/arm/mach-sunxi/built-in.o
                0x000000004a002714                sunxi_gpio_set_cfgbank
 .text.sunxi_gpio_set_cfgpin
                0x000000004a002740       0x3c arch/arm/mach-sunxi/built-in.o
                0x000000004a002740                sunxi_gpio_set_cfgpin
 .text.sunxi_gpio_get_cfgbank
                0x000000004a00277c       0x20 arch/arm/mach-sunxi/built-in.o
                0x000000004a00277c                sunxi_gpio_get_cfgbank
 .text.sunxi_gpio_set_drv
                0x000000004a00279c       0x64 arch/arm/mach-sunxi/built-in.o
                0x000000004a00279c                sunxi_gpio_set_drv
 .text.sunxi_gpio_set_pull
                0x000000004a002800       0x64 arch/arm/mach-sunxi/built-in.o
                0x000000004a002800                sunxi_gpio_set_pull
 .text.sunxi_usb_phy_init
                0x000000004a002864       0xa0 arch/arm/mach-sunxi/built-in.o
                0x000000004a002864                sunxi_usb_phy_init
 .text.sunxi_usb_phy_exit
                0x000000004a002904       0x6c arch/arm/mach-sunxi/built-in.o
                0x000000004a002904                sunxi_usb_phy_exit
 .text.sunxi_usb_phy_power_on
                0x000000004a002970       0x88 arch/arm/mach-sunxi/built-in.o
                0x000000004a002970                sunxi_usb_phy_power_on
 .text.sunxi_usb_phy_probe
                0x000000004a0029f8      0x10c arch/arm/mach-sunxi/built-in.o
                0x000000004a0029f8                sunxi_usb_phy_probe
 .text.clock_init_uart
                0x000000004a002b04       0x38 arch/arm/mach-sunxi/built-in.o
                0x000000004a002b04                clock_init_uart
 .text.clock_get_pll6
                0x000000004a002b3c       0x30 arch/arm/mach-sunxi/built-in.o
                0x000000004a002b3c                clock_get_pll6
 .text.setup_environment
                0x000000004a002b6c      0x188 board/sunxi/built-in.o
 .text.board_init
                0x000000004a002cf4       0x7c board/sunxi/built-in.o
                0x000000004a002cf4                board_init
 .text.dram_init
                0x000000004a002d70       0x30 board/sunxi/built-in.o
                0x000000004a002d70                dram_init
 .text.board_mmc_init
                0x000000004a002da0      0x124 board/sunxi/built-in.o
                0x000000004a002da0                board_mmc_init
 .text.i2c_init_board
                0x000000004a002ec4        0x4 board/sunxi/built-in.o
                0x000000004a002ec4                i2c_init_board
 .text.get_board_serial
                0x000000004a002ec8       0x48 board/sunxi/built-in.o
                0x000000004a002ec8                get_board_serial
 .text.misc_init_r
                0x000000004a002f10       0xf8 board/sunxi/built-in.o
                0x000000004a002f10                misc_init_r
 .text.ft_board_setup
                0x000000004a003008       0x18 board/sunxi/built-in.o
                0x000000004a003008                ft_board_setup
 .text.do_go_exec
                0x000000004a003020       0x10 cmd/built-in.o
                0x000000004a003020                do_go_exec
 .text.do_go    0x000000004a003030       0x88 cmd/built-in.o
 .text.do_bootm
                0x000000004a0030b8      0x108 cmd/built-in.o
                0x000000004a0030b8                do_bootm
 .text.do_bootd
                0x000000004a0031c0       0x2c cmd/built-in.o
                0x000000004a0031c0                do_bootd
 .text.image_info
                0x000000004a0031ec      0x128 cmd/built-in.o
 .text.do_iminfo
                0x000000004a003314       0x80 cmd/built-in.o
 .text.bootm_maybe_autostart
                0x000000004a003394       0x74 cmd/built-in.o
                0x000000004a003394                bootm_maybe_autostart
 .text.do_help  0x000000004a003408       0x3c cmd/built-in.o
 .text.do_version
                0x000000004a003444       0x40 cmd/built-in.o
 .text.source   0x000000004a003484      0x1c8 cmd/built-in.o
                0x000000004a003484                source
 .text.do_source
                0x000000004a00364c       0x78 cmd/built-in.o
 .text.print_num
                0x000000004a0036c4       0x14 cmd/built-in.o
 .text.do_bdinfo
                0x000000004a0036d8       0xec cmd/built-in.o
 .text.bootefi_open_dp
                0x000000004a0037c4       0x14 cmd/built-in.o
 .text.efi_run_in_el2
                0x000000004a0037d8       0x3c cmd/built-in.o
 .text.do_bootefi_exec
                0x000000004a003814      0x2d0 cmd/built-in.o
 .text.do_bootefi
                0x000000004a003ae4       0xa8 cmd/built-in.o
 .text.efi_set_bootdev
                0x000000004a003b8c      0x170 cmd/built-in.o
                0x000000004a003b8c                efi_set_bootdev
 .text.do_booti
                0x000000004a003cfc      0x194 cmd/built-in.o
                0x000000004a003cfc                do_booti
 .text.do_coninfo
                0x000000004a003e90       0xdc cmd/built-in.o
 .text.do_echo  0x000000004a003f6c       0xd8 cmd/built-in.o
 .text.load_elf_image_shdr
                0x000000004a004044       0xa0 cmd/built-in.o
 .text.valid_elf_image
                0x000000004a0040e4       0x58 cmd/built-in.o
                0x000000004a0040e4                valid_elf_image
 .text.do_bootelf
                0x000000004a00413c      0x19c cmd/built-in.o
                0x000000004a00413c                do_bootelf
 .text.do_bootvx
                0x000000004a0042d8      0x370 cmd/built-in.o
                0x000000004a0042d8                do_bootvx
 .text.do_exit  0x000000004a004648       0x40 cmd/built-in.o
 .text.do_ext4_size
                0x000000004a004688        0x8 cmd/built-in.o
                0x000000004a004688                do_ext4_size
 .text.do_ext4_load
                0x000000004a004690        0x8 cmd/built-in.o
                0x000000004a004690                do_ext4_load
 .text.do_ext4_ls
                0x000000004a004698        0x8 cmd/built-in.o
                0x000000004a004698                do_ext4_ls
 .text.do_ext2load
                0x000000004a0046a0        0x8 cmd/built-in.o
                0x000000004a0046a0                do_ext2load
 .text.do_ext2ls
                0x000000004a0046a8        0x8 cmd/built-in.o
 .text.do_fat_size
                0x000000004a0046b0        0x8 cmd/built-in.o
                0x000000004a0046b0                do_fat_size
 .text.do_fat_fsload
                0x000000004a0046b8        0x8 cmd/built-in.o
                0x000000004a0046b8                do_fat_fsload
 .text.do_fat_ls
                0x000000004a0046c0        0x8 cmd/built-in.o
 .text.do_fat_fsinfo
                0x000000004a0046c8       0x94 cmd/built-in.o
 .text.do_fat_fswrite
                0x000000004a00475c      0x120 cmd/built-in.o
 .text.fdt_valid
                0x000000004a00487c       0xcc cmd/built-in.o
 .text.is_printable_string
                0x000000004a004948       0x80 cmd/built-in.o
 .text.print_data
                0x000000004a0049c8      0x1b8 cmd/built-in.o
 .text.set_working_fdt_addr
                0x000000004a004b80       0x18 cmd/built-in.o
                0x000000004a004b80                set_working_fdt_addr
 .text.do_fdt   0x000000004a004b98      0xeec cmd/built-in.o
 .text.do_size_wrapper
                0x000000004a005a84        0x8 cmd/built-in.o
 .text.do_load_wrapper
                0x000000004a005a8c       0x80 cmd/built-in.o
 .text.do_save_wrapper
                0x000000004a005b0c        0x8 cmd/built-in.o
 .text.do_ls_wrapper
                0x000000004a005b14        0x8 cmd/built-in.o
 .text.do_fstype_wrapper
                0x000000004a005b1c        0x4 cmd/built-in.o
 .text.gpio_get_description
                0x000000004a005b20       0xc8 cmd/built-in.o
 .text.do_gpio  0x000000004a005be8      0x35c cmd/built-in.o
 .text.evalexp  0x000000004a005f44       0x94 cmd/built-in.o
 .text.evalstr  0x000000004a005fd8       0x5c cmd/built-in.o
 .text.binary_test
                0x000000004a006034      0x1ac cmd/built-in.o
 .text.do_itest
                0x000000004a0061e0       0x90 cmd/built-in.o
 .text.bin_data_init
                0x000000004a006270       0x1c cmd/built-in.o
 .text.k_data_save
                0x000000004a00628c       0x34 cmd/built-in.o
 .text.k_data_restore
                0x000000004a0062c0       0x34 cmd/built-in.o
 .text.getcxmodem
                0x000000004a0062f4       0x24 cmd/built-in.o
 .text.load_serial_ymodem
                0x000000004a006318       0xf0 cmd/built-in.o
 .text.bin_data_char
                0x000000004a006408       0x28 cmd/built-in.o
 .text.chk1.constprop.1
                0x000000004a006430       0x34 cmd/built-in.o
 .text.s1_sendpacket.constprop.2
                0x000000004a006464       0x60 cmd/built-in.o
 .text.load_serial
                0x000000004a0064c4      0x1e4 cmd/built-in.o
 .text.do_load_serial
                0x000000004a0066a8       0xe4 cmd/built-in.o
 .text.do_load_serial_bin
                0x000000004a00678c      0x7dc cmd/built-in.o
 .text.do_mem_loop
                0x000000004a006f68      0x144 cmd/built-in.o
 .text.do_mem_md
                0x000000004a0070ac       0xf4 cmd/built-in.o
 .text.do_mem_cmp
                0x000000004a0071a0      0x1ac cmd/built-in.o
 .text.do_mem_base
                0x000000004a00734c       0x4c cmd/built-in.o
 .text.do_mem_mw
                0x000000004a007398      0x108 cmd/built-in.o
 .text.do_mem_cp
                0x000000004a0074a0       0xc0 cmd/built-in.o
 .text.do_mem_crc
                0x000000004a007560       0x30 cmd/built-in.o
 .text.mod_mem.isra.0
                0x000000004a007590      0x1d8 cmd/built-in.o
 .text.do_mem_mm
                0x000000004a007768        0x8 cmd/built-in.o
 .text.do_mem_nm
                0x000000004a007770        0x8 cmd/built-in.o
 .text.extract_range
                0x000000004a007778       0xf8 cmd/built-in.o
 .text.do_mii   0x000000004a007870      0x8f4 cmd/built-in.o
 .text.do_mdio  0x000000004a008164      0x4a0 cmd/built-in.o
 .text.do_sleep
                0x000000004a008604       0xe8 cmd/built-in.o
 .text.do_mmcops
                0x000000004a0086ec       0xd0 cmd/built-in.o
 .text.init_mmc_device
                0x000000004a0087bc       0x64 cmd/built-in.o
 .text.do_mmc_rescan
                0x000000004a008820       0x28 cmd/built-in.o
 .text.do_mmc_hwpartition
                0x000000004a008848      0x4f0 cmd/built-in.o
 .text.do_mmc_list
                0x000000004a008d38       0x1c cmd/built-in.o
 .text.do_mmc_dev
                0x000000004a008d54      0x14c cmd/built-in.o
 .text.do_mmc_part
                0x000000004a008ea0       0x64 cmd/built-in.o
 .text.do_mmc_erase
                0x000000004a008f04      0x10c cmd/built-in.o
 .text.do_mmc_write
                0x000000004a009010      0x12c cmd/built-in.o
 .text.do_mmc_read
                0x000000004a00913c      0x110 cmd/built-in.o
 .text.do_mmcinfo
                0x000000004a00924c      0x384 cmd/built-in.o
 .text.do_mmc_setdsr
                0x000000004a0095d0       0xbc cmd/built-in.o
 .text.netboot_common
                0x000000004a00968c      0x270 cmd/built-in.o
 .text.do_bootp
                0x000000004a0098fc        0xc cmd/built-in.o
 .text.do_dhcp  0x000000004a009908        0xc cmd/built-in.o
 .text.do_nfs   0x000000004a009914        0xc cmd/built-in.o
 .text.do_tftpb
                0x000000004a009920       0x58 cmd/built-in.o
                0x000000004a009920                do_tftpb
 .text.do_ping  0x000000004a009978       0x7c cmd/built-in.o
 .text.do_part_list
                0x000000004a0099f4      0x18c cmd/built-in.o
 .text.do_part_start
                0x000000004a009b80       0xd8 cmd/built-in.o
 .text.do_part_size
                0x000000004a009c58       0xd8 cmd/built-in.o
 .text.do_part  0x000000004a009d30      0x114 cmd/built-in.o
 .text.eol_or_eof
                0x000000004a009e44       0x24 cmd/built-in.o
 .text.do_pxe   0x000000004a009e68       0x8c cmd/built-in.o
 .text.label_print
                0x000000004a009ef4       0x1c cmd/built-in.o
 .text.do_get_tftp
                0x000000004a009f10       0x3c cmd/built-in.o
 .text.from_env
                0x000000004a009f4c       0x3c cmd/built-in.o
 .text.get_string
                0x000000004a009f88       0xe8 cmd/built-in.o
 .text.label_destroy
                0x000000004a00a070       0x68 cmd/built-in.o
 .text.destroy_pxe_menu
                0x000000004a00a0d8       0x68 cmd/built-in.o
 .text.get_token
                0x000000004a00a140      0x134 cmd/built-in.o
 .text.parse_sliteral
                0x000000004a00a274       0x6c cmd/built-in.o
 .text.parse_integer
                0x000000004a00a2e0       0x84 cmd/built-in.o
 .text.do_get_any
                0x000000004a00a364       0x44 cmd/built-in.o
 .text.do_get_fat
                0x000000004a00a3a8       0x40 cmd/built-in.o
 .text.do_get_ext2
                0x000000004a00a3e8       0x40 cmd/built-in.o
 .text.format_mac_pxe.constprop.6
                0x000000004a00a428       0x6c cmd/built-in.o
 .text.get_relfile
                0x000000004a00a494      0x138 cmd/built-in.o
 .text.get_pxe_file
                0x000000004a00a5cc       0x60 cmd/built-in.o
 .text.handle_include
                0x000000004a00a62c       0xc4 cmd/built-in.o
 .text.parse_pxefile_top
                0x000000004a00a6f0      0x3f8 cmd/built-in.o
 .text.parse_pxefile
                0x000000004a00aae8       0x7c cmd/built-in.o
 .text.get_pxelinux_path
                0x000000004a00ab64       0x98 cmd/built-in.o
 .text.do_pxe_get
                0x000000004a00abfc      0x16c cmd/built-in.o
 .text.get_relfile_envaddr
                0x000000004a00ad68       0x5c cmd/built-in.o
 .text.label_boot
                0x000000004a00adc4      0x574 cmd/built-in.o
 .text.handle_pxe_menu
                0x000000004a00b338      0x174 cmd/built-in.o
 .text.do_pxe_boot
                0x000000004a00b4ac       0xf0 cmd/built-in.o
 .text.do_sysboot
                0x000000004a00b59c      0x1f4 cmd/built-in.o
 .text.substitute
                0x000000004a00b790      0x114 cmd/built-in.o
 .text.get_arg  0x000000004a00b8a4       0x68 cmd/built-in.o
 .text.regex_sub
                0x000000004a00b90c      0x2d0 cmd/built-in.o
 .text.do_setexpr
                0x000000004a00bbdc      0x198 cmd/built-in.o
 .text.do_false
                0x000000004a00bd74        0x8 cmd/built-in.o
 .text.do_true  0x000000004a00bd7c        0x8 cmd/built-in.o
 .text.do_test  0x000000004a00bd84      0x360 cmd/built-in.o
 .text.usb_get_class_desc
                0x000000004a00c0e4       0xc0 cmd/built-in.o
 .text.usb_display_class_sub
                0x000000004a00c1a4      0x18c cmd/built-in.o
 .text.usb_show_tree_graph
                0x000000004a00c330      0x1ec cmd/built-in.o
 .text.usb_show_subtree
                0x000000004a00c51c       0x38 cmd/built-in.o
 .text.usb_for_each_root_dev
                0x000000004a00c554       0x68 cmd/built-in.o
 .text.usb_display_string
                0x000000004a00c5bc       0x4c cmd/built-in.o
 .text.usb_display_config
                0x000000004a00c608      0x270 cmd/built-in.o
 .text.usb_find_device
                0x000000004a00c878       0xb0 cmd/built-in.o
 .text.do_usbboot
                0x000000004a00c928        0xc cmd/built-in.o
 .text.usb_display_desc.part.1
                0x000000004a00c934      0x114 cmd/built-in.o
 .text.do_usb_start
                0x000000004a00ca48       0x30 cmd/built-in.o
 .text.usb_show_info
                0x000000004a00ca78       0x64 cmd/built-in.o
 .text.usb_show_tree
                0x000000004a00cadc        0xc cmd/built-in.o
                0x000000004a00cadc                usb_show_tree
 .text.do_usb   0x000000004a00cae8      0x738 cmd/built-in.o
 .text.common_diskboot
                0x000000004a00d220      0x2ac cmd/built-in.o
                0x000000004a00d220                common_diskboot
 .text.do_imgextract
                0x000000004a00d4cc      0x3b4 cmd/built-in.o
 .text.do_env_delete
                0x000000004a00d880       0xbc cmd/built-in.o
 .text.do_env_exists
                0x000000004a00d93c       0x60 cmd/built-in.o
 .text.do_env_save
                0x000000004a00d99c       0x30 cmd/built-in.o
 .text.do_env   0x000000004a00d9cc       0x80 cmd/built-in.o
 .text.env_print
                0x000000004a00da4c       0xc0 cmd/built-in.o
 .text.do_env_print
                0x000000004a00db0c       0xe0 cmd/built-in.o
 .text.do_env_import
                0x000000004a00dbec      0x268 cmd/built-in.o
 .text.do_env_default
                0x000000004a00de54       0x90 cmd/built-in.o
 .text._do_env_set.isra.0
                0x000000004a00dee4      0x1b8 cmd/built-in.o
 .text.do_env_set
                0x000000004a00e09c       0x20 cmd/built-in.o
 .text.get_env_id
                0x000000004a00e0bc        0xc cmd/built-in.o
                0x000000004a00e0bc                get_env_id
 .text.setenv   0x000000004a00e0c8       0x58 cmd/built-in.o
                0x000000004a00e0c8                setenv
 .text.setenv_ulong
                0x000000004a00e120       0x2c cmd/built-in.o
                0x000000004a00e120                setenv_ulong
 .text.setenv_hex
                0x000000004a00e14c       0x3c cmd/built-in.o
                0x000000004a00e14c                setenv_hex
 .text.do_env_export
                0x000000004a00e188      0x23c cmd/built-in.o
 .text.envmatch
                0x000000004a00e3c4       0x80 cmd/built-in.o
                0x000000004a00e3c4                envmatch
 .text.getenv_f
                0x000000004a00e444       0xf0 cmd/built-in.o
                0x000000004a00e444                getenv_f
 .text.getenv   0x000000004a00e534       0x78 cmd/built-in.o
                0x000000004a00e534                getenv
 .text.getenv_hex
                0x000000004a00e5ac       0x48 cmd/built-in.o
                0x000000004a00e5ac                getenv_hex
 .text.getenv_ulong
                0x000000004a00e5f4       0x40 cmd/built-in.o
                0x000000004a00e5f4                getenv_ulong
 .text.do_env_edit.part.2
                0x000000004a00e634       0xb4 cmd/built-in.o
 .text.do_env_edit
                0x000000004a00e6e8       0x28 cmd/built-in.o
 .text.board_init_f_alloc_reserve
                0x000000004a00e710        0xc common/built-in.o
                0x000000004a00e710                board_init_f_alloc_reserve
 .text.board_init_f_init_reserve
                0x000000004a00e71c       0x30 common/built-in.o
                0x000000004a00e71c                board_init_f_init_reserve
 .text.show_boot_progress
                0x000000004a00e74c        0x8 common/built-in.o
                0x000000004a00e74c                show_boot_progress
 .text.main_loop
                0x000000004a00e754       0x6c common/built-in.o
                0x000000004a00e754                main_loop
 .text.mdelay   0x000000004a00e7c0       0x30 common/built-in.o
 .text.dummy    0x000000004a00e7f0        0x4 common/built-in.o
 .text.get_version
                0x000000004a00e7f4        0x8 common/built-in.o
                0x000000004a00e7f4                get_version
 .text.jumptable_init
                0x000000004a00e7fc      0x1f0 common/built-in.o
                0x000000004a00e7fc                jumptable_init
 .text.hash_finish_crc32
                0x000000004a00e9ec       0x38 common/built-in.o
 .text.hash_update_crc32
                0x000000004a00ea24       0x34 common/built-in.o
 .text.hash_init_crc32
                0x000000004a00ea58       0x30 common/built-in.o
 .text.hash_finish_sha256
                0x000000004a00ea88       0x48 common/built-in.o
 .text.hash_update_sha256
                0x000000004a00ead0       0x24 common/built-in.o
 .text.hash_init_sha256
                0x000000004a00eaf4       0x34 common/built-in.o
 .text.hash_finish_sha1
                0x000000004a00eb28       0x48 common/built-in.o
 .text.hash_update_sha1
                0x000000004a00eb70       0x24 common/built-in.o
 .text.hash_init_sha1
                0x000000004a00eb94       0x34 common/built-in.o
 .text.hash_lookup_algo
                0x000000004a00ebc8       0x78 common/built-in.o
                0x000000004a00ebc8                hash_lookup_algo
 .text.hash_command
                0x000000004a00ec40      0x1d4 common/built-in.o
                0x000000004a00ec40                hash_command
 .text.b_reset  0x000000004a00ee14       0x18 common/built-in.o
 .text.static_get
                0x000000004a00ee2c       0x1c common/built-in.o
 .text.file_peek
                0x000000004a00ee48        0xc common/built-in.o
 .text.mapset   0x000000004a00ee54       0x20 common/built-in.o
 .text.syntax_err
                0x000000004a00ee74        0xc common/built-in.o
 .text.free_pipe_list
                0x000000004a00ee80       0xf4 common/built-in.o
 .text.xmalloc  0x000000004a00ef74       0x28 common/built-in.o
 .text.new_pipe
                0x000000004a00ef9c       0x24 common/built-in.o
 .text.xrealloc
                0x000000004a00efc0       0x28 common/built-in.o
 .text.done_command
                0x000000004a00efe8       0x94 common/built-in.o
 .text.done_pipe
                0x000000004a00f07c       0x50 common/built-in.o
 .text.done_word
                0x000000004a00f0cc      0x294 common/built-in.o
 .text.do_showvar
                0x000000004a00f360      0x108 common/built-in.o
 .text.is_assignment
                0x000000004a00f468       0x4c common/built-in.o
 .text.file_get
                0x000000004a00f4b4      0x200 common/built-in.o
 .text.b_addchr
                0x000000004a00f6b4       0x94 common/built-in.o
 .text.b_addqchr
                0x000000004a00f748       0x58 common/built-in.o
 .text.static_peek
                0x000000004a00f7a0        0xc common/built-in.o
 .text.get_local_var
                0x000000004a00f7ac       0x9c common/built-in.o
                0x000000004a00f7ac                get_local_var
 .text.set_local_var
                0x000000004a00f848      0x1a4 common/built-in.o
                0x000000004a00f848                set_local_var
 .text.insert_var_value_sub
                0x000000004a00f9ec      0x2c0 common/built-in.o
 .text.parse_string_outer
                0x000000004a00fcac       0xf4 common/built-in.o
                0x000000004a00fcac                parse_string_outer
 .text.run_list_real
                0x000000004a00fda0      0x72c common/built-in.o
 .text.parse_stream_outer
                0x000000004a0104cc      0x67c common/built-in.o
 .text.parse_file_outer
                0x000000004a010b48       0x40 common/built-in.o
                0x000000004a010b48                parse_file_outer
 .text.u_boot_hush_start
                0x000000004a010b88       0x5c common/built-in.o
                0x000000004a010b88                u_boot_hush_start
 .text.bootdelay_process
                0x000000004a010be4       0xd0 common/built-in.o
                0x000000004a010be4                bootdelay_process
 .text.autoboot_command
                0x000000004a010cb4      0x110 common/built-in.o
                0x000000004a010cb4                autoboot_command
 .text.setup_mon_len
                0x000000004a010dc4       0x20 common/built-in.o
 .text.reserve_round_4k
                0x000000004a010de4       0x14 common/built-in.o
 .text.reserve_uboot
                0x000000004a010df8       0x2c common/built-in.o
 .text.reserve_malloc
                0x000000004a010e24       0x1c common/built-in.o
 .text.reserve_global_data
                0x000000004a010e40       0x1c common/built-in.o
 .text.reserve_fdt
                0x000000004a010e5c       0x48 common/built-in.o
 .text.initf_console_record
                0x000000004a010ea4        0x8 common/built-in.o
 .text.arch_cpu_init_dm
                0x000000004a010eac        0x8 common/built-in.o
                0x000000004a010eac                arch_cpu_init_dm
 .text.dram_init_banksize
                0x000000004a010eb4       0x34 common/built-in.o
                0x000000004a010eb4                dram_init_banksize
 .text.reserve_mmu
                0x000000004a010ee8       0x4c common/built-in.o
 .text.announce_dram_init
                0x000000004a010f34       0x20 common/built-in.o
 .text.init_baud_rate
                0x000000004a010f54       0x3c common/built-in.o
 .text.mark_bootstage
                0x000000004a010f90       0x1c common/built-in.o
 .text.initf_dm
                0x000000004a010fac        0x8 common/built-in.o
 .text.setup_reloc
                0x000000004a010fb4       0x48 common/built-in.o
 .text.reloc_fdt
                0x000000004a010ffc       0x44 common/built-in.o
 .text.reserve_board
                0x000000004a011040       0x48 common/built-in.o
 .text.reserve_arch
                0x000000004a011088        0x8 common/built-in.o
                0x000000004a011088                reserve_arch
 .text.display_text_info
                0x000000004a011090        0x8 common/built-in.o
 .text.arch_cpu_init
                0x000000004a011098        0x8 common/built-in.o
                0x000000004a011098                arch_cpu_init
 .text.mach_cpu_init
                0x000000004a0110a0        0x8 common/built-in.o
                0x000000004a0110a0                mach_cpu_init
 .text.reserve_video
                0x000000004a0110a8        0x8 common/built-in.o
 .text.reserve_trace
                0x000000004a0110b0        0x8 common/built-in.o
 .text.setup_machine
                0x000000004a0110b8        0x8 common/built-in.o
 .text.display_new_sp
                0x000000004a0110c0        0x8 common/built-in.o
 .text.board_add_ram_info
                0x000000004a0110c8        0x4 common/built-in.o
                0x000000004a0110c8                board_add_ram_info
 .text.show_dram_config
                0x000000004a0110cc       0x38 common/built-in.o
 .text.board_get_usable_ram_top
                0x000000004a011104       0x20 common/built-in.o
                0x000000004a011104                board_get_usable_ram_top
 .text.setup_dest_addr
                0x000000004a011124       0x4c common/built-in.o
 .text.reserve_stacks
                0x000000004a011170       0x1c common/built-in.o
 .text.board_init_f
                0x000000004a01118c       0x2c common/built-in.o
                0x000000004a01118c                board_init_f
 .text.bootstage_relocate
                0x000000004a0111b8        0x8 common/built-in.o
 .text.initr_reloc
                0x000000004a0111c0       0x18 common/built-in.o
 .text.power_init_board
                0x000000004a0111d8        0x8 common/built-in.o
                0x000000004a0111d8                power_init_board
 .text.initr_announce
                0x000000004a0111e0        0x8 common/built-in.o
 .text.init_env_boot_mmc
                0x000000004a0111e8       0x9c common/built-in.o
 .text.run_main_loop
                0x000000004a011284       0x10 common/built-in.o
 .text.initr_net
                0x000000004a011294       0x24 common/built-in.o
 .text.initr_ethaddr
                0x000000004a0112b8       0x28 common/built-in.o
 .text.initr_enable_interrupts
                0x000000004a0112e0       0x18 common/built-in.o
 .text.initr_jumptable
                0x000000004a0112f8       0x18 common/built-in.o
 .text.initr_env
                0x000000004a011310       0x70 common/built-in.o
 .text.initr_mmc
                0x000000004a011380       0x28 common/built-in.o
 .text.initr_serial
                0x000000004a0113a8       0x18 common/built-in.o
 .text.initr_bootstage
                0x000000004a0113c0       0x1c common/built-in.o
 .text.initr_dm
                0x000000004a0113dc       0x14 common/built-in.o
 .text.initr_malloc
                0x000000004a0113f0       0x2c common/built-in.o
 .text.initr_reloc_global_data
                0x000000004a01141c       0x3c common/built-in.o
 .text.initr_caches
                0x000000004a011458       0x18 common/built-in.o
 .text.initr_console_record
                0x000000004a011470        0x8 common/built-in.o
 .text.initr_trace
                0x000000004a011478        0x8 common/built-in.o
 .text.initr_barrier
                0x000000004a011480        0x8 common/built-in.o
 .text.cpu_secondary_init_r
                0x000000004a011488        0x4 common/built-in.o
                0x000000004a011488                cpu_secondary_init_r
 .text.initr_secondary_cpu
                0x000000004a01148c       0x18 common/built-in.o
 .text.nanopi_read_gpio
                0x000000004a0114a4       0xc8 common/built-in.o
                0x000000004a0114a4                nanopi_read_gpio
 .text.nanopi_get_board
                0x000000004a01156c      0x17c common/built-in.o
                0x000000004a01156c                nanopi_get_board
 .text.setup_env_boardtype
                0x000000004a0116e8       0x34 common/built-in.o
 .text.board_init_r
                0x000000004a01171c       0x18 common/built-in.o
                0x000000004a01171c                board_init_r
 .text.checkboard
                0x000000004a011734        0x8 common/built-in.o
                0x000000004a011734                checkboard
 .text.show_board_info
                0x000000004a01173c       0x3c common/built-in.o
                0x000000004a01173c                show_board_info
 .text.bootm_find_images
                0x000000004a011778       0xcc common/built-in.o
                0x000000004a011778                bootm_find_images
 .text.bootm_decomp_image
                0x000000004a011844      0x178 common/built-in.o
                0x000000004a011844                bootm_decomp_image
 .text.bootm_disable_interrupts
                0x000000004a0119bc       0x28 common/built-in.o
                0x000000004a0119bc                bootm_disable_interrupts
 .text.do_bootm_states
                0x000000004a0119e4      0x83c common/built-in.o
                0x000000004a0119e4                do_bootm_states
 .text.copy_args
                0x000000004a012220       0x74 common/built-in.o
 .text.do_bootm_rtems
                0x000000004a012294       0x60 common/built-in.o
 .text.do_bootm_plan9
                0x000000004a0122f4       0xc8 common/built-in.o
 .text.do_bootm_standalone
                0x000000004a0123bc       0x74 common/built-in.o
 .text.do_bootm_qnxelf
                0x000000004a012430       0x8c common/built-in.o
 .text.do_bootm_netbsd
                0x000000004a0124bc      0x13c common/built-in.o
 .text.do_bootvx_fdt
                0x000000004a0125f8      0x114 common/built-in.o
                0x000000004a0125f8                do_bootvx_fdt
 .text.do_bootm_vxworks
                0x000000004a01270c       0x3c common/built-in.o
 .text.arch_preboot_os
                0x000000004a012748        0x4 common/built-in.o
                0x000000004a012748                arch_preboot_os
 .text.boot_selected_os
                0x000000004a01274c       0x78 common/built-in.o
                0x000000004a01274c                boot_selected_os
 .text.bootm_os_get_boot_func
                0x000000004a0127c4       0x10 common/built-in.o
                0x000000004a0127c4                bootm_os_get_boot_func
 .text.regex_callback
                0x000000004a0127d4      0x13c common/built-in.o
 .text.env_attr_walk
                0x000000004a012910      0x148 common/built-in.o
                0x000000004a012910                env_attr_walk
 .text.env_attr_lookup
                0x000000004a012a58       0x7c common/built-in.o
                0x000000004a012a58                env_attr_lookup
 .text.clear_callback
                0x000000004a012ad4        0xc common/built-in.o
 .text.find_env_callback
                0x000000004a012ae0       0x7c common/built-in.o
 .text.on_callbacks
                0x000000004a012b5c       0x60 common/built-in.o
 .text.set_callback
                0x000000004a012bbc       0x90 common/built-in.o
 .text.env_callback_init
                0x000000004a012c4c       0xbc common/built-in.o
                0x000000004a012c4c                env_callback_init
 .text.skip_num
                0x000000004a012d08       0x70 common/built-in.o
 .text.clear_flags
                0x000000004a012d78        0xc common/built-in.o
 .text.on_flags
                0x000000004a012d84       0x60 common/built-in.o
 .text.env_flags_parse_vartype
                0x000000004a012de4       0x58 common/built-in.o
                0x000000004a012de4                env_flags_parse_vartype
 .text.env_flags_parse_varaccess
                0x000000004a012e3c       0x5c common/built-in.o
                0x000000004a012e3c                env_flags_parse_varaccess
 .text.set_flags
                0x000000004a012e98       0xac common/built-in.o
 .text.eth_validate_ethaddr_str
                0x000000004a012f44       0x98 common/built-in.o
                0x000000004a012f44                eth_validate_ethaddr_str
 .text.env_flags_init
                0x000000004a012fdc       0xc8 common/built-in.o
                0x000000004a012fdc                env_flags_init
 .text.env_flags_validate
                0x000000004a0130a4      0x278 common/built-in.o
                0x000000004a0130a4                env_flags_validate
 .text.mmc_get_env_addr
                0x000000004a01331c       0x14 common/built-in.o
                0x000000004a01331c                mmc_get_env_addr
 .text.mmc_get_env_dev
                0x000000004a013330        0x8 common/built-in.o
                0x000000004a013330                mmc_get_env_dev
 .text.env_init
                0x000000004a013338       0x1c common/built-in.o
                0x000000004a013338                env_init
 .text.saveenv  0x000000004a013354      0x12c common/built-in.o
                0x000000004a013354                saveenv
 .text.env_relocate_spec
                0x000000004a013480       0xf0 common/built-in.o
                0x000000004a013480                env_relocate_spec
 .text.of_bus_default_map
                0x000000004a013570       0xa4 common/built-in.o
 .text.of_bus_default_count_cells
                0x000000004a013614       0x70 common/built-in.o
                0x000000004a013614                of_bus_default_count_cells
 .text.of_bus_default_translate
                0x000000004a013684       0xb8 common/built-in.o
 .text.fdt_getprop_u32_default_node
                0x000000004a01373c       0x50 common/built-in.o
                0x000000004a01373c                fdt_getprop_u32_default_node
 .text.fdt_find_and_setprop
                0x000000004a01378c       0x94 common/built-in.o
                0x000000004a01378c                fdt_find_and_setprop
 .text.fdt_find_or_add_subnode
                0x000000004a013820       0x74 common/built-in.o
                0x000000004a013820                fdt_find_or_add_subnode
 .text.fdt_root
                0x000000004a013894       0x98 common/built-in.o
                0x000000004a013894                fdt_root
 .text.fdt_initrd
                0x000000004a01392c      0x1b8 common/built-in.o
                0x000000004a01392c                fdt_initrd
 .text.fdt_chosen
                0x000000004a013ae4       0xf4 common/built-in.o
                0x000000004a013ae4                fdt_chosen
 .text.do_fixup_by_path
                0x000000004a013bd8       0x4c common/built-in.o
                0x000000004a013bd8                do_fixup_by_path
 .text.fdt_fixup_memory_banks
                0x000000004a013c24      0x1e0 common/built-in.o
                0x000000004a013c24                fdt_fixup_memory_banks
 .text.fdt_fixup_memory
                0x000000004a013e04       0x2c common/built-in.o
                0x000000004a013e04                fdt_fixup_memory
 .text.fdt_fixup_ethernet
                0x000000004a013e30      0x1ac common/built-in.o
                0x000000004a013e30                fdt_fixup_ethernet
 .text.fdt_shrink_to_minimum
                0x000000004a013fdc       0xc8 common/built-in.o
                0x000000004a013fdc                fdt_shrink_to_minimum
 .text.fdt_translate_address
                0x000000004a0140a4      0x28c common/built-in.o
                0x000000004a0140a4                fdt_translate_address
 .text.miiphy_get_dev_by_name
                0x000000004a014330       0x6c common/built-in.o
                0x000000004a014330                miiphy_get_dev_by_name
 .text.miiphy_init
                0x000000004a01439c       0x1c common/built-in.o
                0x000000004a01439c                miiphy_init
 .text.mdio_alloc
                0x000000004a0143b8       0x3c common/built-in.o
                0x000000004a0143b8                mdio_alloc
 .text.mdio_register
                0x000000004a0143f4       0x8c common/built-in.o
                0x000000004a0143f4                mdio_register
 .text.mdio_list_devices
                0x000000004a014480       0xd4 common/built-in.o
                0x000000004a014480                mdio_list_devices
 .text.miiphy_set_current_dev
                0x000000004a014554       0x48 common/built-in.o
                0x000000004a014554                miiphy_set_current_dev
 .text.miiphy_get_active_dev
                0x000000004a01459c       0x60 common/built-in.o
 .text.mdio_get_current_dev
                0x000000004a0145fc        0xc common/built-in.o
                0x000000004a0145fc                mdio_get_current_dev
 .text.mdio_phydev_for_ethname
                0x000000004a014608       0xa0 common/built-in.o
                0x000000004a014608                mdio_phydev_for_ethname
 .text.miiphy_get_current_dev
                0x000000004a0146a8       0x18 common/built-in.o
                0x000000004a0146a8                miiphy_get_current_dev
 .text.miiphy_read
                0x000000004a0146c0       0x5c common/built-in.o
                0x000000004a0146c0                miiphy_read
 .text.miiphy_write
                0x000000004a01471c       0x5c common/built-in.o
                0x000000004a01471c                miiphy_write
 .text.miiphy_listdev
                0x000000004a014778       0x90 common/built-in.o
                0x000000004a014778                miiphy_listdev
 .text.miiphy_info
                0x000000004a014808       0xa0 common/built-in.o
                0x000000004a014808                miiphy_info
 .text.miiphy_speed
                0x000000004a0148a8       0xc8 common/built-in.o
                0x000000004a0148a8                miiphy_speed
 .text.miiphy_duplex
                0x000000004a014970       0xc8 common/built-in.o
                0x000000004a014970                miiphy_duplex
 .text.miiphy_is_1000base_x
                0x000000004a014a38        0x8 common/built-in.o
                0x000000004a014a38                miiphy_is_1000base_x
 .text.usb_set_maxpacket_ep
                0x000000004a014a40       0x84 common/built-in.o
 .text.usb_control_msg
                0x000000004a014ac4       0xa0 common/built-in.o
                0x000000004a014ac4                usb_control_msg
 .text.usb_get_descriptor
                0x000000004a014b64       0x5c common/built-in.o
 .text.get_descriptor_len
                0x000000004a014bc0       0xa4 common/built-in.o
 .text.usb_get_string
                0x000000004a014c64       0xa4 common/built-in.o
 .text.usb_string_sub
                0x000000004a014d08      0x114 common/built-in.o
 .text.usb_bulk_msg
                0x000000004a014e1c       0x7c common/built-in.o
                0x000000004a014e1c                usb_bulk_msg
 .text.usb_maxpacket
                0x000000004a014e98       0x20 common/built-in.o
                0x000000004a014e98                usb_maxpacket
 .text.usb_clear_halt
                0x000000004a014eb8       0xa0 common/built-in.o
                0x000000004a014eb8                usb_clear_halt
 .text.usb_get_configuration_len
                0x000000004a014f58       0x78 common/built-in.o
                0x000000004a014f58                usb_get_configuration_len
 .text.usb_get_configuration_no
                0x000000004a014fd0       0x40 common/built-in.o
                0x000000004a014fd0                usb_get_configuration_no
 .text.usb_set_interface
                0x000000004a015010       0xbc common/built-in.o
                0x000000004a015010                usb_set_interface
 .text.usb_set_protocol
                0x000000004a0150cc       0x4c common/built-in.o
                0x000000004a0150cc                usb_set_protocol
 .text.usb_set_idle
                0x000000004a015118       0x4c common/built-in.o
                0x000000004a015118                usb_set_idle
 .text.usb_string
                0x000000004a015164      0x108 common/built-in.o
                0x000000004a015164                usb_string
 .text.usb_select_config
                0x000000004a01526c      0x4bc common/built-in.o
                0x000000004a01526c                usb_select_config
 .text.usb_setup_device
                0x000000004a015728      0x1b0 common/built-in.o
                0x000000004a015728                usb_setup_device
 .text.usb_device_has_child_on_port
                0x000000004a0158d8        0x8 common/built-in.o
                0x000000004a0158d8                usb_device_has_child_on_port
 .text.usb_find_usb2_hub_address_port
                0x000000004a0158e0       0x90 common/built-in.o
                0x000000004a0158e0                usb_find_usb2_hub_address_port
 .text.usb_set_port_feature
                0x000000004a015970       0x4c common/built-in.o
 .text.usb_clear_port_feature
                0x000000004a0159bc       0x4c common/built-in.o
 .text.usb_get_hub_descriptor
                0x000000004a015a08       0x54 common/built-in.o
 .text.usb_hub_reset_devices
                0x000000004a015a5c        0x4 common/built-in.o
                0x000000004a015a5c                usb_hub_reset_devices
 .text.usb_get_port_status
                0x000000004a015a60       0x54 common/built-in.o
                0x000000004a015a60                usb_get_port_status
 .text.usb_hub_reset
                0x000000004a015ab4       0x1c common/built-in.o
                0x000000004a015ab4                usb_hub_reset
 .text.legacy_hub_port_reset
                0x000000004a015ad0       0xb0 common/built-in.o
                0x000000004a015ad0                legacy_hub_port_reset
 .text.usb_hub_port_connect_change
                0x000000004a015b80      0x12c common/built-in.o
                0x000000004a015b80                usb_hub_port_connect_change
 .text.usb_hub_configure
                0x000000004a015cac      0x4a8 common/built-in.o
 .text.usb_hub_scan
                0x000000004a016154       0x14 common/built-in.o
                0x000000004a016154                usb_hub_scan
 .text.usb_hub_post_probe
                0x000000004a016168        0x4 common/built-in.o
 .text.usb_stor_irq
                0x000000004a01616c       0x18 common/built-in.o
 .text.usb_stor_BBB_reset
                0x000000004a016184      0x110 common/built-in.o
 .text.usb_stor_CB_reset
                0x000000004a016294       0xe8 common/built-in.o
 .text.usb_stor_BBB_clear_endpt_stall.isra.0
                0x000000004a01637c       0x4c common/built-in.o
 .text.usb_stor_BBB_transport
                0x000000004a0163c8      0x254 common/built-in.o
 .text.usb_stor_CB_comdat
                0x000000004a01661c      0x1f4 common/built-in.o
 .text.usb_stor_CBI_get_status.isra.2
                0x000000004a016810       0xd4 common/built-in.o
 .text.usb_stor_CB_transport
                0x000000004a0168e4      0x200 common/built-in.o
 .text.usb_request_sense.constprop.10
                0x000000004a016ae4       0x8c common/built-in.o
 .text.usb_stor_read
                0x000000004a016b70      0x188 common/built-in.o
 .text.usb_stor_write
                0x000000004a016cf8      0x188 common/built-in.o
 .text.usb_stor_info
                0x000000004a016e80       0x8c common/built-in.o
                0x000000004a016e80                usb_stor_info
 .text.usb_stor_reset
                0x000000004a016f0c        0xc common/built-in.o
                0x000000004a016f0c                usb_stor_reset
 .text.usb_stor_scan
                0x000000004a016f18       0x4c common/built-in.o
                0x000000004a016f18                usb_stor_scan
 .text.usb_storage_probe
                0x000000004a016f64      0x240 common/built-in.o
                0x000000004a016f64                usb_storage_probe
 .text.usb_stor_get_info
                0x000000004a0171a4      0x2fc common/built-in.o
                0x000000004a0171a4                usb_stor_get_info
 .text.usb_mass_storage_probe
                0x000000004a0174a0      0x1e4 common/built-in.o
 .text.iomux_doenv
                0x000000004a017684      0x1c8 common/built-in.o
                0x000000004a017684                iomux_doenv
 .text.menu_display_statusline
                0x000000004a01784c        0x4 common/built-in.o
                0x000000004a01784c                menu_display_statusline
 .text.menu_default_set
                0x000000004a017850       0x98 common/built-in.o
                0x000000004a017850                menu_default_set
 .text.menu_get_choice
                0x000000004a0178e8      0x1ec common/built-in.o
                0x000000004a0178e8                menu_get_choice
 .text.menu_item_add
                0x000000004a017ad4       0xdc common/built-in.o
                0x000000004a017ad4                menu_item_add
 .text.menu_create
                0x000000004a017bb0       0xa4 common/built-in.o
                0x000000004a017bb0                menu_create
 .text.menu_destroy
                0x000000004a017c54       0x80 common/built-in.o
                0x000000004a017c54                menu_destroy
 .text.usb_kbd_remove
                0x000000004a017cd4       0xb8 common/built-in.o
 .text.usb_kbd_translate.part.0
                0x000000004a017d8c      0x160 common/built-in.o
 .text.usb_kbd_probe
                0x000000004a017eec      0x1d8 common/built-in.o
 .text.usb_kbd_irq_worker
                0x000000004a0180c4      0x1bc common/built-in.o
 .text.usb_kbd_getc
                0x000000004a018280       0xe0 common/built-in.o
 .text.usb_kbd_testc
                0x000000004a018360       0xe0 common/built-in.o
 .text.usb_kbd_irq
                0x000000004a018440       0x20 common/built-in.o
 .text.env_get_char_spec
                0x000000004a018460        0xc common/built-in.o
                0x000000004a018460                env_get_char_spec
 .text.env_get_addr
                0x000000004a01846c       0x24 common/built-in.o
                0x000000004a01846c                env_get_addr
 .text.env_get_char_memory
                0x000000004a018490       0x18 common/built-in.o
                0x000000004a018490                env_get_char_memory
 .text.env_get_char
                0x000000004a0184a8       0x2c common/built-in.o
                0x000000004a0184a8                env_get_char
 .text.getenv_yesno
                0x000000004a0184d4       0x4c common/built-in.o
                0x000000004a0184d4                getenv_yesno
 .text.getenv_default
                0x000000004a018520       0x3c common/built-in.o
                0x000000004a018520                getenv_default
 .text.set_default_env
                0x000000004a01855c       0xbc common/built-in.o
                0x000000004a01855c                set_default_env
 .text.set_default_vars
                0x000000004a018618       0x2c common/built-in.o
                0x000000004a018618                set_default_vars
 .text.env_import
                0x000000004a018644       0xdc common/built-in.o
                0x000000004a018644                env_import
 .text.env_export
                0x000000004a018720       0x94 common/built-in.o
                0x000000004a018720                env_export
 .text.env_relocate
                0x000000004a0187b4       0x2c common/built-in.o
                0x000000004a0187b4                env_relocate
 .text.env_complete
                0x000000004a0187e0      0x104 common/built-in.o
                0x000000004a0187e0                env_complete
 .text.console_tstc
                0x000000004a0188e4       0x98 common/built-in.o
 .text.console_putc
                0x000000004a01897c       0x70 common/built-in.o
 .text.console_puts
                0x000000004a0189ec       0x70 common/built-in.o
 .text.pre_console_putc
                0x000000004a018a5c       0x1c common/built-in.o
 .text.on_console
                0x000000004a018a78       0xc4 common/built-in.o
 .text.serial_printf
                0x000000004a018b3c       0xb0 common/built-in.o
                0x000000004a018b3c                serial_printf
 .text.console_getc.isra.0
                0x000000004a018bec       0x30 common/built-in.o
 .text.putc     0x000000004a018c1c       0x44 common/built-in.o
                0x000000004a018c1c                putc
 .text.tstc     0x000000004a018c60       0x24 common/built-in.o
                0x000000004a018c60                tstc
 .text.getc     0x000000004a018c84       0x4c common/built-in.o
                0x000000004a018c84                getc
 .text.puts     0x000000004a018cd0       0x6c common/built-in.o
                0x000000004a018cd0                puts
 .text.print_pre_console_buffer
                0x000000004a018d3c      0x100 common/built-in.o
 .text.ctrlc    0x000000004a018e3c       0x58 common/built-in.o
                0x000000004a018e3c                ctrlc
 .text.disable_ctrlc
                0x000000004a018e94       0x14 common/built-in.o
                0x000000004a018e94                disable_ctrlc
 .text.had_ctrlc
                0x000000004a018ea8        0xc common/built-in.o
                0x000000004a018ea8                had_ctrlc
 .text.clear_ctrlc
                0x000000004a018eb4        0xc common/built-in.o
                0x000000004a018eb4                clear_ctrlc
 .text.search_device
                0x000000004a018ec0       0x34 common/built-in.o
                0x000000004a018ec0                search_device
 .text.console_assign
                0x000000004a018ef4       0xdc common/built-in.o
                0x000000004a018ef4                console_assign
 .text.console_init_f
                0x000000004a018fd0       0x24 common/built-in.o
                0x000000004a018fd0                console_init_f
 .text.stdio_print_current_devices
                0x000000004a018ff4       0xc0 common/built-in.o
                0x000000004a018ff4                stdio_print_current_devices
 .text.console_init_r
                0x000000004a0190b4      0x1c4 common/built-in.o
                0x000000004a0190b4                console_init_r
 .text.sbrk     0x000000004a019278       0x74 common/built-in.o
                0x000000004a019278                sbrk
 .text.mem_malloc_init
                0x000000004a0192ec       0x20 common/built-in.o
                0x000000004a0192ec                mem_malloc_init
 .text.malloc_trim
                0x000000004a01930c       0xd8 common/built-in.o
                0x000000004a01930c                malloc_trim
 .text.free     0x000000004a0193e4      0x230 common/built-in.o
                0x000000004a0193e4                free
 .text.malloc   0x000000004a019614      0x660 common/built-in.o
                0x000000004a019614                malloc
 .text.calloc   0x000000004a019c74       0xe4 common/built-in.o
                0x000000004a019c74                calloc
 .text.realloc  0x000000004a019d58      0x47c common/built-in.o
                0x000000004a019d58                realloc
 .text.memalign
                0x000000004a01a1d4      0x190 common/built-in.o
                0x000000004a01a1d4                memalign
 .text.initf_malloc
                0x000000004a01a364       0x18 common/built-in.o
                0x000000004a01a364                initf_malloc
 .text.malloc_simple
                0x000000004a01a37c       0x38 common/built-in.o
                0x000000004a01a37c                malloc_simple
 .text.on_loadaddr
                0x000000004a01a3b4       0x40 common/built-in.o
 .text.image_check_hcrc
                0x000000004a01a3f4       0x50 common/built-in.o
                0x000000004a01a3f4                image_check_hcrc
 .text.image_check_dcrc
                0x000000004a01a444       0x44 common/built-in.o
                0x000000004a01a444                image_check_dcrc
 .text.image_multi_count
                0x000000004a01a488       0x1c common/built-in.o
                0x000000004a01a488                image_multi_count
 .text.image_multi_getimg
                0x000000004a01a4a4       0x88 common/built-in.o
                0x000000004a01a4a4                image_multi_getimg
 .text.getenv_bootm_low
                0x000000004a01a52c       0x34 common/built-in.o
                0x000000004a01a52c                getenv_bootm_low
 .text.getenv_bootm_size
                0x000000004a01a560       0x78 common/built-in.o
                0x000000004a01a560                getenv_bootm_size
 .text.getenv_bootm_mapsize
                0x000000004a01a5d8       0x30 common/built-in.o
                0x000000004a01a5d8                getenv_bootm_mapsize
 .text.memmove_wd
                0x000000004a01a608       0x10 common/built-in.o
                0x000000004a01a608                memmove_wd
 .text.genimg_print_size
                0x000000004a01a618       0x38 common/built-in.o
                0x000000004a01a618                genimg_print_size
 .text.get_table_entry
                0x000000004a01a650       0x20 common/built-in.o
                0x000000004a01a650                get_table_entry
 .text.get_table_entry_name
                0x000000004a01a670       0x28 common/built-in.o
                0x000000004a01a670                get_table_entry_name
 .text.genimg_get_os_name
                0x000000004a01a698       0x18 common/built-in.o
                0x000000004a01a698                genimg_get_os_name
 .text.genimg_get_arch_name
                0x000000004a01a6b0       0x18 common/built-in.o
                0x000000004a01a6b0                genimg_get_arch_name
 .text.genimg_get_type_name
                0x000000004a01a6c8       0x18 common/built-in.o
                0x000000004a01a6c8                genimg_get_type_name
 .text.genimg_get_comp_name
                0x000000004a01a6e0       0x18 common/built-in.o
                0x000000004a01a6e0                genimg_get_comp_name
 .text.image_print_contents
                0x000000004a01a6f8      0x1bc common/built-in.o
                0x000000004a01a6f8                image_print_contents
 .text.get_table_entry_id
                0x000000004a01a8b4       0x50 common/built-in.o
                0x000000004a01a8b4                get_table_entry_id
 .text.genimg_get_os_id
                0x000000004a01a904       0x18 common/built-in.o
                0x000000004a01a904                genimg_get_os_id
 .text.genimg_get_arch_id
                0x000000004a01a91c       0x18 common/built-in.o
                0x000000004a01a91c                genimg_get_arch_id
 .text.genimg_get_type_id
                0x000000004a01a934       0x18 common/built-in.o
                0x000000004a01a934                genimg_get_type_id
 .text.genimg_get_comp_id
                0x000000004a01a94c       0x18 common/built-in.o
                0x000000004a01a94c                genimg_get_comp_id
 .text.genimg_get_kernel_addr_fit
                0x000000004a01a964       0x7c common/built-in.o
                0x000000004a01a964                genimg_get_kernel_addr_fit
 .text.genimg_get_kernel_addr
                0x000000004a01a9e0       0x24 common/built-in.o
                0x000000004a01a9e0                genimg_get_kernel_addr
 .text.genimg_get_format
                0x000000004a01aa04       0x3c common/built-in.o
                0x000000004a01aa04                genimg_get_format
 .text.genimg_get_image
                0x000000004a01aa40        0x4 common/built-in.o
                0x000000004a01aa40                genimg_get_image
 .text.genimg_has_config
                0x000000004a01aa44       0x10 common/built-in.o
                0x000000004a01aa44                genimg_has_config
 .text.boot_get_ramdisk
                0x000000004a01aa54      0x350 common/built-in.o
                0x000000004a01aa54                boot_get_ramdisk
 .text.boot_ramdisk_high
                0x000000004a01ada4      0x138 common/built-in.o
                0x000000004a01ada4                boot_ramdisk_high
 .text.boot_get_setup
                0x000000004a01aedc        0x4 common/built-in.o
                0x000000004a01aedc                boot_get_setup
 .text.boot_get_loadable
                0x000000004a01aee0      0x190 common/built-in.o
                0x000000004a01aee0                boot_get_loadable
 .text.image_setup_linux
                0x000000004a01b070       0x6c common/built-in.o
                0x000000004a01b070                image_setup_linux
 .text.fdt_error
                0x000000004a01b0dc       0x38 common/built-in.o
 .text.boot_fdt_add_mem_rsv_regions
                0x000000004a01b114       0x94 common/built-in.o
                0x000000004a01b114                boot_fdt_add_mem_rsv_regions
 .text.boot_relocate_fdt
                0x000000004a01b1a8      0x1b4 common/built-in.o
                0x000000004a01b1a8                boot_relocate_fdt
 .text.boot_get_fdt
                0x000000004a01b35c      0x3b0 common/built-in.o
                0x000000004a01b35c                boot_get_fdt
 .text.ft_verify_fdt
                0x000000004a01b70c        0x8 common/built-in.o
                0x000000004a01b70c                ft_verify_fdt
 .text.image_setup_libfdt
                0x000000004a01b714      0x148 common/built-in.o
                0x000000004a01b714                image_setup_libfdt
 .text.fit_image_get_address
                0x000000004a01b85c       0x84 common/built-in.o
 .text.fit_parse_conf
                0x000000004a01b8e0       0x78 common/built-in.o
                0x000000004a01b8e0                fit_parse_conf
 .text.fit_parse_subimage
                0x000000004a01b958       0x78 common/built-in.o
                0x000000004a01b958                fit_parse_subimage
 .text.fit_get_desc
                0x000000004a01b9d0       0x38 common/built-in.o
                0x000000004a01b9d0                fit_get_desc
 .text.fit_image_get_node
                0x000000004a01ba08       0x48 common/built-in.o
                0x000000004a01ba08                fit_image_get_node
 .text.fit_image_get_os
                0x000000004a01ba50       0x4c common/built-in.o
                0x000000004a01ba50                fit_image_get_os
 .text.fit_image_get_arch
                0x000000004a01ba9c       0x4c common/built-in.o
                0x000000004a01ba9c                fit_image_get_arch
 .text.fit_image_get_type
                0x000000004a01bae8       0x4c common/built-in.o
                0x000000004a01bae8                fit_image_get_type
 .text.fit_image_get_comp
                0x000000004a01bb34       0x4c common/built-in.o
                0x000000004a01bb34                fit_image_get_comp
 .text.fit_image_get_load
                0x000000004a01bb80       0x10 common/built-in.o
                0x000000004a01bb80                fit_image_get_load
 .text.fit_image_get_entry
                0x000000004a01bb90       0x10 common/built-in.o
                0x000000004a01bb90                fit_image_get_entry
 .text.fit_image_get_data
                0x000000004a01bba0       0x50 common/built-in.o
                0x000000004a01bba0                fit_image_get_data
 .text.fit_image_hash_get_algo
                0x000000004a01bbf0       0x38 common/built-in.o
                0x000000004a01bbf0                fit_image_hash_get_algo
 .text.fit_image_hash_get_value
                0x000000004a01bc28       0x50 common/built-in.o
                0x000000004a01bc28                fit_image_hash_get_value
 .text.fit_image_print_data
                0x000000004a01bc78      0x158 common/built-in.o
 .text.fit_image_print
                0x000000004a01bdd0      0x35c common/built-in.o
                0x000000004a01bdd0                fit_image_print
 .text.fit_get_end
                0x000000004a01c12c       0x10 common/built-in.o
                0x000000004a01c12c                fit_get_end
 .text.calculate_hash
                0x000000004a01c13c      0x11c common/built-in.o
                0x000000004a01c13c                calculate_hash
 .text.fit_image_verify
                0x000000004a01c258      0x218 common/built-in.o
                0x000000004a01c258                fit_image_verify
 .text.fit_all_image_verify
                0x000000004a01c470      0x114 common/built-in.o
                0x000000004a01c470                fit_all_image_verify
 .text.fit_image_check_os
                0x000000004a01c584       0x3c common/built-in.o
                0x000000004a01c584                fit_image_check_os
 .text.fit_image_check_arch
                0x000000004a01c5c0       0x64 common/built-in.o
                0x000000004a01c5c0                fit_image_check_arch
 .text.fit_image_check_type
                0x000000004a01c624       0x3c common/built-in.o
                0x000000004a01c624                fit_image_check_type
 .text.fit_image_check_comp
                0x000000004a01c660       0x3c common/built-in.o
                0x000000004a01c660                fit_image_check_comp
 .text.fit_check_format
                0x000000004a01c69c       0x54 common/built-in.o
                0x000000004a01c69c                fit_check_format
 .text.fit_conf_get_node
                0x000000004a01c6f0       0x80 common/built-in.o
                0x000000004a01c6f0                fit_conf_get_node
 .text.fit_conf_get_prop_node
                0x000000004a01c770       0x3c common/built-in.o
                0x000000004a01c770                fit_conf_get_prop_node
 .text.fit_conf_print
                0x000000004a01c7ac      0x1c8 common/built-in.o
                0x000000004a01c7ac                fit_conf_print
 .text.fit_print_contents
                0x000000004a01c974      0x220 common/built-in.o
                0x000000004a01c974                fit_print_contents
 .text.fit_get_node_from_config
                0x000000004a01cb94       0x54 common/built-in.o
                0x000000004a01cb94                fit_get_node_from_config
 .text.fit_image_load
                0x000000004a01cbe8      0x570 common/built-in.o
                0x000000004a01cbe8                fit_image_load
 .text.boot_get_setup_fit
                0x000000004a01d158       0x78 common/built-in.o
                0x000000004a01d158                boot_get_setup_fit
 .text.get_ram_size
                0x000000004a01d1d0      0x11c common/built-in.o
                0x000000004a01d1d0                get_ram_size
 .text.get_effective_memsize
                0x000000004a01d2ec        0x8 common/built-in.o
                0x000000004a01d2ec                get_effective_memsize
 .text.nulldev_putc
                0x000000004a01d2f4        0x4 common/built-in.o
 .text.nulldev_puts
                0x000000004a01d2f8        0x4 common/built-in.o
 .text.nulldev_input
                0x000000004a01d2fc        0x8 common/built-in.o
 .text.stdio_serial_tstc
                0x000000004a01d304        0x4 common/built-in.o
 .text.stdio_serial_getc
                0x000000004a01d308        0x4 common/built-in.o
 .text.stdio_serial_puts
                0x000000004a01d30c        0x8 common/built-in.o
 .text.stdio_serial_putc
                0x000000004a01d314        0x8 common/built-in.o
 .text.stdio_get_list
                0x000000004a01d31c       0x10 common/built-in.o
                0x000000004a01d31c                stdio_get_list
 .text.stdio_get_by_name
                0x000000004a01d32c       0x6c common/built-in.o
                0x000000004a01d32c                stdio_get_by_name
 .text.stdio_clone
                0x000000004a01d398       0x4c common/built-in.o
                0x000000004a01d398                stdio_clone
 .text.stdio_register_dev
                0x000000004a01d3e4       0x58 common/built-in.o
                0x000000004a01d3e4                stdio_register_dev
 .text.stdio_register
                0x000000004a01d43c        0x8 common/built-in.o
                0x000000004a01d43c                stdio_register
 .text.stdio_deregister_dev
                0x000000004a01d444      0x104 common/built-in.o
                0x000000004a01d444                stdio_deregister_dev
 .text.stdio_init_tables
                0x000000004a01d548       0x18 common/built-in.o
                0x000000004a01d548                stdio_init_tables
 .text.stdio_add_devices
                0x000000004a01d560      0x13c common/built-in.o
                0x000000004a01d560                stdio_add_devices
 .text.cli_simple_process_macros
                0x000000004a01d69c      0x228 common/built-in.o
                0x000000004a01d69c                cli_simple_process_macros
 .text.run_command
                0x000000004a01d8c4       0x14 common/built-in.o
                0x000000004a01d8c4                run_command
 .text.run_command_list
                0x000000004a01d8d8       0x90 common/built-in.o
                0x000000004a01d8d8                run_command_list
 .text.do_run   0x000000004a01d968       0x80 common/built-in.o
                0x000000004a01d968                do_run
 .text.cli_process_fdt
                0x000000004a01d9e8       0x50 common/built-in.o
                0x000000004a01d9e8                cli_process_fdt
 .text.cli_secure_boot_cmd
                0x000000004a01da38       0x74 common/built-in.o
                0x000000004a01da38                cli_secure_boot_cmd
 .text.cli_loop
                0x000000004a01daac       0x10 common/built-in.o
                0x000000004a01daac                cli_loop
 .text.cli_init
                0x000000004a01dabc        0x4 common/built-in.o
                0x000000004a01dabc                cli_init
 .text.delete_char.part.0
                0x000000004a01dac0       0xfc common/built-in.o
 .text.cread_add_char
                0x000000004a01dbbc      0x100 common/built-in.o
 .text.cli_readline_into_buffer
                0x000000004a01dcbc      0x934 common/built-in.o
                0x000000004a01dcbc                cli_readline_into_buffer
 .text.cli_readline
                0x000000004a01e5f0       0x14 common/built-in.o
                0x000000004a01e5f0                cli_readline
 .text.find_cmd_tbl
                0x000000004a01e604       0xbc common/built-in.o
                0x000000004a01e604                find_cmd_tbl
 .text.find_cmd
                0x000000004a01e6c0       0x28 common/built-in.o
                0x000000004a01e6c0                find_cmd
 .text.cmd_usage
                0x000000004a01e6e8       0x68 common/built-in.o
                0x000000004a01e6e8                cmd_usage
 .text._do_help
                0x000000004a01e750      0x18c common/built-in.o
                0x000000004a01e750                _do_help
 .text.var_complete
                0x000000004a01e8dc       0x90 common/built-in.o
                0x000000004a01e8dc                var_complete
 .text.cmd_auto_complete
                0x000000004a01e96c      0x4a0 common/built-in.o
                0x000000004a01e96c                cmd_auto_complete
 .text.cmd_get_data_size
                0x000000004a01ee0c       0x6c common/built-in.o
                0x000000004a01ee0c                cmd_get_data_size
 .text.cmd_process
                0x000000004a01ee78      0x10c common/built-in.o
                0x000000004a01ee78                cmd_process
 .text.cmd_process_error
                0x000000004a01ef84       0x38 common/built-in.o
                0x000000004a01ef84                cmd_process_error
 .text.hex1_bin
                0x000000004a01efbc       0x4c common/built-in.o
 .text.hex2_bin
                0x000000004a01f008       0x40 common/built-in.o
 .text.srec_decode
                0x000000004a01f048      0x22c common/built-in.o
                0x000000004a01f048                srec_decode
 .text.CYGACC_COMM_IF_GETC_TIMEOUT.isra.0
                0x000000004a01f274       0x54 common/built-in.o
 .text.xyzModem_flush
                0x000000004a01f2c8       0x1c common/built-in.o
 .text.xyzModem_get_hdr
                0x000000004a01f2e4      0x218 common/built-in.o
 .text.xyzModem_stream_open
                0x000000004a01f4fc      0x278 common/built-in.o
                0x000000004a01f4fc                xyzModem_stream_open
 .text.xyzModem_stream_read
                0x000000004a01f774      0x264 common/built-in.o
                0x000000004a01f774                xyzModem_stream_read
 .text.xyzModem_stream_close
                0x000000004a01f9d8       0x40 common/built-in.o
                0x000000004a01f9d8                xyzModem_stream_close
 .text.xyzModem_stream_terminate
                0x000000004a01fa18       0xa4 common/built-in.o
                0x000000004a01fa18                xyzModem_stream_terminate
 .text.xyzModem_error
                0x000000004a01fabc       0x28 common/built-in.o
                0x000000004a01fabc                xyzModem_error
 .text.blk_get_dev
                0x000000004a01fae4       0x3c disk/built-in.o
                0x000000004a01fae4                blk_get_dev
 .text.dev_print
                0x000000004a01fb20      0x1c8 disk/built-in.o
                0x000000004a01fb20                dev_print
 .text.part_init
                0x000000004a01fce8       0x7c disk/built-in.o
                0x000000004a01fce8                part_init
 .text.part_print
                0x000000004a01fd64      0x15c disk/built-in.o
                0x000000004a01fd64                part_print
 .text.part_get_info
                0x000000004a01fec0       0x88 disk/built-in.o
                0x000000004a01fec0                part_get_info
 .text.blk_get_device_by_str
                0x000000004a01ff48      0x164 disk/built-in.o
                0x000000004a01ff48                blk_get_device_by_str
 .text.blk_get_device_part_str
                0x000000004a0200ac      0x39c disk/built-in.o
                0x000000004a0200ac                blk_get_device_part_str
 .text.part_set_generic_name
                0x000000004a020448       0x48 disk/built-in.o
                0x000000004a020448                part_set_generic_name
 .text.test_block_type
                0x000000004a020490       0x90 disk/built-in.o
 .text.print_partition_extended
                0x000000004a020520      0x250 disk/built-in.o
 .text.part_print_dos
                0x000000004a020770       0x3c disk/built-in.o
                0x000000004a020770                part_print_dos
 .text.part_test_dos
                0x000000004a0207ac       0x6c disk/built-in.o
 .text.part_get_info_extended
                0x000000004a020818      0x2ac disk/built-in.o
 .text.part_get_info_dos
                0x000000004a020ac4       0x1c disk/built-in.o
                0x000000004a020ac4                part_get_info_dos
 .text.iso_dread
                0x000000004a020ae0       0x4c disk/built-in.o
                0x000000004a020ae0                iso_dread
 .text.part_get_info_iso_verb
                0x000000004a020b2c      0x37c disk/built-in.o
                0x000000004a020b2c                part_get_info_iso_verb
 .text.part_test_iso
                0x000000004a020ea8       0x20 disk/built-in.o
 .text.part_print_iso
                0x000000004a020ec8       0xa4 disk/built-in.o
 .text.part_get_info_iso
                0x000000004a020f6c        0x8 disk/built-in.o
 .text.print_efiname
                0x000000004a020f74       0x5c disk/built-in.o
 .text.part_test_efi
                0x000000004a020fd0       0xb4 disk/built-in.o
 .text.validate_gpt_entries
                0x000000004a021084       0xa8 disk/built-in.o
 .text.validate_gpt_header
                0x000000004a02112c      0x230 disk/built-in.o
 .text.is_gpt_valid
                0x000000004a02135c      0x1e8 disk/built-in.o
 .text.is_pte_valid
                0x000000004a021544       0x64 disk/built-in.o
 .text.part_print_efi
                0x000000004a0215a8      0x278 disk/built-in.o
                0x000000004a0215a8                part_print_efi
 .text.part_get_info_efi
                0x000000004a021820      0x23c disk/built-in.o
                0x000000004a021820                part_get_info_efi
 .text.device_bind_common.isra.0
                0x000000004a021a5c      0x310 drivers/built-in.o
 .text.alloc_priv
                0x000000004a021d6c       0x64 drivers/built-in.o
 .text.device_bind_with_driver_data
                0x000000004a021dd0       0x14 drivers/built-in.o
                0x000000004a021dd0                device_bind_with_driver_data
 .text.device_bind
                0x000000004a021de4       0x10 drivers/built-in.o
                0x000000004a021de4                device_bind
 .text.device_bind_by_name
                0x000000004a021df4       0x7c drivers/built-in.o
                0x000000004a021df4                device_bind_by_name
 .text.device_probe
                0x000000004a021e70      0x1f4 drivers/built-in.o
                0x000000004a021e70                device_probe
 .text.dev_get_platdata
                0x000000004a022064       0x34 drivers/built-in.o
                0x000000004a022064                dev_get_platdata
 .text.dev_get_parent_platdata
                0x000000004a022098       0x34 drivers/built-in.o
                0x000000004a022098                dev_get_parent_platdata
 .text.dev_get_uclass_platdata
                0x000000004a0220cc       0x34 drivers/built-in.o
                0x000000004a0220cc                dev_get_uclass_platdata
 .text.dev_get_priv
                0x000000004a022100       0x34 drivers/built-in.o
                0x000000004a022100                dev_get_priv
 .text.dev_get_uclass_priv
                0x000000004a022134       0x34 drivers/built-in.o
                0x000000004a022134                dev_get_uclass_priv
 .text.dev_get_parent_priv
                0x000000004a022168       0x34 drivers/built-in.o
                0x000000004a022168                dev_get_parent_priv
 .text.device_get_child
                0x000000004a02219c       0x5c drivers/built-in.o
                0x000000004a02219c                device_get_child
 .text.device_find_first_child
                0x000000004a0221f8       0x28 drivers/built-in.o
                0x000000004a0221f8                device_find_first_child
 .text.device_find_next_child
                0x000000004a022220       0x30 drivers/built-in.o
                0x000000004a022220                device_find_next_child
 .text.dev_get_driver_data
                0x000000004a022250        0x8 drivers/built-in.o
                0x000000004a022250                dev_get_driver_data
 .text.device_get_uclass_id
                0x000000004a022258       0x10 drivers/built-in.o
                0x000000004a022258                device_get_uclass_id
 .text.dev_get_addr_index
                0x000000004a022268       0xc4 drivers/built-in.o
                0x000000004a022268                dev_get_addr_index
 .text.dev_get_addr_name
                0x000000004a02232c       0x50 drivers/built-in.o
                0x000000004a02232c                dev_get_addr_name
 .text.dev_get_addr
                0x000000004a02237c        0x8 drivers/built-in.o
                0x000000004a02237c                dev_get_addr
 .text.device_has_active_children
                0x000000004a022384       0x3c drivers/built-in.o
                0x000000004a022384                device_has_active_children
 .text.device_is_last_sibling
                0x000000004a0223c0       0x24 drivers/built-in.o
                0x000000004a0223c0                device_is_last_sibling
 .text.lists_driver_lookup_name
                0x000000004a0223e4       0x78 drivers/built-in.o
                0x000000004a0223e4                lists_driver_lookup_name
 .text.lists_uclass_lookup
                0x000000004a02245c       0x48 drivers/built-in.o
                0x000000004a02245c                lists_uclass_lookup
 .text.lists_bind_drivers
                0x000000004a0224a4       0xb0 drivers/built-in.o
                0x000000004a0224a4                lists_bind_drivers
 .text.device_bind_driver_to_node
                0x000000004a022554       0x68 drivers/built-in.o
                0x000000004a022554                device_bind_driver_to_node
 .text.device_bind_driver
                0x000000004a0225bc        0xc drivers/built-in.o
                0x000000004a0225bc                device_bind_driver
 .text.lists_bind_fdt
                0x000000004a0225c8      0x194 drivers/built-in.o
                0x000000004a0225c8                lists_bind_fdt
 .text.dm_root  0x000000004a02275c       0x30 drivers/built-in.o
                0x000000004a02275c                dm_root
 .text.dm_get_translation_offset
                0x000000004a02278c       0x1c drivers/built-in.o
                0x000000004a02278c                dm_get_translation_offset
 .text.dm_init  0x000000004a0227a8       0x60 drivers/built-in.o
                0x000000004a0227a8                dm_init
 .text.dm_remove_devices_flags
                0x000000004a022808       0x2c drivers/built-in.o
                0x000000004a022808                dm_remove_devices_flags
 .text.dm_scan_platdata
                0x000000004a022834       0x34 drivers/built-in.o
                0x000000004a022834                dm_scan_platdata
 .text.dm_scan_fdt_node
                0x000000004a022868       0xc4 drivers/built-in.o
                0x000000004a022868                dm_scan_fdt_node
 .text.dm_scan_fdt_dev
                0x000000004a02292c       0x28 drivers/built-in.o
                0x000000004a02292c                dm_scan_fdt_dev
 .text.dm_scan_fdt
                0x000000004a022954       0x18 drivers/built-in.o
                0x000000004a022954                dm_scan_fdt
 .text.dm_scan_other
                0x000000004a02296c        0x8 drivers/built-in.o
                0x000000004a02296c                dm_scan_other
 .text.dm_init_and_scan
                0x000000004a022974       0x50 drivers/built-in.o
                0x000000004a022974                dm_init_and_scan
 .text.uclass_find
                0x000000004a0229c4       0x48 drivers/built-in.o
                0x000000004a0229c4                uclass_find
 .text.uclass_get
                0x000000004a022a0c      0x128 drivers/built-in.o
                0x000000004a022a0c                uclass_get
 .text.uclass_find_device
                0x000000004a022b34       0x78 drivers/built-in.o
                0x000000004a022b34                uclass_find_device
 .text.uclass_find_first_device
                0x000000004a022bac       0x48 drivers/built-in.o
                0x000000004a022bac                uclass_find_first_device
 .text.uclass_find_next_device
                0x000000004a022bf4       0x2c drivers/built-in.o
                0x000000004a022bf4                uclass_find_next_device
 .text.uclass_find_device_by_seq
                0x000000004a022c20       0x90 drivers/built-in.o
                0x000000004a022c20                uclass_find_device_by_seq
 .text.uclass_find_device_by_of_offset
                0x000000004a022cb0       0x78 drivers/built-in.o
                0x000000004a022cb0                uclass_find_device_by_of_offset
 .text.uclass_get_device_tail
                0x000000004a022d28       0x40 drivers/built-in.o
                0x000000004a022d28                uclass_get_device_tail
 .text.uclass_get_device
                0x000000004a022d68       0x38 drivers/built-in.o
                0x000000004a022d68                uclass_get_device
 .text.uclass_get_device_by_seq
                0x000000004a022da0       0x68 drivers/built-in.o
                0x000000004a022da0                uclass_get_device_by_seq
 .text.uclass_get_device_by_of_offset
                0x000000004a022e08       0x38 drivers/built-in.o
                0x000000004a022e08                uclass_get_device_by_of_offset
 .text.uclass_first_device
                0x000000004a022e40       0x44 drivers/built-in.o
                0x000000004a022e40                uclass_first_device
 .text.uclass_next_device
                0x000000004a022e84       0x44 drivers/built-in.o
                0x000000004a022e84                uclass_next_device
 .text.uclass_bind_device
                0x000000004a022ec8       0x70 drivers/built-in.o
                0x000000004a022ec8                uclass_bind_device
 .text.uclass_unbind_device
                0x000000004a022f38       0x4c drivers/built-in.o
                0x000000004a022f38                uclass_unbind_device
 .text.uclass_resolve_seq
                0x000000004a022f84       0xb8 drivers/built-in.o
                0x000000004a022f84                uclass_resolve_seq
 .text.uclass_pre_probe_device
                0x000000004a02303c       0x64 drivers/built-in.o
                0x000000004a02303c                uclass_pre_probe_device
 .text.uclass_post_probe_device
                0x000000004a0230a0       0x1c drivers/built-in.o
                0x000000004a0230a0                uclass_post_probe_device
 .text.uclass_pre_remove_device
                0x000000004a0230bc       0x1c drivers/built-in.o
                0x000000004a0230bc                uclass_pre_remove_device
 .text.dm_warn  0x000000004a0230d8       0x78 drivers/built-in.o
                0x000000004a0230d8                dm_warn
 .text.dm_fdt_pre_reloc
                0x000000004a023150       0x78 drivers/built-in.o
                0x000000004a023150                dm_fdt_pre_reloc
 .text.device_unbind
                0x000000004a0231c8      0x11c drivers/built-in.o
                0x000000004a0231c8                device_unbind
 .text.device_free
                0x000000004a0232e4       0x80 drivers/built-in.o
                0x000000004a0232e4                device_free
 .text.device_remove
                0x000000004a023364      0x178 drivers/built-in.o
                0x000000004a023364                device_remove
 .text.simple_bus_post_bind
                0x000000004a0234dc       0x64 drivers/built-in.o
 .text.show_devices
                0x000000004a023540      0x12c drivers/built-in.o
 .text.dm_dump_all
                0x000000004a02366c       0x54 drivers/built-in.o
                0x000000004a02366c                dm_dump_all
 .text.dm_dump_uclass
                0x000000004a0236c0      0x114 drivers/built-in.o
                0x000000004a0236c0                dm_dump_uclass
 .text.get_desc
                0x000000004a0237d4       0x54 drivers/built-in.o
 .text.blk_driver_lookup_type
                0x000000004a023828       0x58 drivers/built-in.o
                0x000000004a023828                blk_driver_lookup_type
 .text.blk_get_devnum_by_type
                0x000000004a023880       0x38 drivers/built-in.o
                0x000000004a023880                blk_get_devnum_by_type
 .text.blk_dselect_hwpart
                0x000000004a0238b8       0x48 drivers/built-in.o
                0x000000004a0238b8                blk_dselect_hwpart
 .text.blk_get_devnum_by_typename
                0x000000004a023900       0x94 drivers/built-in.o
                0x000000004a023900                blk_get_devnum_by_typename
 .text.blk_select_hwpart_devnum
                0x000000004a023994       0x54 drivers/built-in.o
                0x000000004a023994                blk_select_hwpart_devnum
 .text.keyboard_start
                0x000000004a0239e8       0x20 drivers/built-in.o
 .text.keyboard_stop