fdtdec.c:644:20:get_prop_check_min_len	48	static
fdtdec.c:79:13:fdtdec_get_compatible	0	static
fdtdec.c:311:10:fdtdec_get_uint64	48	static
fdtdec.c:324:5:fdtdec_get_is_enabled	16	static
fdtdec.c:341:20:fdtdec_lookup	64	static
fdtdec.c:353:5:fdtdec_next_compatible	0	static
fdtdec.c:359:5:fdtdec_next_compatible_subnode	48	static
fdtdec.c:374:5:fdtdec_next_alias	96	static
fdtdec.c:405:5:fdtdec_add_aliases_for_id	128	dynamic
fdtdec.c:396:5:fdtdec_find_aliases_for_id	64	static
fdtdec.c:519:5:fdtdec_get_alias_seq	96	static
fdtdec.c:561:13:fdtdec_get_chosen_prop	32	static
fdtdec.c:571:5:fdtdec_get_chosen_node	32	static
fdtdec.c:598:5:fdtdec_prepare_fdt	16	static
fdtdec.c:581:5:fdtdec_check_fdt	16	static
fdtdec.c:619:5:fdtdec_lookup_phandle	32	static
fdtdec.c:661:5:fdtdec_get_int_array	48	static
fdtdec.c:1093:12:decode_timing_property	64	static
fdtdec.c:677:5:fdtdec_get_int_array_count	48	static
fdtdec.c:697:12:fdtdec_locate_array	32	static
fdtdec.c:708:5:fdtdec_get_bool	32	static
fdtdec.c:718:5:fdtdec_parse_phandle_with_args	112	static
fdtdec.c:842:5:fdtdec_get_child_count	32	static
fdtdec.c:853:5:fdtdec_get_byte_array	48	static
fdtdec.c:865:11:fdtdec_locate_byte_array	32	static
fdtdec.c:877:5:fdtdec_get_config_int	48	static
fdtdec.c:889:5:fdtdec_get_config_bool	32	static
fdtdec.c:903:7:fdtdec_get_config_string	48	static
fdtdec.c:921:5:fdtdec_decode_region	48	static
fdtdec.c:952:5:fdtdec_read_fmap_entry	64	static
fdtdec.c:975:5:fdtdec_get_number	0	static
fdtdec.c:86:12:fdtdec_get_addr_size_fixed	96	static
fdtdec.c:141:12:fdtdec_get_addr_size_auto_parent	80	static
fdtdec.c:167:12:fdtdec_get_addr_size_auto_noparent	64	static
fdtdec.c:185:12:fdtdec_get_addr_size	0	static
fdtdec.c:195:12:fdtdec_get_addr	0	static
fdtdec.c:985:5:fdt_get_resource	96	static
fdtdec.c:1019:5:fdt_get_named_resource	48	static
fdtdec.c:1032:5:fdtdec_decode_memory_region	160	static
fdtdec.c:1117:5:fdtdec_decode_display_timing	64	static
fdtdec.c:1185:5:fdtdec_setup_memory_size	32	static
fdtdec.c:1209:5:fdtdec_setup_memory_banksize	32	static
fdtdec.c:1241:5:fdtdec_setup	32	static
