
Discarded input sections

 .data          0x0000000000000000        0x0 arch/arm/cpu/armv8/start.o
 .bss           0x0000000000000000        0x0 arch/arm/cpu/armv8/start.o
 .text          0x0000000000000000        0x0 arch/arm/mach-sunxi/built-in.o
 .text.clock_twi_onoff
                0x0000000000000000       0x90 arch/arm/mach-sunxi/built-in.o
 .text.sunxi_get_sram_id
                0x0000000000000000       0x30 arch/arm/mach-sunxi/built-in.o
 .text.print_cpuinfo
                0x0000000000000000       0x20 arch/arm/mach-sunxi/built-in.o
 .text.sunxi_usb_phy_enable_squelch_detect
                0x0000000000000000       0xa8 arch/arm/mach-sunxi/built-in.o
 .text.sunxi_usb_phy_init
                0x0000000000000000       0xa0 arch/arm/mach-sunxi/built-in.o
 .text.sunxi_usb_phy_exit
                0x0000000000000000       0x6c arch/arm/mach-sunxi/built-in.o
 .text.sunxi_usb_phy_power_on
                0x0000000000000000       0x88 arch/arm/mach-sunxi/built-in.o
 .text.sunxi_usb_phy_power_off
                0x0000000000000000       0x34 arch/arm/mach-sunxi/built-in.o
 .text.sunxi_usb_phy_vbus_detect
                0x0000000000000000       0x78 arch/arm/mach-sunxi/built-in.o
 .text.sunxi_usb_phy_id_detect
                0x0000000000000000       0x24 arch/arm/mach-sunxi/built-in.o
 .text.sunxi_usb_phy_probe
                0x0000000000000000      0x10c arch/arm/mach-sunxi/built-in.o
 .text.sunxi_usb_phy_remove
                0x0000000000000000       0x68 arch/arm/mach-sunxi/built-in.o
 .text.prcm_apb0_enable
                0x0000000000000000       0x24 arch/arm/mach-sunxi/built-in.o
 .text.prcm_apb0_disable
                0x0000000000000000       0x28 arch/arm/mach-sunxi/built-in.o
 .text.rsb_await_trans
                0x0000000000000000       0x80 arch/arm/mach-sunxi/built-in.o
 .text.rsb_do_trans
                0x0000000000000000       0x18 arch/arm/mach-sunxi/built-in.o
 .text.rsb_init
                0x0000000000000000       0xd8 arch/arm/mach-sunxi/built-in.o
 .text.rsb_set_device_address
                0x0000000000000000       0x30 arch/arm/mach-sunxi/built-in.o
 .text.rsb_write
                0x0000000000000000       0x48 arch/arm/mach-sunxi/built-in.o
 .text.rsb_read
                0x0000000000000000       0x6c arch/arm/mach-sunxi/built-in.o
 .text.clock_set_pll3
                0x0000000000000000       0x4c arch/arm/mach-sunxi/built-in.o
 .text.clock_set_pll3_factors
                0x0000000000000000       0x3c arch/arm/mach-sunxi/built-in.o
 .text.clock_set_pll10
                0x0000000000000000       0x5c arch/arm/mach-sunxi/built-in.o
 .text.clock_get_pll3
                0x0000000000000000       0x34 arch/arm/mach-sunxi/built-in.o
 .text.clock_get_mipi_pll
                0x0000000000000000       0x50 arch/arm/mach-sunxi/built-in.o
 .text.clock_set_de_mod_clock
                0x0000000000000000       0x50 arch/arm/mach-sunxi/built-in.o
 .rodata.print_cpuinfo.str1.1
                0x0000000000000000       0x1e arch/arm/mach-sunxi/built-in.o
 .rodata.sunxi_usb_phy_probe.str1.1
                0x0000000000000000       0x22 arch/arm/mach-sunxi/built-in.o
 .data          0x0000000000000000       0x18 arch/arm/mach-sunxi/built-in.o
 .data.mem_map  0x0000000000000000        0x8 arch/arm/mach-sunxi/built-in.o
 .data.sunxi_mem_map
                0x0000000000000000       0x60 arch/arm/mach-sunxi/built-in.o
 .data.sunxi_usb_phy
                0x0000000000000000       0x50 arch/arm/mach-sunxi/built-in.o
 .bss           0x0000000000000000        0x0 arch/arm/mach-sunxi/built-in.o
 .bss.initial_usb_scan_delay
                0x0000000000000000        0x4 arch/arm/mach-sunxi/built-in.o
 .text.cleanup_before_linux
                0x0000000000000000       0x28 arch/arm/cpu/armv8/built-in.o
 .text.timer_read_counter
                0x0000000000000000        0xc arch/arm/cpu/armv8/built-in.o
 .text.usec2ticks
                0x0000000000000000       0x44 arch/arm/cpu/armv8/built-in.o
 .text.count_required_pts
                0x0000000000000000       0xf8 arch/arm/cpu/armv8/built-in.o
 .text.create_table
                0x0000000000000000       0x70 arch/arm/cpu/armv8/built-in.o
 .text.split_block
                0x0000000000000000       0xa0 arch/arm/cpu/armv8/built-in.o
 .text.get_tcr  0x0000000000000000       0xe8 arch/arm/cpu/armv8/built-in.o
 .text.find_pte
                0x0000000000000000       0x94 arch/arm/cpu/armv8/built-in.o
 .text.set_one_region
                0x0000000000000000       0xd4 arch/arm/cpu/armv8/built-in.o
 .text.get_page_table_size
                0x0000000000000000       0x4c arch/arm/cpu/armv8/built-in.o
 .text.setup_pgtables
                0x0000000000000000      0x15c arch/arm/cpu/armv8/built-in.o
 .text.mmu_setup
                0x0000000000000000      0x13c arch/arm/cpu/armv8/built-in.o
 .text.invalidate_dcache_all
                0x0000000000000000       0x14 arch/arm/cpu/armv8/built-in.o
 .text.flush_dcache_all
[...]
Memory Configuration

Name             Origin             Length             Attributes
.sram            0x0000000000010060 0x0000000000007fa0
.sdram           0x000000004ff80000 0x0000000000080000
*default*        0x0000000000000000 0xffffffffffffffff

Linker script and memory map


.text           0x0000000000010060     0x745c
                0x0000000000010060                . = ALIGN (0x8)
 *(.__image_copy_start)
 arch/arm/cpu/armv8/start.o(.text*)
 .text          0x0000000000010060      0x1c0 arch/arm/cpu/armv8/start.o
                0x0000000000010060                _start
                0x0000000000010118                _TEXT_BASE
                0x0000000000010120                _end_ofs
                0x0000000000010128                _bss_start_ofs
                0x0000000000010130                _bss_end_ofs
                0x000000000001013c                save_boot_params_ret
                0x00000000000101a4                apply_core_errata
                0x00000000000101d4                smp_kick_all_cpus
                0x00000000000101d8                c_runtime_cpu_setup
                0x0000000000010210                save_boot_params
 *(.text*)
 .text.s_init   0x0000000000010220       0x98 arch/arm/mach-sunxi/built-in.o
                0x0000000000010220                s_init
 .text.spl_boot_device
                0x00000000000102b8       0x90 arch/arm/mach-sunxi/built-in.o
                0x00000000000102b8                spl_boot_device
 .text.spl_boot_mode
                0x0000000000010348        0x8 arch/arm/mach-sunxi/built-in.o
                0x0000000000010348                spl_boot_mode
 .text.board_init_f
                0x0000000000010350       0x18 arch/arm/mach-sunxi/built-in.o
                0x0000000000010350                board_init_f
 .text.reset_cpu
                0x0000000000010368       0x2c arch/arm/mach-sunxi/built-in.o
                0x0000000000010368                reset_cpu
 .text.clock_init_sec
                0x0000000000010394       0x1c arch/arm/mach-sunxi/built-in.o
                0x0000000000010398                clock_init_sec
 .text.gtbus_init
                0x00000000000103b0        0x4 arch/arm/mach-sunxi/built-in.o
                0x00000000000103b0                gtbus_init
 .text.clock_init
                0x00000000000103b4       0x24 arch/arm/mach-sunxi/built-in.o
                0x00000000000103b4                clock_init
 .text.sunxi_get_sid
                0x00000000000103d8       0x3c arch/arm/mach-sunxi/built-in.o
                0x00000000000103d8                sunxi_get_sid
 .text.mctl_await_completion
                0x0000000000010414       0x64 arch/arm/mach-sunxi/built-in.o
                0x0000000000010414                mctl_await_completion
 .text.mctl_mem_matches
                0x0000000000010478       0x40 arch/arm/mach-sunxi/built-in.o
                0x0000000000010478                mctl_mem_matches
 .text.sunxi_gpio_set_cfgbank
                0x00000000000104b8       0x2c arch/arm/mach-sunxi/built-in.o
                0x00000000000104b8                sunxi_gpio_set_cfgbank
 .text.sunxi_gpio_set_cfgpin
                0x00000000000104e4       0x3c arch/arm/mach-sunxi/built-in.o
                0x00000000000104e4                sunxi_gpio_set_cfgpin
 .text.sunxi_gpio_get_cfgbank
                0x0000000000010520       0x20 arch/arm/mach-sunxi/built-in.o
                0x0000000000010520                sunxi_gpio_get_cfgbank
 .text.sunxi_gpio_get_cfgpin
                0x0000000000010540       0x34 arch/arm/mach-sunxi/built-in.o
                0x0000000000010540                sunxi_gpio_get_cfgpin
 .text.sunxi_gpio_set_drv
                0x0000000000010574       0x64 arch/arm/mach-sunxi/built-in.o
                0x0000000000010574                sunxi_gpio_set_drv
 .text.sunxi_gpio_set_pull
                0x00000000000105d8       0x64 arch/arm/mach-sunxi/built-in.o
                0x00000000000105d8                sunxi_gpio_set_pull
 .text.clock_init_uart
                0x000000000001063c       0x38 arch/arm/mach-sunxi/built-in.o
                0x000000000001063c                clock_init_uart
 .text.clock_set_pll1
                0x0000000000010674       0xa8 arch/arm/mach-sunxi/built-in.o
                0x0000000000010674                clock_set_pll1
 .text.clock_init_safe
                0x000000000001071c       0x64 arch/arm/mach-sunxi/built-in.o
                0x000000000001071c                clock_init_safe
 .text.clock_set_pll5
                0x0000000000010780       0xf8 arch/arm/mach-sunxi/built-in.o
                0x0000000000010780                clock_set_pll5
 .text.clock_get_pll6
                0x0000000000010878       0x30 arch/arm/mach-sunxi/built-in.o
                0x0000000000010878                clock_get_pll6
 .text.mctl_set_cr.constprop.5
                0x00000000000108a8       0xa0 arch/arm/mach-sunxi/built-in.o
 .text.sunxi_dram_init
                0x0000000000010948      0x934 arch/arm/mach-sunxi/built-in.o
                0x0000000000010948                sunxi_dram_init
 *fill*         0x000000000001127c      0x584 
 .text          0x0000000000011800      0xc34 arch/arm/cpu/armv8/built-in.o
                0x0000000000011800                vectors
                0x0000000000012038                __asm_dcache_level
                0x000000000001209c                __asm_dcache_all
                0x00000000000120fc                __asm_flush_dcache_all
                0x0000000000012104                __asm_invalidate_dcache_all
                0x000000000001210c                __asm_flush_dcache_range
                0x0000000000012140                __asm_invalidate_icache_all
                0x000000000001214c                __asm_invalidate_l3_dcache
                0x0000000000012154                __asm_flush_l3_dcache
                0x000000000001215c                __asm_invalidate_l3_icache
                0x0000000000012164                __asm_switch_ttbr
                0x0000000000012244                __asm_invalidate_tlb_all
                0x0000000000012290                armv8_switch_to_el2
                0x000000000001231c                armv8_switch_to_el1
                0x00000000000123c0                armv8_el2_to_aarch32
                0x0000000000012418                lowlevel_init
 .text.sdelay   0x0000000000012434        0xc arch/arm/cpu/armv8/built-in.o
                0x0000000000012434                sdelay
 .text.get_tbclk
                0x0000000000012440        0x8 arch/arm/cpu/armv8/built-in.o
                0x0000000000012440                get_tbclk
 .text.get_ticks
                0x0000000000012448       0x10 arch/arm/cpu/armv8/built-in.o
                0x0000000000012448                get_ticks
 .text.smc_call
                0x0000000000012458       0x44 arch/arm/cpu/armv8/built-in.o
                0x0000000000012458                smc_call
 .text.psci_system_reset
                0x000000000001249c       0x20 arch/arm/cpu/armv8/built-in.o
                0x000000000001249c                psci_system_reset
 .text.reset_misc
                0x00000000000124bc        0xc arch/arm/cpu/armv8/built-in.o
                0x00000000000124bc                reset_misc
 .text          0x00000000000124c8       0x70 arch/arm/lib/built-in.o
                0x00000000000124c8                _main
 .text.disable_interrupts
                0x0000000000012538        0x8 arch/arm/lib/built-in.o
                0x0000000000012538                disable_interrupts
 .text.show_regs
                0x0000000000012540       0x80 arch/arm/lib/built-in.o
                0x0000000000012540                show_regs
 .text.do_bad_sync
                0x00000000000125c0       0x30 arch/arm/lib/built-in.o
                0x00000000000125c0                do_bad_sync
 .text.do_bad_irq
                0x00000000000125f0       0x30 arch/arm/lib/built-in.o
                0x00000000000125f0                do_bad_irq
 .text.do_bad_fiq
                0x0000000000012620       0x30 arch/arm/lib/built-in.o
                0x0000000000012620                do_bad_fiq
 .text.do_bad_error
                0x0000000000012650       0x30 arch/arm/lib/built-in.o
                0x0000000000012650                do_bad_error
 .text.do_sync  0x0000000000012680       0x30 arch/arm/lib/built-in.o
                0x0000000000012680                do_sync
 .text.do_irq   0x00000000000126b0       0x30 arch/arm/lib/built-in.o
                0x00000000000126b0                do_irq
 .text.do_fiq   0x00000000000126e0       0x30 arch/arm/lib/built-in.o
                0x00000000000126e0                do_fiq
 .text.do_error
                0x0000000000012710       0x30 arch/arm/lib/built-in.o
                0x0000000000012710                do_error
 .text.do_reset
                0x0000000000012740       0x38 arch/arm/lib/built-in.o
                0x0000000000012740                do_reset
 .text.board_mmc_init
                0x0000000000012778       0xf8 board/sunxi/built-in.o
                0x0000000000012778                board_mmc_init
 .text.i2c_init_board
                0x0000000000012870        0x4 board/sunxi/built-in.o
                0x0000000000012870                i2c_init_board
 .text.nanopi_spl_read_gpio
                0x0000000000012874       0xc8 board/sunxi/built-in.o
                0x0000000000012874                nanopi_spl_read_gpio
 .text.nanopi_spl_read_extra_gpio
                0x000000000001293c       0xd0 board/sunxi/built-in.o
                0x000000000001293c                nanopi_spl_read_extra_gpio
 .text.nanopi_spl_get_board
                0x0000000000012a0c       0x84 board/sunxi/built-in.o
                0x0000000000012a0c                nanopi_spl_get_board
 .text.sunxi_board_init
                0x0000000000012a90      0x108 board/sunxi/built-in.o
                0x0000000000012a90                sunxi_board_init
 .text.board_fit_config_name_match
                0x0000000000012b98       0xbc board/sunxi/built-in.o
                0x0000000000012b98                board_fit_config_name_match
 .text.show_boot_progress
                0x0000000000012c54        0x4 common/spl/built-in.o
                0x0000000000012c54                show_boot_progress
 .text.spl_board_prepare_for_boot
                0x0000000000012c58        0x4 common/spl/built-in.o
                0x0000000000012c58                spl_board_prepare_for_boot
 .text.spl_set_header_raw_uboot
                0x0000000000012c5c       0x28 common/spl/built-in.o
                0x0000000000012c5c                spl_set_header_raw_uboot
 .text.spl_parse_image_header
                0x0000000000012c84       0x88 common/spl/built-in.o
                0x0000000000012c84                spl_parse_image_header
 .text.jump_to_image_no_args
                0x0000000000012d0c       0x10 common/spl/built-in.o
                0x0000000000012d0c                jump_to_image_no_args
 .text.spl_init
                0x0000000000012d1c       0x18 common/spl/built-in.o
                0x0000000000012d1c                spl_init
 .text.board_boot_order
                0x0000000000012d34       0x24 common/spl/built-in.o
                0x0000000000012d34                board_boot_order
 .text.board_init_r
                0x0000000000012d58      0x140 common/spl/built-in.o
                0x0000000000012d58                board_init_r
 .text.preloader_console_init
                0x0000000000012e98       0x3c common/spl/built-in.o
                0x0000000000012e98                preloader_console_init
 .text.spl_relocate_stack_gd
                0x0000000000012ed4       0x48 common/spl/built-in.o
                0x0000000000012ed4                spl_relocate_stack_gd
 .text.fdt_getprop_u32
                0x0000000000012f1c       0x34 common/spl/built-in.o
 .text.spl_fit_get_image_node
                0x0000000000012f50      0x19c common/spl/built-in.o
 .text.spl_load_fit_image
                0x00000000000130ec      0x164 common/spl/built-in.o
 .text.spl_load_simple_fit
                0x0000000000013250      0x1f4 common/spl/built-in.o
                0x0000000000013250                spl_load_simple_fit
 .text.h_spl_load_read
                0x0000000000013444       0x44 common/spl/built-in.o
 .text.spl_mmc_get_device_index
                0x0000000000013488       0x44 common/spl/built-in.o
                0x0000000000013488                spl_mmc_get_device_index
 .text.spl_mmc_load_image
                0x00000000000134cc      0x1f0 common/spl/built-in.o
                0x00000000000134cc                spl_mmc_load_image
 .text.board_init_f_alloc_reserve
                0x00000000000136bc        0xc common/init/built-in.o
                0x00000000000136bc                board_init_f_alloc_reserve
 .text.board_init_f_init_reserve
                0x00000000000136c8       0x30 common/init/built-in.o
                0x00000000000136c8                board_init_f_init_reserve
 .text.putc     0x00000000000136f8       0x30 common/built-in.o
                0x00000000000136f8                putc
 .text.puts     0x0000000000013728       0x2c common/built-in.o
                0x0000000000013728                puts
 .text.malloc_simple
                0x0000000000013754       0x38 common/built-in.o
                0x0000000000013754                malloc_simple
 .text.calloc   0x000000000001378c       0x34 common/built-in.o
                0x000000000001378c                calloc
 .text.fdt_check_header
                0x00000000000137c0       0x74 lib/built-in.o
                0x00000000000137c0                fdt_check_header
 .text.fdt_offset_ptr
                0x0000000000013834       0x74 lib/built-in.o
                0x0000000000013834                fdt_offset_ptr
 .text.fdt_next_tag
                0x00000000000138a8       0xe0 lib/built-in.o
                0x00000000000138a8                fdt_next_tag
 .text._fdt_check_node_offset
                0x0000000000013988       0x40 lib/built-in.o
                0x0000000000013988                _fdt_check_node_offset
 .text._fdt_check_prop_offset
                0x00000000000139c8       0x40 lib/built-in.o
                0x00000000000139c8                _fdt_check_prop_offset
 .text.fdt_next_node
                0x0000000000013a08       0xb0 lib/built-in.o
                0x0000000000013a08                fdt_next_node
 .text.fdt_first_subnode
                0x0000000000013ab8       0x34 lib/built-in.o
                0x0000000000013ab8                fdt_first_subnode
 .text.fdt_next_subnode
                0x0000000000013aec       0x5c lib/built-in.o
                0x0000000000013aec                fdt_next_subnode
 .text.fdt_path_next_separator
                0x0000000000013b48       0x68 lib/built-in.o
 .text._nextprop
                0x0000000000013bb0       0x64 lib/built-in.o
 .text.fdt_string
                0x0000000000013c14       0x14 lib/built-in.o
                0x0000000000013c14                fdt_string
 .text.fdt_subnode_offset_namelen
                0x0000000000013c28       0xec lib/built-in.o
                0x0000000000013c28                fdt_subnode_offset_namelen
 .text.fdt_subnode_offset
                0x0000000000013d14       0x44 lib/built-in.o
                0x0000000000013d14                fdt_subnode_offset
 .text.fdt_first_property_offset
                0x0000000000013d58       0x38 lib/built-in.o
                0x0000000000013d58                fdt_first_property_offset
 .text.fdt_next_property_offset
                0x0000000000013d90       0x38 lib/built-in.o
                0x0000000000013d90                fdt_next_property_offset
 .text.fdt_get_property_by_offset
                0x0000000000013dc8       0x64 lib/built-in.o
                0x0000000000013dc8                fdt_get_property_by_offset
 .text.fdt_get_property_namelen
                0x0000000000013e2c       0xd4 lib/built-in.o
                0x0000000000013e2c                fdt_get_property_namelen
 .text.fdt_getprop_namelen
                0x0000000000013f00       0x20 lib/built-in.o
                0x0000000000013f00                fdt_getprop_namelen
 .text.fdt_getprop
                0x0000000000013f20       0x4c lib/built-in.o
                0x0000000000013f20                fdt_getprop
 .text.fdt_get_alias_namelen
                0x0000000000013f6c       0x64 lib/built-in.o
                0x0000000000013f6c                fdt_get_alias_namelen
 .text.fdt_path_offset_namelen
                0x0000000000013fd0       0xfc lib/built-in.o
                0x0000000000013fd0                fdt_path_offset_namelen
 .text.fdt_path_offset
                0x00000000000140cc       0x34 lib/built-in.o
                0x00000000000140cc                fdt_path_offset
 .text.hang     0x0000000000014100       0x20 lib/built-in.o
                0x0000000000014100                hang
 .text.strcmp   0x0000000000014120       0x28 lib/built-in.o
                0x0000000000014120                strcmp
 .text.strchr   0x0000000000014148       0x28 lib/built-in.o
                0x0000000000014148                strchr
 .text.strlen   0x0000000000014170       0x1c lib/built-in.o
                0x0000000000014170                strlen
 .text.strnlen  0x000000000001418c       0x28 lib/built-in.o
                0x000000000001418c                strnlen
 .text.memset   0x00000000000141b4       0x70 lib/built-in.o
                0x00000000000141b4                memset
 .text.memcpy   0x0000000000014224       0x70 lib/built-in.o
                0x0000000000014224                memcpy
 .text.memcmp   0x0000000000014294       0x30 lib/built-in.o
                0x0000000000014294                memcmp
 .text.strstr   0x00000000000142c4       0x68 lib/built-in.o
                0x00000000000142c4                strstr
 .text.memchr   0x000000000001432c       0x30 lib/built-in.o
                0x000000000001432c                memchr
 .text.timer_init
                0x000000000001435c        0x8 lib/built-in.o
                0x000000000001435c                timer_init
 .text.get_timer
                0x0000000000014364       0x3c lib/built-in.o
                0x0000000000014364                get_timer
 .text.timer_get_us
                0x00000000000143a0       0x38 lib/built-in.o
                0x00000000000143a0                timer_get_us
 .text.__udelay
                0x00000000000143d8       0x4c lib/built-in.o
                0x00000000000143d8                __udelay
 .text.udelay   0x0000000000014424       0x44 lib/built-in.o
                0x0000000000014424                udelay
 .text.putc_outstr
                0x0000000000014468       0x14 lib/built-in.o
 .text.putc_normal
                0x000000000001447c        0x8 lib/built-in.o
 .text.div_out  0x0000000000014484       0x60 lib/built-in.o
 .text._vprintf
                0x00000000000144e4      0x490 lib/built-in.o
 .text.vprintf  0x0000000000014974       0x44 lib/built-in.o
                0x0000000000014974                vprintf
 .text.printf   0x00000000000149b8       0x8c lib/built-in.o
                0x00000000000149b8                printf
 .text.sprintf  0x0000000000014a44       0x90 lib/built-in.o
                0x0000000000014a44                sprintf
 .text.panic_finish
                0x0000000000014ad4       0x34 lib/built-in.o
 .text.panic    0x0000000000014b08       0x74 lib/built-in.o
                0x0000000000014b08                panic
 .text.simple_strtoul
                0x0000000000014b7c       0xc8 lib/built-in.o
                0x0000000000014b7c                simple_strtoul
 .text.simple_strtol
                0x0000000000014c44       0x2c lib/built-in.o
                0x0000000000014c44                simple_strtol
 .text.part_init
                0x0000000000014c70       0x7c disk/built-in.o
                0x0000000000014c70                part_init
 .text.gpio_request
                0x0000000000014cec        0x8 drivers/built-in.o
                0x0000000000014cec                gpio_request
 .text.gpio_free
                0x0000000000014cf4        0x8 drivers/built-in.o
                0x0000000000014cf4                gpio_free
 .text.gpio_direction_input
                0x0000000000014cfc       0x1c drivers/built-in.o
                0x0000000000014cfc                gpio_direction_input
 .text.gpio_get_value
                0x0000000000014d18       0x44 drivers/built-in.o
                0x0000000000014d18                gpio_get_value
 .text.sunxi_name_to_gpio
                0x0000000000014d5c       0xb4 drivers/built-in.o
                0x0000000000014d5c                sunxi_name_to_gpio
 .text.sunxi_name_to_gpio_bank
                0x0000000000014e10       0x44 drivers/built-in.o
                0x0000000000014e10                sunxi_name_to_gpio_bank
 .text.mmc_berase
                0x0000000000014e54        0x8 drivers/built-in.o
 .text.mmc_bwrite
                0x0000000000014e5c        0x8 drivers/built-in.o
 .text.find_mmc_device
                0x0000000000014e64       0x58 drivers/built-in.o
                0x0000000000014e64                find_mmc_device
 .text.mmc_select_hwpartp
                0x0000000000014ebc       0x64 drivers/built-in.o
 .text.mmc_get_dev
                0x0000000000014f20       0x40 drivers/built-in.o
 .text.mmc_get_next_devnum
                0x0000000000014f60       0x14 drivers/built-in.o
                0x0000000000014f60                mmc_get_next_devnum
 .text.mmc_get_blk_desc
                0x0000000000014f74        0x8 drivers/built-in.o
                0x0000000000014f74                mmc_get_blk_desc
 .text.mmc_do_preinit
                0x0000000000014f7c       0x44 drivers/built-in.o
                0x0000000000014f7c                mmc_do_preinit
 .text.mmc_list_init
                0x0000000000014fc0       0x1c drivers/built-in.o
                0x0000000000014fc0                mmc_list_init
 .text.mmc_list_add
                0x0000000000014fdc       0x20 drivers/built-in.o
                0x0000000000014fdc                mmc_list_add
 .text.mmc_create
                0x0000000000014ffc       0xd0 drivers/built-in.o
                0x0000000000014ffc                mmc_create
 .text.mmc_set_ios
                0x00000000000150cc       0x18 drivers/built-in.o
 .text.mmc_set_capacity
                0x00000000000150e4       0x84 drivers/built-in.o
 .text.board_mmc_getcd
                0x0000000000015168        0x8 drivers/built-in.o
                0x0000000000015168                board_mmc_getcd
 .text.mmc_send_cmd
                0x0000000000015170       0x10 drivers/built-in.o
                0x0000000000015170                mmc_send_cmd
 .text.mmc_send_ext_csd
                0x0000000000015180       0x40 drivers/built-in.o
 .text.mmc_go_idle
                0x00000000000151c0       0x50 drivers/built-in.o
 .text.mmc_send_op_cond_iter
                0x0000000000015210       0x74 drivers/built-in.o
 .text.mmc_send_status
                0x0000000000015284       0xd4 drivers/built-in.o
                0x0000000000015284                mmc_send_status
 .text.mmc_set_blocklen
                0x0000000000015358       0x3c drivers/built-in.o
                0x0000000000015358                mmc_set_blocklen
 .text.mmc_bread
                0x0000000000015394      0x18c drivers/built-in.o
                0x0000000000015394                mmc_bread
 .text.mmc_switch
                0x0000000000015520       0x6c drivers/built-in.o
                0x0000000000015520                mmc_switch
 .text.mmc_switch_part
                0x000000000001558c       0x7c drivers/built-in.o
                0x000000000001558c                mmc_switch_part
 .text.mmc_getcd
                0x0000000000015608       0x48 drivers/built-in.o
                0x0000000000015608                mmc_getcd
 .text.mmc_set_clock
                0x0000000000015650       0x24 drivers/built-in.o
                0x0000000000015650                mmc_set_clock
 .text.mmc_startup
                0x0000000000015674      0xb30 drivers/built-in.o
 .text.board_mmc_power_init
                0x00000000000161a4        0x4 drivers/built-in.o
                0x00000000000161a4                board_mmc_power_init
 .text.mmc_start_init
                0x00000000000161a8      0x244 drivers/built-in.o
                0x00000000000161a8                mmc_start_init
 .text.mmc_init
                0x00000000000163ec      0x128 drivers/built-in.o
                0x00000000000163ec                mmc_init
 .text.cpu_mmc_init
                0x0000000000016514        0x8 drivers/built-in.o
                0x0000000000016514                cpu_mmc_init
 .text.mmc_initialize
                0x000000000001651c       0x58 drivers/built-in.o
                0x000000000001651c                mmc_initialize
 .text.sunxi_mmc_core_init
                0x0000000000016574       0x30 drivers/built-in.o
 .text.sunxi_mmc_getcd_gpio
                0x00000000000165a4       0x40 drivers/built-in.o
 .text.sunxi_mmc_getcd
                0x00000000000165e4       0x34 drivers/built-in.o
 .text.mmc_update_clk.isra.1
                0x0000000000016618       0x7c drivers/built-in.o
 .text.mmc_rint_wait.isra.3
                0x0000000000016694       0x70 drivers/built-in.o
 .text.sunxi_mmc_send_cmd
                0x0000000000016704      0x324 drivers/built-in.o
 .text.mmc_set_mod_clk
                0x0000000000016a28      0x108 drivers/built-in.o
 .text.sunxi_mmc_set_ios
                0x0000000000016b30       0xf4 drivers/built-in.o
 .text.sunxi_mmc_init
                0x0000000000016c24      0x224 drivers/built-in.o
                0x0000000000016c24                sunxi_mmc_init
 .text.get_current
                0x0000000000016e48       0x40 drivers/built-in.o
 .text.serial_init
                0x0000000000016e88       0x24 drivers/built-in.o
                0x0000000000016e88                serial_init
 .text.serial_putc
                0x0000000000016eac       0x28 drivers/built-in.o
                0x0000000000016eac                serial_putc
 .text.serial_puts
                0x0000000000016ed4       0x28 drivers/built-in.o
                0x0000000000016ed4                serial_puts
 .text._serial_putc
                0x0000000000016efc       0x50 drivers/built-in.o
 .text.eserial2_putc
                0x0000000000016f4c        0x8 drivers/built-in.o
 .text._serial_puts
                0x0000000000016f54       0x38 drivers/built-in.o
 .text.eserial2_puts
                0x0000000000016f8c        0x8 drivers/built-in.o
 .text._serial_setbrg
                0x0000000000016f94       0x44 drivers/built-in.o
 .text.eserial2_setbrg
                0x0000000000016fd8        0x8 drivers/built-in.o
 .text.eserial2_init
                0x0000000000016fe0       0x44 drivers/built-in.o
 .text.eserial2_getc
                0x0000000000017024       0x20 drivers/built-in.o
 .text.eserial2_tstc
                0x0000000000017044        0xc drivers/built-in.o
 .text.default_serial_console
                0x0000000000017050        0xc drivers/built-in.o
                0x0000000000017050                default_serial_console
 .text.ns16550_calc_divisor
                0x000000000001705c       0x10 drivers/built-in.o
                0x000000000001705c                ns16550_calc_divisor
 .text.NS16550_init
                0x000000000001706c       0x68 drivers/built-in.o
                0x000000000001706c                NS16550_init
 .text.NS16550_reinit
                0x00000000000170d4       0x70 drivers/built-in.o
                0x00000000000170d4                NS16550_reinit
 .text.NS16550_putc
                0x0000000000017144       0x20 drivers/built-in.o
                0x0000000000017144                NS16550_putc
 .text.NS16550_getc
                0x0000000000017164       0x20 drivers/built-in.o
                0x0000000000017164                NS16550_getc
 .text.NS16550_tstc
                0x0000000000017184       0x14 drivers/built-in.o
                0x0000000000017184                NS16550_tstc
 .text.spi0_pinmux_setup
                0x0000000000017198       0x48 drivers/built-in.o
 .text.spi0_read_data.constprop.1
                0x00000000000171e0      0x12c drivers/built-in.o
 .text.spl_spi_load_image
                0x000000000001730c      0x110 drivers/built-in.o
 .text.blk_driver_lookup_type
                0x000000000001741c       0x58 drivers/built-in.o
                0x000000000001741c                blk_driver_lookup_type
 .text.blk_dselect_hwpart
                0x0000000000017474       0x48 drivers/built-in.o
                0x0000000000017474                blk_dselect_hwpart

.iplt           0x00000000000174bc        0x0
 .iplt          0x00000000000174bc        0x0 arch/arm/cpu/armv8/start.o

.rodata         0x00000000000174c0      0x97c
                0x00000000000174c0                . = ALIGN (0x8)
 *(SORT(.rodata*))
 .rodata        0x00000000000174c0       0x7c arch/arm/mach-sunxi/built-in.o
 *fill*         0x000000000001753c        0x4 
 .rodata        0x0000000000017540       0x98 board/sunxi/built-in.o
 .rodata        0x00000000000175d8       0x14 common/spl/built-in.o
 *fill*         0x00000000000175ec        0x4 
 .rodata.__func__.6801
                0x00000000000175f0       0x19 common/spl/built-in.o
 *fill*         0x0000000000017609        0x7 
 .rodata.__func__.8649
                0x0000000000017610        0x9 drivers/built-in.o
 *fill*         0x0000000000017619        0x7 
 .rodata._ctype
                0x0000000000017620      0x100 lib/built-in.o
                0x0000000000017620                _ctype
 .rodata.ext_csd_bits.8615
                0x0000000000017720       0x14 drivers/built-in.o
 *fill*         0x0000000000017734        0x4 
 .rodata.ext_to_hostcaps.8616
                0x0000000000017738       0x1c drivers/built-in.o
 *fill*         0x0000000000017754        0x4 
 .rodata.fbase  0x0000000000017758       0x10 drivers/built-in.o
 .rodata.multipliers
                0x0000000000017768       0x10 drivers/built-in.o
 .rodata.sd_au_size
                0x0000000000017778       0x40 drivers/built-in.o
 .rodata.serial_ports
                0x00000000000177b8       0x30 drivers/built-in.o
 .rodata.sunxi_mmc_ops
                0x00000000000177e8       0x28 drivers/built-in.o
 .rodata.widths.8617
                0x0000000000017810       0x14 drivers/built-in.o
 .rodata.fdt_next_tag
                0x0000000000017824        0x9 lib/built-in.o
 *fill*         0x000000000001782d        0x3 
 .rodata.mmc_set_capacity
                0x0000000000017830        0x8 drivers/built-in.o
 .rodata.mmc_startup
                0x0000000000017838       0x18 drivers/built-in.o
 .rodata.spl_boot_device
                0x0000000000017850        0x4 arch/arm/mach-sunxi/built-in.o
 .rodata.sunxi_mmc_getcd_gpio
                0x0000000000017854        0x4 drivers/built-in.o
 .rodata.sunxi_mmc_init
                0x0000000000017858        0x4 drivers/built-in.o
 .rodata.board_fit_config_name_match.str1.1
                0x000000000001785c       0x23 board/sunxi/built-in.o
 .rodata.board_init.str1.1
                0x000000000001787f        0xf board/sunxi/built-in.o
                                         0x10 (size before relaxing)
 .rodata.board_init_r.str1.1
                0x000000000001788e       0x62 common/spl/built-in.o
 .rodata.do_bad_error.str1.1
                0x00000000000178f0       0x29 arch/arm/lib/built-in.o
 .rodata.do_bad_fiq.str1.1
                0x0000000000017919       0x27 arch/arm/lib/built-in.o
 .rodata.do_bad_irq.str1.1
                0x0000000000017940       0x27 arch/arm/lib/built-in.o
 .rodata.do_bad_sync.str1.1
                0x0000000000017967       0x48 arch/arm/lib/built-in.o
 .rodata.do_error.str1.1
                0x00000000000179af       0x48 arch/arm/lib/built-in.o
                                         0x1d (size before relaxing)
 .rodata.do_fiq.str1.1
                0x00000000000179af       0x48 arch/arm/lib/built-in.o
                                         0x1b (size before relaxing)
 .rodata.do_irq.str1.1
                0x00000000000179af       0x48 arch/arm/lib/built-in.o
                                         0x1b (size before relaxing)
 .rodata.do_reset.str1.1
                0x00000000000179af        0xf arch/arm/lib/built-in.o
 .rodata.do_sync.str1.1
                0x00000000000179be       0x48 arch/arm/lib/built-in.o
                                         0x29 (size before relaxing)
 .rodata.fdt_get_alias_namelen.str1.1
                0x00000000000179be        0x9 lib/built-in.o
 .rodata.find_mmc_device.str1.1
                0x00000000000179c7       0x19 drivers/built-in.o
 .rodata.get_current.str1.1
                0x00000000000179e0       0x15 drivers/built-in.o
 .rodata.hang.str1.1
                0x00000000000179f5       0x2a lib/built-in.o
 .rodata.mctl_await_completion.str1.1
                0x0000000000017a1f       0x1b arch/arm/mach-sunxi/built-in.o
 .rodata.mmc_bread.str1.1
                0x0000000000017a3a       0x47 drivers/built-in.o
 .rodata.mmc_init.str1.1
                0x0000000000017a81       0x12 drivers/built-in.o
 .rodata.mmc_send_status.str1.1
                0x0000000000017a93       0x32 drivers/built-in.o
 .rodata.mmc_set_mod_clk.str1.1
                0x0000000000017ac5       0x25 drivers/built-in.o
 .rodata.mmc_start_init.str1.1
                0x0000000000017aea       0x3f drivers/built-in.o
 .rodata.mmc_startup.str1.1
                0x0000000000017b29       0x15 drivers/built-in.o
 .rodata.nanopi_spl_get_board.str1.1
                0x0000000000017b3e       0x18 board/sunxi/built-in.o
 .rodata.nanopi_spl_read_gpio.str1.1
                0x0000000000017b56       0x24 board/sunxi/built-in.o
 .rodata.preloader_console_init.str1.1
                0x0000000000017b7a       0x3d common/spl/built-in.o
 .rodata.show_regs.str1.1
                0x0000000000017bb7       0x39 arch/arm/lib/built-in.o
                                         0x3b (size before relaxing)
 .rodata.spl_boot_device.str1.1
                0x0000000000017bf0       0x21 arch/arm/mach-sunxi/built-in.o
 .rodata.spl_fit_get_image_node.str1.1
                0x0000000000017c11       0x6d common/spl/built-in.o
 .rodata.spl_load_fit_image.str1.1
                0x0000000000017c7e       0x21 common/spl/built-in.o
 .rodata.spl_load_simple_fit.str1.1
                0x0000000000017c9f       0x1f common/spl/built-in.o
 .rodata.spl_mmc_get_device_index.str1.1
                0x0000000000017cbe       0x23 common/spl/built-in.o
 .rodata.spl_mmc_load_image.str1.1
                0x0000000000017ce1       0xe8 common/spl/built-in.o
 .rodata.spl_set_header_raw_uboot.str1.1
                0x0000000000017dc9        0x7 common/spl/built-in.o
 .rodata.str1.1
                0x0000000000017dd0       0x11 common/spl/built-in.o
 .rodata.str1.1
                0x0000000000017de1        0xe drivers/built-in.o
 .rodata.sunxi_board_init.str1.1
                0x0000000000017def       0x20 board/sunxi/built-in.o
 .rodata.sunxi_mmc_getcd_gpio.str1.1
                0x0000000000017e0f        0x4 drivers/built-in.o
                                          0x5 (size before relaxing)
 .rodata.sunxi_mmc_init.str1.1
                0x0000000000017e13       0x29 drivers/built-in.o

.rela.dyn       0x0000000000017e40        0x0
 .rela.iplt     0x0000000000017e40        0x0 arch/arm/cpu/armv8/start.o

.data           0x0000000000017e40       0xf0
                0x0000000000017e40                . = ALIGN (0x8)
 *(.data*)
 .data          0x0000000000017e40       0x98 common/spl/built-in.o
 .data.cur_dev_num
                0x0000000000017ed8        0x4 drivers/built-in.o
 *fill*         0x0000000000017edc        0x4 
 .data.eserial2_device
                0x0000000000017ee0       0x50 drivers/built-in.o
                0x0000000000017ee0                eserial2_device

.igot.plt       0x0000000000017f30        0x0
 .igot.plt      0x0000000000017f30        0x0 arch/arm/cpu/armv8/start.o

.u_boot_list    0x0000000000017f30       0x88
                0x0000000000017f30                . = ALIGN (0x8)
 *(SORT(.u_boot_list*))
 .u_boot_list_2_blk_driver_1
                0x0000000000017f30        0x0 drivers/built-in.o
 .u_boot_list_2_blk_driver_2_mmc
                0x0000000000017f30       0x28 drivers/built-in.o
                0x0000000000017f30                _u_boot_list_2_blk_driver_2_mmc
 .u_boot_list_2_blk_driver_3
                0x0000000000017f58        0x0 drivers/built-in.o
 .u_boot_list_2_cmd_1
                0x0000000000017f58        0x0 common/built-in.o
 .u_boot_list_2_cmd_3
                0x0000000000017f58        0x0 common/built-in.o
 .u_boot_list_2_fit_loadable_1
                0x0000000000017f58        0x0 common/built-in.o
 .u_boot_list_2_fit_loadable_3
                0x0000000000017f58        0x0 common/built-in.o
 .u_boot_list_2_part_driver_1
                0x0000000000017f58        0x0 disk/built-in.o
 .u_boot_list_2_part_driver_3
                0x0000000000017f58        0x0 disk/built-in.o
 .u_boot_list_2_spl_image_loader_1
                0x0000000000017f58        0x0 common/spl/built-in.o
 .u_boot_list_2_spl_image_loader_2_spl_mmc_load_image0BOOT_DEVICE_MMC1
                0x0000000000017f58       0x18 common/spl/built-in.o
                0x0000000000017f58                _u_boot_list_2_spl_image_loader_2_spl_mmc_load_image0BOOT_DEVICE_MMC1
 .u_boot_list_2_spl_image_loader_2_spl_mmc_load_image0BOOT_DEVICE_MMC2
                0x0000000000017f70       0x18 common/spl/built-in.o
                0x0000000000017f70                _u_boot_list_2_spl_image_loader_2_spl_mmc_load_image0BOOT_DEVICE_MMC2
 .u_boot_list_2_spl_image_loader_2_spl_mmc_load_image0BOOT_DEVICE_MMC2_2
                0x0000000000017f88       0x18 common/spl/built-in.o
                0x0000000000017f88                _u_boot_list_2_spl_image_loader_2_spl_mmc_load_image0BOOT_DEVICE_MMC2_2
 .u_boot_list_2_spl_image_loader_2_spl_spi_load_image0BOOT_DEVICE_SPI
                0x0000000000017fa0       0x18 drivers/built-in.o
                0x0000000000017fa0                _u_boot_list_2_spl_image_loader_2_spl_spi_load_image0BOOT_DEVICE_SPI
 .u_boot_list_2_spl_image_loader_3
                0x0000000000017fb8        0x0 common/spl/built-in.o

.image_copy_end
                0x0000000000017fb8        0x0
                0x0000000000017fb8                . = ALIGN (0x8)
 *(.__image_copy_end)

.end            0x0000000000017fb8        0x0
                0x0000000000017fb8                . = ALIGN (0x8)
 *(.__end)
 .__end         0x0000000000017fb8        0x0 arch/arm/lib/built-in.o
                0x0000000000017fb8                _end
                0x0000000000017fb8                _image_binary_end = .

.bss_start      0x000000004ff80000        0x0
                0x000000004ff80000                . = ALIGN (0x8)
 *(.__bss_start)
 .__bss_start   0x000000004ff80000        0x0 arch/arm/lib/built-in.o
                0x000000004ff80000                __bss_start

.bss            0x000000004ff80000      0x158
 *(.bss*)
 .bss.stdio_devices
                0x000000004ff80000       0x18 common/built-in.o
                0x000000004ff80000                stdio_devices
 .bss.mmc_devices
                0x000000004ff80018       0x10 drivers/built-in.o
 .bss.initialized.8670
                0x000000004ff80028        0x4 drivers/built-in.o
 *fill*         0x000000004ff8002c        0x4 
 .bss.mmc_host  0x000000004ff80030      0x120 drivers/built-in.o
                0x000000004ff80030                mmc_host
 .bss.serial_current
                0x000000004ff80150        0x8 drivers/built-in.o
                0x000000004ff80158                . = ALIGN (0x8)

.bss_end        0x000000004ff80158        0x0
 *(.__bss_end)
 .__bss_end     0x000000004ff80158        0x0 arch/arm/lib/built-in.o
                0x000000004ff80158                __bss_end

/DISCARD/
 *(.dynsym)
 *(.dynstr*)
 *(.dynamic*)
 *(.plt*)
 *(.interp*)
 *(.gnu*)
Address of section .text set to 0x10060
LOAD arch/arm/cpu/armv8/start.o
START GROUP
LOAD arch/arm/mach-sunxi/built-in.o
LOAD arch/arm/cpu/armv8/built-in.o
LOAD arch/arm/cpu/built-in.o
LOAD arch/arm/lib/built-in.o
LOAD board/sunxi/built-in.o
LOAD common/spl/built-in.o
LOAD common/init/built-in.o
LOAD common/built-in.o
LOAD cmd/built-in.o
LOAD lib/built-in.o
LOAD disk/built-in.o
LOAD drivers/built-in.o
LOAD dts/built-in.o
LOAD fs/built-in.o
END GROUP
LOAD /root/Workspace/tools/toolchains/gcc-linaro-6.4.1-2017.11-x86_64_aarch64-linux-gnu/bin/../lib/gcc/aarch64-linux-gnu/6.4.1/libgcc.a
OUTPUT(u-boot-spl elf64-littleaarch64)

.debug_line     0x0000000000000000     0xe6bb
 .debug_line    0x0000000000000000       0xb3 arch/arm/cpu/armv8/start.o
 .debug_line    0x00000000000000b3     0x16e4 arch/arm/mach-sunxi/built-in.o
 .debug_line    0x0000000000001797      0xfae arch/arm/cpu/armv8/built-in.o
 .debug_line    0x0000000000002745      0xbb6 arch/arm/lib/built-in.o
 .debug_line    0x00000000000032fb      0x515 board/sunxi/built-in.o
 .debug_line    0x0000000000003810      0x984 common/spl/built-in.o
 .debug_line    0x0000000000004194      0x1a8 common/init/built-in.o
 .debug_line    0x000000000000433c     0x3bb0 common/built-in.o
 .debug_line    0x0000000000007eec     0x4015 lib/built-in.o
 .debug_line    0x000000000000bf01      0x410 disk/built-in.o
 .debug_line    0x000000000000c311     0x23aa drivers/built-in.o

.debug_info     0x0000000000000000    0x66b19
 .debug_info    0x0000000000000000       0x97 arch/arm/cpu/armv8/start.o
 .debug_info    0x0000000000000097     0xd973 arch/arm/mach-sunxi/built-in.o
 .debug_info    0x000000000000da0a     0x5a5d arch/arm/cpu/armv8/built-in.o
 .debug_info    0x0000000000013467     0x5de5 arch/arm/lib/built-in.o
 .debug_info    0x000000000001924c     0x3215 board/sunxi/built-in.o
 .debug_info    0x000000000001c461     0x5ed4 common/spl/built-in.o
 .debug_info    0x0000000000022335      0xe3a common/init/built-in.o
 .debug_info    0x000000000002316f    0x1a000 common/built-in.o
 .debug_info    0x000000000003d16f    0x16709 lib/built-in.o
 .debug_info    0x0000000000053878     0x213d disk/built-in.o
 .debug_info    0x00000000000559b5    0x11164 drivers/built-in.o

.debug_abbrev   0x0000000000000000     0xf616
 .debug_abbrev  0x0000000000000000       0x14 arch/arm/cpu/armv8/start.o
 .debug_abbrev  0x0000000000000014     0x1f41 arch/arm/mach-sunxi/built-in.o
 .debug_abbrev  0x0000000000001f55      0xebc arch/arm/cpu/armv8/built-in.o
 .debug_abbrev  0x0000000000002e11     0x1011 arch/arm/lib/built-in.o
 .debug_abbrev  0x0000000000003e22      0x521 board/sunxi/built-in.o
 .debug_abbrev  0x0000000000004343      0xd71 common/spl/built-in.o
 .debug_abbrev  0x00000000000050b4      0x2b5 common/init/built-in.o
 .debug_abbrev  0x0000000000005369     0x399a common/built-in.o
 .debug_abbrev  0x0000000000008d03     0x3f41 lib/built-in.o
 .debug_abbrev  0x000000000000cc44      0x516 disk/built-in.o
 .debug_abbrev  0x000000000000d15a     0x24bc drivers/built-in.o

.debug_aranges  0x0000000000000000     0x3420
 .debug_aranges
                0x0000000000000000       0x30 arch/arm/cpu/armv8/start.o
 .debug_aranges
                0x0000000000000030      0x460 arch/arm/mach-sunxi/built-in.o
 .debug_aranges
                0x0000000000000490      0x3b0 arch/arm/cpu/armv8/built-in.o
 .debug_aranges
                0x0000000000000840      0x290 arch/arm/lib/built-in.o
 .debug_aranges
                0x0000000000000ad0       0xf0 board/sunxi/built-in.o
 .debug_aranges
                0x0000000000000bc0      0x190 common/spl/built-in.o
 .debug_aranges
                0x0000000000000d50       0x50 common/init/built-in.o
 .debug_aranges
                0x0000000000000da0      0xce0 common/built-in.o
 .debug_aranges
                0x0000000000001a80      0xf90 lib/built-in.o
 .debug_aranges
                0x0000000000002a10       0xb0 disk/built-in.o
 .debug_aranges
                0x0000000000002ac0      0x960 drivers/built-in.o

.comment        0x0000000000000000       0x2d
 .comment       0x0000000000000000       0x2d arch/arm/mach-sunxi/built-in.o
                                        0x1cc (size before relaxing)
 .comment       0x000000000000002d       0xe6 arch/arm/cpu/armv8/built-in.o
 .comment       0x000000000000002d      0x170 arch/arm/lib/built-in.o
 .comment       0x000000000000002d       0x2e board/sunxi/built-in.o
 .comment       0x000000000000002d       0x8a common/spl/built-in.o
 .comment       0x000000000000002d       0x2e common/init/built-in.o
 .comment       0x000000000000002d      0x2b2 common/built-in.o
 .comment       0x000000000000002d      0x4ac lib/built-in.o
 .comment       0x000000000000002d       0x2e disk/built-in.o
 .comment       0x000000000000002d      0x19e drivers/built-in.o

.note.GNU-stack
                0x0000000000000000        0x0
 .note.GNU-stack
                0x0000000000000000        0x0 arch/arm/mach-sunxi/built-in.o
 .note.GNU-stack
                0x0000000000000000        0x0 arch/arm/cpu/armv8/built-in.o
 .note.GNU-stack
                0x0000000000000000        0x0 arch/arm/lib/built-in.o
 .note.GNU-stack
                0x0000000000000000        0x0 board/sunxi/built-in.o
 .note.GNU-stack
                0x0000000000000000        0x0 common/spl/built-in.o
 .note.GNU-stack
                0x0000000000000000        0x0 common/init/built-in.o
 .note.GNU-stack
                0x0000000000000000        0x0 common/built-in.o
 .note.GNU-stack
                0x0000000000000000        0x0 lib/built-in.o
 .note.GNU-stack
                0x0000000000000000        0x0 disk/built-in.o
 .note.GNU-stack
                0x0000000000000000        0x0 drivers/built-in.o

.debug_frame    0x0000000000000000     0x7440
 .debug_frame   0x0000000000000000      0x768 arch/arm/mach-sunxi/built-in.o
 .debug_frame   0x0000000000000768      0x5e0 arch/arm/cpu/armv8/built-in.o
 .debug_frame   0x0000000000000d48      0x360 arch/arm/lib/built-in.o
 .debug_frame   0x00000000000010a8      0x2a0 board/sunxi/built-in.o
 .debug_frame   0x0000000000001348      0x390 common/spl/built-in.o
 .debug_frame   0x00000000000016d8       0x70 common/init/built-in.o
 .debug_frame   0x0000000000001748     0x1f70 common/built-in.o
 .debug_frame   0x00000000000036b8     0x2618 lib/built-in.o
 .debug_frame   0x0000000000005cd0      0x1f0 disk/built-in.o
 .debug_frame   0x0000000000005ec0     0x1580 drivers/built-in.o

.debug_str      0x0000000000000000     0x928d
 .debug_str     0x0000000000000000     0x21a8 arch/arm/mach-sunxi/built-in.o
                                       0x8fbe (size before relaxing)
 .debug_str     0x00000000000021a8      0x5e4 arch/arm/cpu/armv8/built-in.o
                                       0x397d (size before relaxing)
 .debug_str     0x000000000000278c      0x329 arch/arm/lib/built-in.o
                                       0x4a7e (size before relaxing)
 .debug_str     0x0000000000002ab5      0xa09 board/sunxi/built-in.o
                                       0x197d (size before relaxing)
 .debug_str     0x00000000000034be      0xce4 common/spl/built-in.o
                                       0x409f (size before relaxing)
 .debug_str     0x00000000000041a2       0x55 common/init/built-in.o
                                        0xb81 (size before relaxing)
 .debug_str     0x00000000000041f7     0x2b85 common/built-in.o
                                      0x1037f (size before relaxing)
 .debug_str     0x0000000000006d7c     0x137b lib/built-in.o
                                       0xc900 (size before relaxing)
 .debug_str     0x00000000000080f7      0x241 disk/built-in.o
                                        0xf7e (size before relaxing)
 .debug_str     0x0000000000008338      0xf55 drivers/built-in.o
                                       0x989d (size before relaxing)

.debug_loc      0x0000000000000000    0x39999
 .debug_loc     0x0000000000000000     0x3e7a arch/arm/mach-sunxi/built-in.o
 .debug_loc     0x0000000000003e7a     0x228d arch/arm/cpu/armv8/built-in.o
 .debug_loc     0x0000000000006107      0x7b8 arch/arm/lib/built-in.o
 .debug_loc     0x00000000000068bf      0xb00 board/sunxi/built-in.o
 .debug_loc     0x00000000000073bf     0x1d6e common/spl/built-in.o
 .debug_loc     0x000000000000912d      0x18a common/init/built-in.o
 .debug_loc     0x00000000000092b7    0x11319 common/built-in.o
 .debug_loc     0x000000000001a5d0    0x15e6b lib/built-in.o
 .debug_loc     0x000000000003043b     0x16af disk/built-in.o
 .debug_loc     0x0000000000031aea     0x7eaf drivers/built-in.o

.debug_ranges   0x0000000000000000     0x6160
 .debug_ranges  0x0000000000000000      0x900 arch/arm/mach-sunxi/built-in.o
 .debug_ranges  0x0000000000000900      0x790 arch/arm/cpu/armv8/built-in.o
 .debug_ranges  0x0000000000001090      0x1d0 arch/arm/lib/built-in.o
 .debug_ranges  0x0000000000001260      0x150 board/sunxi/built-in.o
 .debug_ranges  0x00000000000013b0      0x450 common/spl/built-in.o
 .debug_ranges  0x0000000000001800       0x40 common/init/built-in.o
 .debug_ranges  0x0000000000001840     0x15c0 common/built-in.o
 .debug_ranges  0x0000000000002e00     0x1cb0 lib/built-in.o
 .debug_ranges  0x0000000000004ab0      0x350 disk/built-in.o
 .debug_ranges  0x0000000000004e00     0x1360 drivers/built-in.o
