board_f.c:219:12:setup_mon_len	0	static
board_f.c:333:12:reserve_round_4k	0	static
board_f.c:410:12:reserve_uboot	0	static
board_f.c:432:12:reserve_malloc	0	static
board_f.c:461:12:reserve_global_data	0	static
board_f.c:470:12:reserve_fdt	0	static
board_f.c:680:12:initf_console_record	0	static
board_f.c:713:12:arch_cpu_init_dm	0	static
board_f.c:177:12:dram_init_banksize	32	static
board_f.c:340:12:reserve_mmu	32	static
board_f.c:143:12:announce_dram_init	16	static
board_f.c:116:12:init_baud_rate	32	static
board_f.c:673:12:mark_bootstage	16	static
board_f.c:689:12:initf_dm	0	static
board_f.c:605:12:setup_reloc	16	static
board_f.c:591:12:reloc_fdt	16	static
board_f.c:441:12:reserve_board	16	static
board_f.c:708:12:reserve_arch	0	static
board_f.c:122:12:display_text_info	0	static
board_f.c:236:12:arch_cpu_init	0	static
board_f.c:241:12:mach_cpu_init	0	static
board_f.c:367:12:reserve_video	0	static
board_f.c:398:12:reserve_trace	0	static
board_f.c:453:12:setup_machine	0	static
board_f.c:509:12:display_new_sp	0	static
board_f.c:66:13:coloured_LED_init	0	static
board_f.c:67:13:red_led_on	0	static
board_f.c:68:13:red_led_off	0	static
board_f.c:69:13:green_led_on	0	static
board_f.c:70:13:green_led_off	0	static
board_f.c:71:13:yellow_led_on	0	static
board_f.c:72:13:yellow_led_off	0	static
board_f.c:73:13:blue_led_on	0	static
board_f.c:74:13:blue_led_off	0	static
board_f.c:111:13:board_add_ram_info	0	static
board_f.c:149:12:show_dram_config	16	static
board_f.c:247:14:board_get_usable_ram_top	0	static
board_f.c:264:12:setup_dest_addr	32	static
board_f.c:491:5:arch_reserve_stacks	0	static
board_f.c:496:12:reserve_stacks	0	static
board_f.c:857:6:board_init_f	16	static
